Archive member included to satisfy reference by file (symbol)

/usr/local/Cellar/arm-gcc-bin/8-2019-q3-update/bin/../lib/gcc/arm-none-eabi/8.3.1/libgcc.a(_udivsi3.o)
                              build/obj/serial_lld.o (__udivsi3)
/usr/local/Cellar/arm-gcc-bin/8-2019-q3-update/bin/../lib/gcc/arm-none-eabi/8.3.1/libgcc.a(_umodsi3.o)
                              build/obj/chprintf.o (__umodsi3)
/usr/local/Cellar/arm-gcc-bin/8-2019-q3-update/bin/../lib/gcc/arm-none-eabi/8.3.1/libgcc.a(_dvmd_tls.o)
                              /usr/local/Cellar/arm-gcc-bin/8-2019-q3-update/bin/../lib/gcc/arm-none-eabi/8.3.1/libgcc.a(_udivsi3.o) (__aeabi_idiv0)
/usr/local/Cellar/arm-gcc-bin/8-2019-q3-update/bin/../lib/gcc/arm-none-eabi/8.3.1/libgcc.a(_arm_addsubdf3.o)
                              build/obj/chprintf.o (__subdf3)
/usr/local/Cellar/arm-gcc-bin/8-2019-q3-update/bin/../lib/gcc/arm-none-eabi/8.3.1/libgcc.a(_arm_muldivdf3.o)
                              build/obj/chprintf.o (__muldf3)
/usr/local/Cellar/arm-gcc-bin/8-2019-q3-update/bin/../lib/gcc/arm-none-eabi/8.3.1/libgcc.a(_arm_fixdfsi.o)
                              build/obj/chprintf.o (__fixdfsi)
/usr/local/Cellar/arm-gcc-bin/8-2019-q3-update/bin/../lib/gcc/arm-none-eabi/8.3.1/libgcc.a(_arm_fixunsdfsi.o)
                              build/obj/main.o (__fixunsdfsi)
/usr/local/Cellar/arm-gcc-bin/8-2019-q3-update/bin/../lib/gcc/arm-none-eabi/8.3.1/libgcc.a(_arm_truncdfsf2.o)
                              build/obj/chprintf.o (__truncdfsf2)
/usr/local/Cellar/arm-gcc-bin/8-2019-q3-update/bin/../lib/gcc/arm-none-eabi/8.3.1/libgcc.a(_arm_addsubsf3.o)
                              build/obj/main.o (__addsf3)
/usr/local/Cellar/arm-gcc-bin/8-2019-q3-update/bin/../lib/gcc/arm-none-eabi/8.3.1/libgcc.a(_arm_muldivsf3.o)
                              build/obj/main.o (__mulsf3)
/usr/local/Cellar/arm-gcc-bin/8-2019-q3-update/bin/../lib/gcc/arm-none-eabi/8.3.1/libgcc.a(_arm_cmpsf2.o)
                              build/obj/chprintf.o (__ltsf2)
/usr/local/Cellar/arm-gcc-bin/8-2019-q3-update/bin/../lib/gcc/arm-none-eabi/8.3.1/libgcc.a(_arm_fixsfsi.o)
                              build/obj/chprintf.o (__fixsfsi)

Allocating common symbols
Common symbol       size              file

I2C0                0x40              build/obj/i2c_lld.o
IOPORT1             0x18              build/obj/pal_lld.o
IOPORT0             0x18              build/obj/pal_lld.o
vtlist              0x10              build/obj/chvt.o
rlist               0x14              build/obj/chschd.o
_idle_thread_wa     0x80              build/obj/chsys.o
SD1                 0x74              build/obj/serial_lld.o

Discarded input sections

 .data          0x0000000000000000        0x0 build/obj/crt0.o
 .bss           0x0000000000000000        0x0 build/obj/crt0.o
 .data          0x0000000000000000        0x0 build/obj/chcoreasm.o
 .bss           0x0000000000000000        0x0 build/obj/chcoreasm.o
 .data          0x0000000000000000        0x0 build/obj/vectors.o
 .bss           0x0000000000000000        0x0 build/obj/vectors.o
 .text          0x0000000000000000        0x0 build/obj/chcore.o
 .data          0x0000000000000000        0x0 build/obj/chcore.o
 .bss           0x0000000000000000        0x0 build/obj/chcore.o
 .text.port_halt
                0x0000000000000000       0x18 build/obj/chcore.o
 .debug_info    0x0000000000000000      0x4b2 build/obj/chcore.o
 .debug_abbrev  0x0000000000000000       0xff build/obj/chcore.o
 .debug_aranges
                0x0000000000000000       0x20 build/obj/chcore.o
 .debug_ranges  0x0000000000000000       0x10 build/obj/chcore.o
 .debug_line    0x0000000000000000      0x1ad build/obj/chcore.o
 .debug_str     0x0000000000000000      0x3c9 build/obj/chcore.o
 .comment       0x0000000000000000       0x77 build/obj/chcore.o
 .debug_frame   0x0000000000000000       0x20 build/obj/chcore.o
 .ARM.attributes
                0x0000000000000000       0x1d build/obj/chcore.o
 .text          0x0000000000000000        0x0 build/obj/chsys.o
 .data          0x0000000000000000        0x0 build/obj/chsys.o
 .bss           0x0000000000000000        0x0 build/obj/chsys.o
 .text          0x0000000000000000        0x0 build/obj/chdebug.o
 .data          0x0000000000000000        0x0 build/obj/chdebug.o
 .bss           0x0000000000000000        0x0 build/obj/chdebug.o
 .debug_info    0x0000000000000000      0x498 build/obj/chdebug.o
 .debug_abbrev  0x0000000000000000       0xe1 build/obj/chdebug.o
 .debug_aranges
                0x0000000000000000       0x18 build/obj/chdebug.o
 .debug_line    0x0000000000000000      0x167 build/obj/chdebug.o
 .debug_str     0x0000000000000000      0x3bd build/obj/chdebug.o
 .comment       0x0000000000000000       0x77 build/obj/chdebug.o
 .ARM.attributes
                0x0000000000000000       0x1d build/obj/chdebug.o
 .text          0x0000000000000000        0x0 build/obj/chlists.o
 .data          0x0000000000000000        0x0 build/obj/chlists.o
[...]
Memory Configuration

Name             Origin             Length             Attributes
ram              0x0000000000008000 0x0000000005ffffe0
*default*        0x0000000000000000 0xffffffffffffffff

Linker script and memory map

LOAD build/obj/crt0.o
LOAD build/obj/chcoreasm.o
LOAD build/obj/vectors.o
LOAD build/obj/chcore.o
LOAD build/obj/chsys.o
LOAD build/obj/chdebug.o
LOAD build/obj/chlists.o
LOAD build/obj/chvt.o
LOAD build/obj/chschd.o
LOAD build/obj/chthreads.o
LOAD build/obj/chdynamic.o
LOAD build/obj/chregistry.o
LOAD build/obj/chsem.o
LOAD build/obj/chmtx.o
LOAD build/obj/chcond.o
LOAD build/obj/chevents.o
LOAD build/obj/chmsg.o
LOAD build/obj/chmboxes.o
LOAD build/obj/chqueues.o
LOAD build/obj/chmemcore.o
LOAD build/obj/chheap.o
LOAD build/obj/chmempools.o
LOAD build/obj/hal.o
LOAD build/obj/adc.o
LOAD build/obj/can.o
LOAD build/obj/ext.o
LOAD build/obj/gpt.o
LOAD build/obj/i2c.o
LOAD build/obj/icu.o
LOAD build/obj/mac.o
LOAD build/obj/mmc_spi.o
LOAD build/obj/mmcsd.o
LOAD build/obj/pal.o
LOAD build/obj/pwm.o
LOAD build/obj/rtc.o
LOAD build/obj/sdc.o
LOAD build/obj/serial.o
LOAD build/obj/serial_usb.o
LOAD build/obj/spi.o
LOAD build/obj/tm.o
LOAD build/obj/uart.o
LOAD build/obj/usb.o
LOAD build/obj/hal_lld.o
LOAD build/obj/pal_lld.o
LOAD build/obj/serial_lld.o
LOAD build/obj/i2c_lld.o
LOAD build/obj/spi_lld.o
LOAD build/obj/gpt_lld.o
LOAD build/obj/pwm_lld.o
LOAD build/obj/bcm2835.o
LOAD build/obj/board.o
LOAD build/obj/chprintf.o
LOAD build/obj/main.o
START GROUP
LOAD /usr/local/Cellar/arm-gcc-bin/8-2019-q3-update/bin/../lib/gcc/arm-none-eabi/8.3.1/libgcc.a
LOAD /usr/local/Cellar/arm-gcc-bin/8-2019-q3-update/bin/../lib/gcc/arm-none-eabi/8.3.1/../../../../arm-none-eabi/lib/libc.a
END GROUP
                0x0000000000000004                __und_stack_size__ = 0x4
                0x0000000000000004                __abt_stack_size__ = 0x4
                0x0000000000000010                __fiq_stack_size__ = 0x10
                0x0000000000000080                __irq_stack_size__ = 0x80
                0x0000000000000004                __svc_stack_size__ = 0x4
                0x0000000000000400                __sys_stack_size__ = 0x400
                0x000000000000049c                __stacks_total_size__ = (((((__und_stack_size__ + __abt_stack_size__) + __fiq_stack_size__) + __irq_stack_size__) + __svc_stack_size__) + __sys_stack_size__)
                0x0000000000008000                __ram_start__ = ORIGIN (ram)
                0x0000000005ffffe0                __ram_size__ = LENGTH (ram)
                0x0000000006007fe0                __ram_end__ = (__ram_start__ + __ram_size__)
                0x0000000000000000                . = 0x0

.text           0x0000000000008000     0x3a5c
                0x0000000000008000                _text = .
 *(vectors)
 vectors        0x0000000000008000       0x40 build/obj/vectors.o
 *(.text)
 .text          0x0000000000008040       0xa8 build/obj/crt0.o
                0x0000000000008040                ResetHandler
                0x00000000000080c0                _main_exit_handler
 *fill*         0x00000000000080e8        0x8 
 .text          0x00000000000080f0       0x84 build/obj/chcoreasm.o
                0x00000000000080f0                _port_switch_arm
                0x0000000000008100                _port_irq_common
                0x0000000000008160                _port_thread_start
 *fill*         0x0000000000008174        0xc 
 .text          0x0000000000008180       0x38 build/obj/vectors.o
                0x0000000000008180                FiqHandler
                0x0000000000008180                UndHandler
                0x0000000000008180                AbortHandler
                0x0000000000008180                _unhandled_exception
                0x0000000000008180                SwiHandler
                0x0000000000008180                PrefetchHandler
                0x0000000000008184                __early_init
                0x00000000000081a0                arm_enable_irq
                0x00000000000081b0                get_cpsr
 *fill*         0x00000000000081b8        0x8 
 .text          0x00000000000081c0      0x114 /usr/local/Cellar/arm-gcc-bin/8-2019-q3-update/bin/../lib/gcc/arm-none-eabi/8.3.1/libgcc.a(_udivsi3.o)
                0x00000000000081c0                __udivsi3
                0x00000000000081c0                __aeabi_uidiv
                0x00000000000082b4                __aeabi_uidivmod
 *fill*         0x00000000000082d4        0xc 
 .text          0x00000000000082e0       0xc8 /usr/local/Cellar/arm-gcc-bin/8-2019-q3-update/bin/../lib/gcc/arm-none-eabi/8.3.1/libgcc.a(_umodsi3.o)
                0x00000000000082e0                __umodsi3
 *fill*         0x00000000000083a8        0x8 
 .text          0x00000000000083b0        0x4 /usr/local/Cellar/arm-gcc-bin/8-2019-q3-update/bin/../lib/gcc/arm-none-eabi/8.3.1/libgcc.a(_dvmd_tls.o)
                0x00000000000083b0                __aeabi_ldiv0
                0x00000000000083b0                __aeabi_idiv0
 *fill*         0x00000000000083b4        0xc 
 .text          0x00000000000083c0      0x424 /usr/local/Cellar/arm-gcc-bin/8-2019-q3-update/bin/../lib/gcc/arm-none-eabi/8.3.1/libgcc.a(_arm_addsubdf3.o)
                0x00000000000083c0                __aeabi_drsub
                0x00000000000083c8                __subdf3
                0x00000000000083c8                __aeabi_dsub
                0x00000000000083cc                __aeabi_dadd
                0x00000000000083cc                __adddf3
                0x00000000000086dc                __aeabi_ui2d
                0x00000000000086dc                __floatunsidf
                0x0000000000008700                __floatsidf
                0x0000000000008700                __aeabi_i2d
                0x0000000000008728                __extendsfdf2
                0x0000000000008728                __aeabi_f2d
                0x0000000000008770                __aeabi_ul2d
                0x0000000000008770                __floatundidf
                0x0000000000008784                __aeabi_l2d
                0x0000000000008784                __floatdidf
 *fill*         0x00000000000087e4        0xc 
 .text          0x00000000000087f0      0x49c /usr/local/Cellar/arm-gcc-bin/8-2019-q3-update/bin/../lib/gcc/arm-none-eabi/8.3.1/libgcc.a(_arm_muldivdf3.o)
                0x00000000000087f0                __aeabi_dmul
                0x00000000000087f0                __muldf3
                0x0000000000008a80                __aeabi_ddiv
                0x0000000000008a80                __divdf3
 *fill*         0x0000000000008c8c        0x4 
 .text          0x0000000000008c90       0x5c /usr/local/Cellar/arm-gcc-bin/8-2019-q3-update/bin/../lib/gcc/arm-none-eabi/8.3.1/libgcc.a(_arm_fixdfsi.o)
                0x0000000000008c90                __fixdfsi
                0x0000000000008c90                __aeabi_d2iz
 *fill*         0x0000000000008cec        0x4 
 .text          0x0000000000008cf0       0x54 /usr/local/Cellar/arm-gcc-bin/8-2019-q3-update/bin/../lib/gcc/arm-none-eabi/8.3.1/libgcc.a(_arm_fixunsdfsi.o)
                0x0000000000008cf0                __fixunsdfsi
                0x0000000000008cf0                __aeabi_d2uiz
 *fill*         0x0000000000008d44        0xc 
 .text          0x0000000000008d50       0xa0 /usr/local/Cellar/arm-gcc-bin/8-2019-q3-update/bin/../lib/gcc/arm-none-eabi/8.3.1/libgcc.a(_arm_truncdfsf2.o)
                0x0000000000008d50                __aeabi_d2f
                0x0000000000008d50                __truncdfsf2
 .text          0x0000000000008df0      0x2ac /usr/local/Cellar/arm-gcc-bin/8-2019-q3-update/bin/../lib/gcc/arm-none-eabi/8.3.1/libgcc.a(_arm_addsubsf3.o)
                0x0000000000008df0                __aeabi_frsub
                0x0000000000008df8                __aeabi_fsub
                0x0000000000008df8                __subsf3
                0x0000000000008dfc                __aeabi_fadd
                0x0000000000008dfc                __addsf3
                0x0000000000008fb8                __aeabi_ui2f
                0x0000000000008fb8                __floatunsisf
                0x0000000000008fc0                __floatsisf
                0x0000000000008fc0                __aeabi_i2f
                0x0000000000008fe0                __aeabi_ul2f
                0x0000000000008fe0                __floatundisf
                0x0000000000008ff0                __aeabi_l2f
                0x0000000000008ff0                __floatdisf
 *fill*         0x000000000000909c        0x4 
 .text          0x00000000000090a0      0x2f8 /usr/local/Cellar/arm-gcc-bin/8-2019-q3-update/bin/../lib/gcc/arm-none-eabi/8.3.1/libgcc.a(_arm_muldivsf3.o)
                0x00000000000090a0                __mulsf3
                0x00000000000090a0                __aeabi_fmul
                0x0000000000009238                __divsf3
                0x0000000000009238                __aeabi_fdiv
 *fill*         0x0000000000009398        0x8 
 .text          0x00000000000093a0      0x114 /usr/local/Cellar/arm-gcc-bin/8-2019-q3-update/bin/../lib/gcc/arm-none-eabi/8.3.1/libgcc.a(_arm_cmpsf2.o)
                0x00000000000093a0                __gesf2
                0x00000000000093a0                __gtsf2
                0x00000000000093a8                __ltsf2
                0x00000000000093a8                __lesf2
                0x00000000000093b0                __nesf2
                0x00000000000093b0                __eqsf2
                0x00000000000093b0                __cmpsf2
                0x0000000000009414                __aeabi_cfrcmple
                0x0000000000009424                __aeabi_cfcmpeq
                0x0000000000009424                __aeabi_cfcmple
                0x000000000000943c                __aeabi_fcmpeq
                0x0000000000009454                __aeabi_fcmplt
                0x000000000000946c                __aeabi_fcmple
                0x0000000000009484                __aeabi_fcmpge
                0x000000000000949c                __aeabi_fcmpgt
 *fill*         0x00000000000094b4        0xc 
 .text          0x00000000000094c0       0x5c /usr/local/Cellar/arm-gcc-bin/8-2019-q3-update/bin/../lib/gcc/arm-none-eabi/8.3.1/libgcc.a(_arm_fixsfsi.o)
                0x00000000000094c0                __fixsfsi
                0x00000000000094c0                __aeabi_f2iz
 *(.text.*)
 *fill*         0x000000000000951c        0x4 
 .text._idle_thread
                0x0000000000009520        0x8 build/obj/chsys.o
                0x0000000000009520                _idle_thread
 *fill*         0x0000000000009528        0x8 
 .text.chSysInit
                0x0000000000009530       0x60 build/obj/chsys.o
                0x0000000000009530                chSysInit
 .text.chSysTimerHandlerI
                0x0000000000009590       0x84 build/obj/chsys.o
                0x0000000000009590                chSysTimerHandlerI
 *fill*         0x0000000000009614        0xc 
 .text._vt_init
                0x0000000000009620       0x24 build/obj/chvt.o
                0x0000000000009620                _vt_init
 *fill*         0x0000000000009644        0xc 
 .text.chVTSetI
                0x0000000000009650       0x64 build/obj/chvt.o
                0x0000000000009650                chVTSetI
 *fill*         0x00000000000096b4        0xc 
 .text.chVTResetI
                0x00000000000096c0       0x3c build/obj/chvt.o
                0x00000000000096c0                chVTResetI
 *fill*         0x00000000000096fc        0x4 
 .text.wakeup   0x0000000000009700       0x68 build/obj/chschd.o
 *fill*         0x0000000000009768        0x8 
 .text._scheduler_init
                0x0000000000009770       0x1c build/obj/chschd.o
                0x0000000000009770                _scheduler_init
 *fill*         0x000000000000978c        0x4 
 .text.chSchReadyI
                0x0000000000009790       0x48 build/obj/chschd.o
                0x0000000000009790                chSchReadyI
 *fill*         0x00000000000097d8        0x8 
 .text.chSchGoSleepS
                0x00000000000097e0       0x44 build/obj/chschd.o
                0x00000000000097e0                chSchGoSleepS
 *fill*         0x0000000000009824        0xc 
 .text.chSchGoSleepTimeoutS
                0x0000000000009830       0x78 build/obj/chschd.o
                0x0000000000009830                chSchGoSleepTimeoutS
 *fill*         0x00000000000098a8        0x8 
 .text.chSchWakeupS
                0x00000000000098b0       0xac build/obj/chschd.o
                0x00000000000098b0                chSchWakeupS
 *fill*         0x000000000000995c        0x4 
 .text.chSchIsPreemptionRequired
                0x0000000000009960       0x44 build/obj/chschd.o
                0x0000000000009960                chSchIsPreemptionRequired
 *fill*         0x00000000000099a4        0xc 
 .text.chSchDoRescheduleBehind
                0x00000000000099b0       0x78 build/obj/chschd.o
                0x00000000000099b0                chSchDoRescheduleBehind
 *fill*         0x0000000000009a28        0x8 
 .text.chSchDoRescheduleAhead
                0x0000000000009a30       0x70 build/obj/chschd.o
                0x0000000000009a30                chSchDoRescheduleAhead
 .text.chSchDoReschedule
                0x0000000000009aa0       0x20 build/obj/chschd.o
                0x0000000000009aa0                chSchDoReschedule
 .text._thread_init
                0x0000000000009ac0       0x34 build/obj/chthreads.o
                0x0000000000009ac0                _thread_init
 *fill*         0x0000000000009af4        0xc 
 .text.chThdCreateStatic
                0x0000000000009b00       0x70 build/obj/chthreads.o
                0x0000000000009b00                chThdCreateStatic
 .text.chThdSleep
                0x0000000000009b70       0x1c build/obj/chthreads.o
                0x0000000000009b70                chThdSleep
 *fill*         0x0000000000009b8c        0x4 
 .text.chThdExitS
                0x0000000000009b90       0x4c build/obj/chthreads.o
                0x0000000000009b90                chThdExitS
 *fill*         0x0000000000009bdc        0x4 
 .text.chThdExit
                0x0000000000009be0        0x8 build/obj/chthreads.o
                0x0000000000009be0                chThdExit
 *fill*         0x0000000000009be8        0x8 
 .text.chThdWait
                0x0000000000009bf0       0x44 build/obj/chthreads.o
                0x0000000000009bf0                chThdWait
 *fill*         0x0000000000009c34        0xc 
 .text.chMtxInit
                0x0000000000009c40       0x14 build/obj/chmtx.o
                0x0000000000009c40                chMtxInit
 *fill*         0x0000000000009c54        0xc 
 .text.chMtxLockS
                0x0000000000009c60      0x134 build/obj/chmtx.o
                0x0000000000009c60                chMtxLockS
 *fill*         0x0000000000009d94        0xc 
 .text.chMtxLock
                0x0000000000009da0       0x14 build/obj/chmtx.o
                0x0000000000009da0                chMtxLock
 *fill*         0x0000000000009db4        0xc 
 .text.chMtxUnlock
                0x0000000000009dc0       0xa0 build/obj/chmtx.o
                0x0000000000009dc0                chMtxUnlock
 .text.chEvtSignalI
                0x0000000000009e60       0x50 build/obj/chevents.o
                0x0000000000009e60                chEvtSignalI
 .text.chEvtBroadcastFlagsI
                0x0000000000009eb0       0x40 build/obj/chevents.o
                0x0000000000009eb0                chEvtBroadcastFlagsI
 .text.qwait    0x0000000000009ef0       0x3c build/obj/chqueues.o
 *fill*         0x0000000000009f2c        0x4 
 .text.chIQInit
                0x0000000000009f30       0x38 build/obj/chqueues.o
                0x0000000000009f30                chIQInit
 *fill*         0x0000000000009f68        0x8 
 .text.chIQPutI
                0x0000000000009f70       0x90 build/obj/chqueues.o
                0x0000000000009f70                chIQPutI
 .text.chIQGetTimeout
                0x000000000000a000       0x74 build/obj/chqueues.o
                0x000000000000a000                chIQGetTimeout
 *fill*         0x000000000000a074        0xc 
 .text.chIQReadTimeout
                0x000000000000a080       0xa8 build/obj/chqueues.o
                0x000000000000a080                chIQReadTimeout
 *fill*         0x000000000000a128        0x8 
 .text.chOQInit
                0x000000000000a130       0x34 build/obj/chqueues.o
                0x000000000000a130                chOQInit
 *fill*         0x000000000000a164        0xc 
 .text.chOQPutTimeout
                0x000000000000a170       0x8c build/obj/chqueues.o
                0x000000000000a170                chOQPutTimeout
 *fill*         0x000000000000a1fc        0x4 
 .text.chOQGetI
                0x000000000000a200       0x80 build/obj/chqueues.o
                0x000000000000a200                chOQGetI
 .text.chOQWriteTimeout
                0x000000000000a280       0xb0 build/obj/chqueues.o
                0x000000000000a280                chOQWriteTimeout
 .text.halInit  0x000000000000a330       0x28 build/obj/hal.o
                0x000000000000a330                halInit
 *fill*         0x000000000000a358        0x8 
 .text.i2cInit  0x000000000000a360        0x4 build/obj/i2c.o
                0x000000000000a360                i2cInit
 *fill*         0x000000000000a364        0xc 
 .text.i2cObjectInit
                0x000000000000a370       0x14 build/obj/i2c.o
                0x000000000000a370                i2cObjectInit
 *fill*         0x000000000000a384        0xc 
 .text.i2cStart
                0x000000000000a390       0x24 build/obj/i2c.o
                0x000000000000a390                i2cStart
 *fill*         0x000000000000a3b4        0xc 
 .text.i2cMasterTransmitTimeout
                0x000000000000a3c0       0x60 build/obj/i2c.o
                0x000000000000a3c0                i2cMasterTransmitTimeout
 .text.i2cMasterReceiveTimeout
                0x000000000000a420       0x4c build/obj/i2c.o
                0x000000000000a420                i2cMasterReceiveTimeout
 *fill*         0x000000000000a46c        0x4 
 .text.i2cAcquireBus
                0x000000000000a470        0x8 build/obj/i2c.o
                0x000000000000a470                i2cAcquireBus
 *fill*         0x000000000000a478        0x8 
 .text.i2cReleaseBus
                0x000000000000a480        0x4 build/obj/i2c.o
                0x000000000000a480                i2cReleaseBus
 *fill*         0x000000000000a484        0xc 
 .text.readt    0x000000000000a490        0x8 build/obj/serial.o
 *fill*         0x000000000000a498        0x8 
 .text.read     0x000000000000a4a0        0xc build/obj/serial.o
 *fill*         0x000000000000a4ac        0x4 
 .text.writet   0x000000000000a4b0        0x8 build/obj/serial.o
 *fill*         0x000000000000a4b8        0x8 
 .text.write    0x000000000000a4c0        0xc build/obj/serial.o
 *fill*         0x000000000000a4cc        0x4 
 .text.gett     0x000000000000a4d0        0x8 build/obj/serial.o
 *fill*         0x000000000000a4d8        0x8 
 .text.get      0x000000000000a4e0        0xc build/obj/serial.o
 *fill*         0x000000000000a4ec        0x4 
 .text.putt     0x000000000000a4f0        0xc build/obj/serial.o
 *fill*         0x000000000000a4fc        0x4 
 .text.put      0x000000000000a500       0x10 build/obj/serial.o
 .text.sdInit   0x000000000000a510        0x4 build/obj/serial.o
                0x000000000000a510                sdInit
 *fill*         0x000000000000a514        0xc 
 .text.sdObjectInit
                0x000000000000a520       0x5c build/obj/serial.o
                0x000000000000a520                sdObjectInit
 *fill*         0x000000000000a57c        0x4 
 .text.sdStart  0x000000000000a580       0x20 build/obj/serial.o
                0x000000000000a580                sdStart
 .text.sdIncomingDataI
                0x000000000000a5a0       0x4c build/obj/serial.o
                0x000000000000a5a0                sdIncomingDataI
 *fill*         0x000000000000a5ec        0x4 
 .text.sdRequestDataI
                0x000000000000a5f0       0x34 build/obj/serial.o
                0x000000000000a5f0                sdRequestDataI
 *fill*         0x000000000000a624        0xc 
 .text.tm_start
                0x000000000000a630       0x14 build/obj/tm.o
 *fill*         0x000000000000a644        0xc 
 .text.tm_stop  0x000000000000a650       0x4c build/obj/tm.o
 *fill*         0x000000000000a69c        0x4 
 .text.tmInit   0x000000000000a6a0       0x64 build/obj/tm.o
                0x000000000000a6a0                tmInit
 *fill*         0x000000000000a704        0xc 
 .text.IrqHandler
                0x000000000000a710       0x34 build/obj/hal_lld.o
                0x000000000000a710                IrqHandler
 *fill*         0x000000000000a744        0xc 
 .text.hal_lld_init
                0x000000000000a750       0x50 build/obj/hal_lld.o
                0x000000000000a750                hal_lld_init
 .text.set_gpio_in.isra.0
                0x000000000000a7a0       0x40 build/obj/pal_lld.o
 .text._pal_lld_init
                0x000000000000a7e0       0x98 build/obj/pal_lld.o
                0x000000000000a7e0                _pal_lld_init
 *fill*         0x000000000000a878        0x8 
 .text.output_notify
                0x000000000000a880       0x18 build/obj/serial_lld.o
 *fill*         0x000000000000a898        0x8 
 .text.sd_lld_serve_interrupt
                0x000000000000a8a0       0xa8 build/obj/serial_lld.o
                0x000000000000a8a0                sd_lld_serve_interrupt
 *fill*         0x000000000000a948        0x8 
 .text.sd_lld_init
                0x000000000000a950       0x18 build/obj/serial_lld.o
                0x000000000000a950                sd_lld_init
 *fill*         0x000000000000a968        0x8 
 .text.sd_lld_start
                0x000000000000a970       0xc4 build/obj/serial_lld.o
                0x000000000000a970                sd_lld_start
 *fill*         0x000000000000aa34        0xc 
 .text.i2c_lld_safety_timeout
                0x000000000000aa40       0x74 build/obj/i2c_lld.o
 *fill*         0x000000000000aab4        0xc 
 .text.i2c_lld_serve_interrupt
                0x000000000000aac0      0x14c build/obj/i2c_lld.o
                0x000000000000aac0                i2c_lld_serve_interrupt
 *fill*         0x000000000000ac0c        0x4 
 .text.i2c_lld_init
                0x000000000000ac10       0x1c build/obj/i2c_lld.o
                0x000000000000ac10                i2c_lld_init
 *fill*         0x000000000000ac2c        0x4 
 .text.i2c_lld_start
                0x000000000000ac30       0x68 build/obj/i2c_lld.o
                0x000000000000ac30                i2c_lld_start
 *fill*         0x000000000000ac98        0x8 
 .text.i2c_lld_master_receive_timeout
                0x000000000000aca0       0xcc build/obj/i2c_lld.o
                0x000000000000aca0                i2c_lld_master_receive_timeout
 *fill*         0x000000000000ad6c        0x4 
 .text.i2c_lld_master_transmit_timeout
                0x000000000000ad70      0x13c build/obj/i2c_lld.o
                0x000000000000ad70                i2c_lld_master_transmit_timeout
 *fill*         0x000000000000aeac        0x4 
 .text.bcm2835_gpio_fnsel
                0x000000000000aeb0       0x4c build/obj/bcm2835.o
                0x000000000000aeb0                bcm2835_gpio_fnsel
 *fill*         0x000000000000aefc        0x4 
 .text.bcm2835_delay
                0x000000000000af00       0x3c build/obj/bcm2835.o
                0x000000000000af00                bcm2835_delay
 *fill*         0x000000000000af3c        0x4 
 .text.boardInit
                0x000000000000af40        0x4 build/obj/board.o
                0x000000000000af40                boardInit
 *fill*         0x000000000000af44        0xc 
 .text.chprintf
                0x000000000000af50      0x814 build/obj/chprintf.o
                0x000000000000af50                chprintf
 *fill*         0x000000000000b764        0xc 
 .text.Thread1  0x000000000000b770      0x194 build/obj/main.o
 *fill*         0x000000000000b904        0xc 
 .text.startup.main
                0x000000000000b910       0x84 build/obj/main.o
                0x000000000000b910                main
 *(.rodata)
 *(.rodata.*)
 *fill*         0x000000000000b994        0xc 
 .rodata.vmt    0x000000000000b9a0       0x20 build/obj/serial.o
 .rodata.default_config
                0x000000000000b9c0        0x4 build/obj/serial_lld.o
 *fill*         0x000000000000b9c4        0xc 
 .rodata.pal_default_config
                0x000000000000b9d0        0x0 build/obj/board.o
                0x000000000000b9d0                pal_default_config
 .rodata.chprintf.str1.4
                0x000000000000b9d0        0x7 build/obj/chprintf.o
 *fill*         0x000000000000b9d7        0x9 
 .rodata.Thread1.str1.4
                0x000000000000b9e0       0x5a build/obj/main.o
 *fill*         0x000000000000ba3a        0x6 
 .rodata.main.str1.4
                0x000000000000ba40       0x1c build/obj/main.o
 *(.glue_7t)
 .glue_7t       0x000000000000ba5c        0x0 linker stubs
 *(.glue_7)
 .glue_7        0x000000000000ba5c        0x0 linker stubs
 *(.gcc*)
 *(.ctors)
 *(.dtors)

.vfp11_veneer   0x000000000000ba5c        0x0
 .vfp11_veneer  0x000000000000ba5c        0x0 linker stubs

.v4_bx          0x000000000000ba5c        0x0
 .v4_bx         0x000000000000ba5c        0x0 linker stubs

.iplt           0x000000000000ba5c        0x0
 .iplt          0x000000000000ba5c        0x0 build/obj/crt0.o

.rel.dyn        0x000000000000ba5c        0x0
 .rel.iplt      0x000000000000ba5c        0x0 build/obj/crt0.o

.ARM.extab
 *(.ARM.extab* .gnu.linkonce.armextab.*)
                0x000000000000ba5c                __exidx_start = .

.ARM.exidx
 *(.ARM.exidx* .gnu.linkonce.armexidx.*)
                0x000000000000ba5c                __exidx_end = .

.eh_frame_hdr
 *(.eh_frame_hdr)

.eh_frame
 *(.eh_frame)
                0x000000000000ba5c                . = ALIGN (0x4)
                0x000000000000ba5c                _etext = .
                0x000000000000ba5c                _textdata = _etext

.data           0x000000000000ba5c        0x0
                0x000000000000ba5c                _data = .
 *(.data)
                0x000000000000ba5c                . = ALIGN (0x4)
 *(.data.*)
                0x000000000000ba5c                . = ALIGN (0x4)
 *(.ramtext)
                0x000000000000ba5c                . = ALIGN (0x4)
                0x000000000000ba5c                _edata = .

.igot.plt       0x000000000000ba5c        0x0
 .igot.plt      0x000000000000ba5c        0x0 build/obj/crt0.o

.bss            0x000000000000ba5c      0x2b0
                0x000000000000ba5c                _bss_start = .
 *(.bss)
                0x000000000000ba5c                . = ALIGN (0x4)
 *(.bss.*)
 .bss.mainthread.1930
                0x000000000000ba5c       0x28 build/obj/chsys.o
 .bss.measurement_offset
                0x000000000000ba84        0x4 build/obj/tm.o
 .bss.waThread1
                0x000000000000ba88       0xfc build/obj/main.o
                0x000000000000bb84                . = ALIGN (0x4)
 *(COMMON)
 COMMON         0x000000000000bb84       0x80 build/obj/chsys.o
                0x000000000000bb84                _idle_thread_wa
 COMMON         0x000000000000bc04       0x10 build/obj/chvt.o
                0x000000000000bc04                vtlist
 COMMON         0x000000000000bc14       0x14 build/obj/chschd.o
                0x000000000000bc14                rlist
 COMMON         0x000000000000bc28       0x30 build/obj/pal_lld.o
                0x000000000000bc28                IOPORT1
                0x000000000000bc40                IOPORT0
 COMMON         0x000000000000bc58       0x74 build/obj/serial_lld.o
                0x000000000000bc58                SD1
 COMMON         0x000000000000bccc       0x40 build/obj/i2c_lld.o
                0x000000000000bccc                I2C0
                0x000000000000bd0c                . = ALIGN (0x4)
                0x000000000000bd0c                _bss_end = .
                [!provide]                        PROVIDE (end = .)
                0x000000000000bd0c                _end = .
                0x000000000000bd0c                __heap_base__ = _end
                0x0000000006007b44                __heap_end__ = (__ram_end__ - __stacks_total_size__)
                0x0000000006007b44                __main_thread_stack_base__ = (__ram_end__ - __stacks_total_size__)
OUTPUT(build/ch.elf elf32-littlearm)

.ARM.attributes
                0x0000000000000000       0x1d
 .ARM.attributes
                0x0000000000000000       0x1d build/obj/crt0.o
 .ARM.attributes
                0x000000000000001d       0x1d build/obj/chcoreasm.o
 .ARM.attributes
                0x000000000000003a       0x1d build/obj/vectors.o
 .ARM.attributes
                0x0000000000000057       0x1d build/obj/chsys.o
 .ARM.attributes
                0x0000000000000074       0x1d build/obj/chvt.o
 .ARM.attributes
                0x0000000000000091       0x1d build/obj/chschd.o
 .ARM.attributes
                0x00000000000000ae       0x1d build/obj/chthreads.o
 .ARM.attributes
                0x00000000000000cb       0x1d build/obj/chmtx.o
 .ARM.attributes
                0x00000000000000e8       0x1d build/obj/chevents.o
 .ARM.attributes
                0x0000000000000105       0x1d build/obj/chqueues.o
 .ARM.attributes
                0x0000000000000122       0x1d build/obj/hal.o
 .ARM.attributes
                0x000000000000013f       0x1d build/obj/i2c.o
 .ARM.attributes
                0x000000000000015c       0x1d build/obj/serial.o
 .ARM.attributes
                0x0000000000000179       0x1d build/obj/tm.o
 .ARM.attributes
                0x0000000000000196       0x1d build/obj/hal_lld.o
 .ARM.attributes
                0x00000000000001b3       0x1d build/obj/pal_lld.o
 .ARM.attributes
                0x00000000000001d0       0x1d build/obj/serial_lld.o
 .ARM.attributes
                0x00000000000001ed       0x1d build/obj/i2c_lld.o
 .ARM.attributes
                0x000000000000020a       0x1d build/obj/bcm2835.o
 .ARM.attributes
                0x0000000000000227       0x1d build/obj/board.o
 .ARM.attributes
                0x0000000000000244       0x1d build/obj/chprintf.o
 .ARM.attributes
                0x0000000000000261       0x1d build/obj/main.o
 .ARM.attributes
                0x000000000000027e       0x1c /usr/local/Cellar/arm-gcc-bin/8-2019-q3-update/bin/../lib/gcc/arm-none-eabi/8.3.1/libgcc.a(_udivsi3.o)
 .ARM.attributes
                0x000000000000029a       0x1c /usr/local/Cellar/arm-gcc-bin/8-2019-q3-update/bin/../lib/gcc/arm-none-eabi/8.3.1/libgcc.a(_umodsi3.o)
 .ARM.attributes
                0x00000000000002b6       0x1c /usr/local/Cellar/arm-gcc-bin/8-2019-q3-update/bin/../lib/gcc/arm-none-eabi/8.3.1/libgcc.a(_dvmd_tls.o)
 .ARM.attributes
                0x00000000000002d2       0x1c /usr/local/Cellar/arm-gcc-bin/8-2019-q3-update/bin/../lib/gcc/arm-none-eabi/8.3.1/libgcc.a(_arm_addsubdf3.o)
 .ARM.attributes
                0x00000000000002ee       0x1c /usr/local/Cellar/arm-gcc-bin/8-2019-q3-update/bin/../lib/gcc/arm-none-eabi/8.3.1/libgcc.a(_arm_muldivdf3.o)
 .ARM.attributes
                0x000000000000030a       0x1c /usr/local/Cellar/arm-gcc-bin/8-2019-q3-update/bin/../lib/gcc/arm-none-eabi/8.3.1/libgcc.a(_arm_fixdfsi.o)
 .ARM.attributes
                0x0000000000000326       0x1c /usr/local/Cellar/arm-gcc-bin/8-2019-q3-update/bin/../lib/gcc/arm-none-eabi/8.3.1/libgcc.a(_arm_fixunsdfsi.o)
 .ARM.attributes
                0x0000000000000342       0x1c /usr/local/Cellar/arm-gcc-bin/8-2019-q3-update/bin/../lib/gcc/arm-none-eabi/8.3.1/libgcc.a(_arm_truncdfsf2.o)
 .ARM.attributes
                0x000000000000035e       0x1c /usr/local/Cellar/arm-gcc-bin/8-2019-q3-update/bin/../lib/gcc/arm-none-eabi/8.3.1/libgcc.a(_arm_addsubsf3.o)
 .ARM.attributes
                0x000000000000037a       0x1c /usr/local/Cellar/arm-gcc-bin/8-2019-q3-update/bin/../lib/gcc/arm-none-eabi/8.3.1/libgcc.a(_arm_muldivsf3.o)
 .ARM.attributes
                0x0000000000000396       0x1c /usr/local/Cellar/arm-gcc-bin/8-2019-q3-update/bin/../lib/gcc/arm-none-eabi/8.3.1/libgcc.a(_arm_cmpsf2.o)
 .ARM.attributes
                0x00000000000003b2       0x1c /usr/local/Cellar/arm-gcc-bin/8-2019-q3-update/bin/../lib/gcc/arm-none-eabi/8.3.1/libgcc.a(_arm_fixsfsi.o)

.comment        0x0000000000000000       0x76
 .comment       0x0000000000000000       0x76 build/obj/chsys.o
                                         0x77 (size before relaxing)
 .comment       0x0000000000000076       0x77 build/obj/chvt.o
 .comment       0x0000000000000076       0x77 build/obj/chschd.o
 .comment       0x0000000000000076       0x77 build/obj/chthreads.o
 .comment       0x0000000000000076       0x77 build/obj/chmtx.o
 .comment       0x0000000000000076       0x77 build/obj/chevents.o
 .comment       0x0000000000000076       0x77 build/obj/chqueues.o
 .comment       0x0000000000000076       0x77 build/obj/hal.o
 .comment       0x0000000000000076       0x77 build/obj/i2c.o
 .comment       0x0000000000000076       0x77 build/obj/serial.o
 .comment       0x0000000000000076       0x77 build/obj/tm.o
 .comment       0x0000000000000076       0x77 build/obj/hal_lld.o
 .comment       0x0000000000000076       0x77 build/obj/pal_lld.o
 .comment       0x0000000000000076       0x77 build/obj/serial_lld.o
 .comment       0x0000000000000076       0x77 build/obj/i2c_lld.o
 .comment       0x0000000000000076       0x77 build/obj/bcm2835.o
 .comment       0x0000000000000076       0x77 build/obj/board.o
 .comment       0x0000000000000076       0x77 build/obj/chprintf.o
 .comment       0x0000000000000076       0x77 build/obj/main.o

.debug_info     0x0000000000000000     0xd9bb
 .debug_info    0x0000000000000000      0x5fd build/obj/chsys.o
 .debug_info    0x00000000000005fd      0x5bb build/obj/chvt.o
 .debug_info    0x0000000000000bb8      0xa4b build/obj/chschd.o
 .debug_info    0x0000000000001603      0xa6e build/obj/chthreads.o
 .debug_info    0x0000000000002071      0xa20 build/obj/chmtx.o
 .debug_info    0x0000000000002a91      0xa42 build/obj/chevents.o
 .debug_info    0x00000000000034d3      0xbcf build/obj/chqueues.o
 .debug_info    0x00000000000040a2      0xc86 build/obj/hal.o
 .debug_info    0x0000000000004d28      0xe60 build/obj/i2c.o
 .debug_info    0x0000000000005b88     0x11f1 build/obj/serial.o
 .debug_info    0x0000000000006d79      0xc7f build/obj/tm.o
 .debug_info    0x00000000000079f8      0xc33 build/obj/hal_lld.o
 .debug_info    0x000000000000862b      0xe65 build/obj/pal_lld.o
 .debug_info    0x0000000000009490      0xeb6 build/obj/serial_lld.o
 .debug_info    0x000000000000a346      0xf7b build/obj/i2c_lld.o
 .debug_info    0x000000000000b2c1      0x13a build/obj/bcm2835.o
 .debug_info    0x000000000000b3fb      0xaf5 build/obj/board.o
 .debug_info    0x000000000000bef0      0xb3d build/obj/chprintf.o
 .debug_info    0x000000000000ca2d      0xf8e build/obj/main.o

.debug_abbrev   0x0000000000000000     0x2f62
 .debug_abbrev  0x0000000000000000      0x1d5 build/obj/chsys.o
 .debug_abbrev  0x00000000000001d5      0x1a9 build/obj/chvt.o
 .debug_abbrev  0x000000000000037e      0x379 build/obj/chschd.o
 .debug_abbrev  0x00000000000006f7      0x331 build/obj/chthreads.o
 .debug_abbrev  0x0000000000000a28      0x2f5 build/obj/chmtx.o
 .debug_abbrev  0x0000000000000d1d      0x2d2 build/obj/chevents.o
 .debug_abbrev  0x0000000000000fef      0x337 build/obj/chqueues.o
 .debug_abbrev  0x0000000000001326      0x25f build/obj/hal.o
 .debug_abbrev  0x0000000000001585      0x23c build/obj/i2c.o
 .debug_abbrev  0x00000000000017c1      0x293 build/obj/serial.o
 .debug_abbrev  0x0000000000001a54      0x26b build/obj/tm.o
 .debug_abbrev  0x0000000000001cbf      0x23a build/obj/hal_lld.o
 .debug_abbrev  0x0000000000001ef9      0x291 build/obj/pal_lld.o
 .debug_abbrev  0x000000000000218a      0x341 build/obj/serial_lld.o
 .debug_abbrev  0x00000000000024cb      0x324 build/obj/i2c_lld.o
 .debug_abbrev  0x00000000000027ef       0xaf build/obj/bcm2835.o
 .debug_abbrev  0x000000000000289e      0x17c build/obj/board.o
 .debug_abbrev  0x0000000000002a1a      0x299 build/obj/chprintf.o
 .debug_abbrev  0x0000000000002cb3      0x2af build/obj/main.o

.debug_loc      0x0000000000000000     0x3ded
 .debug_loc     0x0000000000000000       0x4c build/obj/chsys.o
 .debug_loc     0x000000000000004c      0x117 build/obj/chvt.o
 .debug_loc     0x0000000000000163      0x3dc build/obj/chschd.o
 .debug_loc     0x000000000000053f      0x45a build/obj/chthreads.o
 .debug_loc     0x0000000000000999      0x41b build/obj/chmtx.o
 .debug_loc     0x0000000000000db4      0x4cc build/obj/chevents.o
 .debug_loc     0x0000000000001280      0x57d build/obj/chqueues.o
 .debug_loc     0x00000000000017fd      0x131 build/obj/hal.o
 .debug_loc     0x000000000000192e      0x267 build/obj/i2c.o
 .debug_loc     0x0000000000001b95      0x583 build/obj/serial.o
 .debug_loc     0x0000000000002118       0x3f build/obj/tm.o
 .debug_loc     0x0000000000002157       0x96 build/obj/hal_lld.o
 .debug_loc     0x00000000000021ed      0x362 build/obj/pal_lld.o
 .debug_loc     0x000000000000254f      0x1e3 build/obj/serial_lld.o
 .debug_loc     0x0000000000002732      0x43f build/obj/i2c_lld.o
 .debug_loc     0x0000000000002b71       0xab build/obj/bcm2835.o
 .debug_loc     0x0000000000002c1c     0x10a2 build/obj/chprintf.o
 .debug_loc     0x0000000000003cbe      0x12f build/obj/main.o

.debug_aranges  0x0000000000000000      0x5b8
 .debug_aranges
                0x0000000000000000       0x30 build/obj/chsys.o
 .debug_aranges
                0x0000000000000030       0x38 build/obj/chvt.o
 .debug_aranges
                0x0000000000000068       0x70 build/obj/chschd.o
 .debug_aranges
                0x00000000000000d8       0x78 build/obj/chthreads.o
 .debug_aranges
                0x0000000000000150       0x58 build/obj/chmtx.o
 .debug_aranges
                0x00000000000001a8       0x88 build/obj/chevents.o
 .debug_aranges
                0x0000000000000230       0x70 build/obj/chqueues.o
 .debug_aranges
                0x00000000000002a0       0x30 build/obj/hal.o
 .debug_aranges
                0x00000000000002d0       0x60 build/obj/i2c.o
 .debug_aranges
                0x0000000000000330       0x88 build/obj/serial.o
 .debug_aranges
                0x00000000000003b8       0x38 build/obj/tm.o
 .debug_aranges
                0x00000000000003f0       0x48 build/obj/hal_lld.o
 .debug_aranges
                0x0000000000000438       0x40 build/obj/pal_lld.o
 .debug_aranges
                0x0000000000000478       0x60 build/obj/serial_lld.o
 .debug_aranges
                0x00000000000004d8       0x50 build/obj/i2c_lld.o
 .debug_aranges
                0x0000000000000528       0x28 build/obj/bcm2835.o
 .debug_aranges
                0x0000000000000550       0x20 build/obj/board.o
 .debug_aranges
                0x0000000000000570       0x20 build/obj/chprintf.o
 .debug_aranges
                0x0000000000000590       0x28 build/obj/main.o

.debug_ranges   0x0000000000000000      0xae0
 .debug_ranges  0x0000000000000000       0x38 build/obj/chsys.o
 .debug_ranges  0x0000000000000038       0x28 build/obj/chvt.o
 .debug_ranges  0x0000000000000060      0x198 build/obj/chschd.o
 .debug_ranges  0x00000000000001f8       0xe0 build/obj/chthreads.o
 .debug_ranges  0x00000000000002d8      0x1b0 build/obj/chmtx.o
 .debug_ranges  0x0000000000000488       0x90 build/obj/chevents.o
 .debug_ranges  0x0000000000000518       0xf0 build/obj/chqueues.o
 .debug_ranges  0x0000000000000608       0x40 build/obj/hal.o
 .debug_ranges  0x0000000000000648       0x50 build/obj/i2c.o
 .debug_ranges  0x0000000000000698       0x78 build/obj/serial.o
 .debug_ranges  0x0000000000000710       0x80 build/obj/tm.o
 .debug_ranges  0x0000000000000790       0x68 build/obj/hal_lld.o
 .debug_ranges  0x00000000000007f8       0x70 build/obj/pal_lld.o
 .debug_ranges  0x0000000000000868       0xd0 build/obj/serial_lld.o
 .debug_ranges  0x0000000000000938       0x78 build/obj/i2c_lld.o
 .debug_ranges  0x00000000000009b0       0x18 build/obj/bcm2835.o
 .debug_ranges  0x00000000000009c8       0x10 build/obj/board.o
 .debug_ranges  0x00000000000009d8       0x98 build/obj/chprintf.o
 .debug_ranges  0x0000000000000a70       0x70 build/obj/main.o

.debug_line     0x0000000000000000     0x5f72
 .debug_line    0x0000000000000000      0x2b4 build/obj/chsys.o
 .debug_line    0x00000000000002b4      0x2ec build/obj/chvt.o
 .debug_line    0x00000000000005a0      0x77d build/obj/chschd.o
 .debug_line    0x0000000000000d1d      0x694 build/obj/chthreads.o
 .debug_line    0x00000000000013b1      0x776 build/obj/chmtx.o
 .debug_line    0x0000000000001b27      0x5fc build/obj/chevents.o
 .debug_line    0x0000000000002123      0x826 build/obj/chqueues.o
 .debug_line    0x0000000000002949      0x3c0 build/obj/hal.o
 .debug_line    0x0000000000002d09      0x482 build/obj/i2c.o
 .debug_line    0x000000000000318b      0x4e9 build/obj/serial.o
 .debug_line    0x0000000000003674      0x3da build/obj/tm.o
 .debug_line    0x0000000000003a4e      0x3fc build/obj/hal_lld.o
 .debug_line    0x0000000000003e4a      0x454 build/obj/pal_lld.o
 .debug_line    0x000000000000429e      0x61d build/obj/serial_lld.o
 .debug_line    0x00000000000048bb      0x694 build/obj/i2c_lld.o
 .debug_line    0x0000000000004f4f      0x18c build/obj/bcm2835.o
 .debug_line    0x00000000000050db      0x2a8 build/obj/board.o
 .debug_line    0x0000000000005383      0x7b4 build/obj/chprintf.o
 .debug_line    0x0000000000005b37      0x43b build/obj/main.o

.debug_str      0x0000000000000000     0x1257
 .debug_str     0x0000000000000000      0x3db build/obj/chsys.o
                                        0x430 (size before relaxing)
 .debug_str     0x00000000000003db       0x4f build/obj/chvt.o
                                        0x3ff (size before relaxing)
 .debug_str     0x000000000000042a       0xfd build/obj/chschd.o
                                        0x4c9 (size before relaxing)
 .debug_str     0x0000000000000527       0xd5 build/obj/chthreads.o
                                        0x507 (size before relaxing)
 .debug_str     0x00000000000005fc       0x8d build/obj/chmtx.o
                                        0x484 (size before relaxing)
 .debug_str     0x0000000000000689      0x180 build/obj/chevents.o
                                        0x552 (size before relaxing)
 .debug_str     0x0000000000000809      0x129 build/obj/chqueues.o
                                        0x50f (size before relaxing)
 .debug_str     0x0000000000000932      0x2a0 build/obj/hal.o
                                        0x73e (size before relaxing)
 .debug_str     0x0000000000000bd2       0xff build/obj/i2c.o
                                        0x7c8 (size before relaxing)
 .debug_str     0x0000000000000cd1       0xa4 build/obj/serial.o
                                        0x7f7 (size before relaxing)
 .debug_str     0x0000000000000d75       0x6a build/obj/tm.o
                                        0x720 (size before relaxing)
 .debug_str     0x0000000000000ddf       0xeb build/obj/hal_lld.o
                                        0x7ac (size before relaxing)
 .debug_str     0x0000000000000eca       0xb5 build/obj/pal_lld.o
                                        0x76b (size before relaxing)
 .debug_str     0x0000000000000f7f       0x8c build/obj/serial_lld.o
                                        0x7e0 (size before relaxing)
 .debug_str     0x000000000000100b       0x43 build/obj/i2c_lld.o
                                        0x7bd (size before relaxing)
 .debug_str     0x000000000000104e       0x4e build/obj/bcm2835.o
                                        0x23d (size before relaxing)
 .debug_str     0x000000000000109c       0x29 build/obj/board.o
                                        0x6cc (size before relaxing)
 .debug_str     0x00000000000010c5       0xf0 build/obj/chprintf.o
                                        0x4ba (size before relaxing)
 .debug_str     0x00000000000011b5       0xa2 build/obj/main.o
                                        0x82f (size before relaxing)

.debug_frame    0x0000000000000000     0x10d4
 .debug_frame   0x0000000000000000       0x58 build/obj/chsys.o
 .debug_frame   0x0000000000000058       0x50 build/obj/chvt.o
 .debug_frame   0x00000000000000a8      0x124 build/obj/chschd.o
 .debug_frame   0x00000000000001cc      0x150 build/obj/chthreads.o
 .debug_frame   0x000000000000031c       0xd8 build/obj/chmtx.o
 .debug_frame   0x00000000000003f4      0x15c build/obj/chevents.o
 .debug_frame   0x0000000000000550      0x150 build/obj/chqueues.o
 .debug_frame   0x00000000000006a0       0x4c build/obj/hal.o
 .debug_frame   0x00000000000006ec       0xe4 build/obj/i2c.o
 .debug_frame   0x00000000000007d0      0x144 build/obj/serial.o
 .debug_frame   0x0000000000000914       0x5c build/obj/tm.o
 .debug_frame   0x0000000000000970       0x78 build/obj/hal_lld.o
 .debug_frame   0x00000000000009e8       0xc4 build/obj/pal_lld.o
 .debug_frame   0x0000000000000aac       0xd8 build/obj/serial_lld.o
 .debug_frame   0x0000000000000b84       0xfc build/obj/i2c_lld.o
 .debug_frame   0x0000000000000c80       0x40 build/obj/bcm2835.o
 .debug_frame   0x0000000000000cc0       0x20 build/obj/board.o
 .debug_frame   0x0000000000000ce0       0x74 build/obj/chprintf.o
 .debug_frame   0x0000000000000d54       0x68 build/obj/main.o
 .debug_frame   0x0000000000000dbc       0x20 /usr/local/Cellar/arm-gcc-bin/8-2019-q3-update/bin/../lib/gcc/arm-none-eabi/8.3.1/libgcc.a(_udivsi3.o)
 .debug_frame   0x0000000000000ddc       0x20 /usr/local/Cellar/arm-gcc-bin/8-2019-q3-update/bin/../lib/gcc/arm-none-eabi/8.3.1/libgcc.a(_umodsi3.o)
 .debug_frame   0x0000000000000dfc       0xac /usr/local/Cellar/arm-gcc-bin/8-2019-q3-update/bin/../lib/gcc/arm-none-eabi/8.3.1/libgcc.a(_arm_addsubdf3.o)
 .debug_frame   0x0000000000000ea8       0x50 /usr/local/Cellar/arm-gcc-bin/8-2019-q3-update/bin/../lib/gcc/arm-none-eabi/8.3.1/libgcc.a(_arm_muldivdf3.o)
 .debug_frame   0x0000000000000ef8       0x24 /usr/local/Cellar/arm-gcc-bin/8-2019-q3-update/bin/../lib/gcc/arm-none-eabi/8.3.1/libgcc.a(_arm_fixdfsi.o)
 .debug_frame   0x0000000000000f1c       0x24 /usr/local/Cellar/arm-gcc-bin/8-2019-q3-update/bin/../lib/gcc/arm-none-eabi/8.3.1/libgcc.a(_arm_fixunsdfsi.o)
 .debug_frame   0x0000000000000f40       0x24 /usr/local/Cellar/arm-gcc-bin/8-2019-q3-update/bin/../lib/gcc/arm-none-eabi/8.3.1/libgcc.a(_arm_truncdfsf2.o)
 .debug_frame   0x0000000000000f64       0x4c /usr/local/Cellar/arm-gcc-bin/8-2019-q3-update/bin/../lib/gcc/arm-none-eabi/8.3.1/libgcc.a(_arm_addsubsf3.o)
 .debug_frame   0x0000000000000fb0       0x38 /usr/local/Cellar/arm-gcc-bin/8-2019-q3-update/bin/../lib/gcc/arm-none-eabi/8.3.1/libgcc.a(_arm_muldivsf3.o)
 .debug_frame   0x0000000000000fe8       0xc8 /usr/local/Cellar/arm-gcc-bin/8-2019-q3-update/bin/../lib/gcc/arm-none-eabi/8.3.1/libgcc.a(_arm_cmpsf2.o)
 .debug_frame   0x00000000000010b0       0x24 /usr/local/Cellar/arm-gcc-bin/8-2019-q3-update/bin/../lib/gcc/arm-none-eabi/8.3.1/libgcc.a(_arm_fixsfsi.o)

Cross Reference Table

Symbol                                            File
AbortHandler                                      build/obj/vectors.o
FiqHandler                                        build/obj/vectors.o
I2C0                                              build/obj/i2c_lld.o
                                                  build/obj/main.o
                                                  build/obj/hal_lld.o
IOPORT0                                           build/obj/pal_lld.o
IOPORT1                                           build/obj/pal_lld.o
IrqHandler                                        build/obj/hal_lld.o
                                                  build/obj/vectors.o
PrefetchHandler                                   build/obj/vectors.o
ResetHandler                                      build/obj/crt0.o
                                                  build/obj/vectors.o
SD1                                               build/obj/serial_lld.o
                                                  build/obj/main.o
                                                  build/obj/hal_lld.o
SwiHandler                                        build/obj/vectors.o
UndHandler                                        build/obj/vectors.o
__abt_stack_size__                                build/obj/crt0.o
__adddf3                                          /usr/local/Cellar/arm-gcc-bin/8-2019-q3-update/bin/../lib/gcc/arm-none-eabi/8.3.1/libgcc.a(_arm_addsubdf3.o)
__addsf3                                          /usr/local/Cellar/arm-gcc-bin/8-2019-q3-update/bin/../lib/gcc/arm-none-eabi/8.3.1/libgcc.a(_arm_addsubsf3.o)
                                                  build/obj/main.o
__aeabi_cfcmpeq                                   /usr/local/Cellar/arm-gcc-bin/8-2019-q3-update/bin/../lib/gcc/arm-none-eabi/8.3.1/libgcc.a(_arm_cmpsf2.o)
__aeabi_cfcmple                                   /usr/local/Cellar/arm-gcc-bin/8-2019-q3-update/bin/../lib/gcc/arm-none-eabi/8.3.1/libgcc.a(_arm_cmpsf2.o)
__aeabi_cfrcmple                                  /usr/local/Cellar/arm-gcc-bin/8-2019-q3-update/bin/../lib/gcc/arm-none-eabi/8.3.1/libgcc.a(_arm_cmpsf2.o)
__aeabi_d2f                                       /usr/local/Cellar/arm-gcc-bin/8-2019-q3-update/bin/../lib/gcc/arm-none-eabi/8.3.1/libgcc.a(_arm_truncdfsf2.o)
__aeabi_d2iz                                      /usr/local/Cellar/arm-gcc-bin/8-2019-q3-update/bin/../lib/gcc/arm-none-eabi/8.3.1/libgcc.a(_arm_fixdfsi.o)
__aeabi_d2uiz                                     /usr/local/Cellar/arm-gcc-bin/8-2019-q3-update/bin/../lib/gcc/arm-none-eabi/8.3.1/libgcc.a(_arm_fixunsdfsi.o)
__aeabi_dadd                                      /usr/local/Cellar/arm-gcc-bin/8-2019-q3-update/bin/../lib/gcc/arm-none-eabi/8.3.1/libgcc.a(_arm_addsubdf3.o)
__aeabi_ddiv                                      /usr/local/Cellar/arm-gcc-bin/8-2019-q3-update/bin/../lib/gcc/arm-none-eabi/8.3.1/libgcc.a(_arm_muldivdf3.o)
__aeabi_dmul                                      /usr/local/Cellar/arm-gcc-bin/8-2019-q3-update/bin/../lib/gcc/arm-none-eabi/8.3.1/libgcc.a(_arm_muldivdf3.o)
__aeabi_drsub                                     /usr/local/Cellar/arm-gcc-bin/8-2019-q3-update/bin/../lib/gcc/arm-none-eabi/8.3.1/libgcc.a(_arm_addsubdf3.o)
__aeabi_dsub                                      /usr/local/Cellar/arm-gcc-bin/8-2019-q3-update/bin/../lib/gcc/arm-none-eabi/8.3.1/libgcc.a(_arm_addsubdf3.o)
__aeabi_f2d                                       /usr/local/Cellar/arm-gcc-bin/8-2019-q3-update/bin/../lib/gcc/arm-none-eabi/8.3.1/libgcc.a(_arm_addsubdf3.o)
__aeabi_f2iz                                      /usr/local/Cellar/arm-gcc-bin/8-2019-q3-update/bin/../lib/gcc/arm-none-eabi/8.3.1/libgcc.a(_arm_fixsfsi.o)
__aeabi_fadd                                      /usr/local/Cellar/arm-gcc-bin/8-2019-q3-update/bin/../lib/gcc/arm-none-eabi/8.3.1/libgcc.a(_arm_addsubsf3.o)
__aeabi_fcmpeq                                    /usr/local/Cellar/arm-gcc-bin/8-2019-q3-update/bin/../lib/gcc/arm-none-eabi/8.3.1/libgcc.a(_arm_cmpsf2.o)
__aeabi_fcmpge                                    /usr/local/Cellar/arm-gcc-bin/8-2019-q3-update/bin/../lib/gcc/arm-none-eabi/8.3.1/libgcc.a(_arm_cmpsf2.o)
__aeabi_fcmpgt                                    /usr/local/Cellar/arm-gcc-bin/8-2019-q3-update/bin/../lib/gcc/arm-none-eabi/8.3.1/libgcc.a(_arm_cmpsf2.o)
__aeabi_fcmple                                    /usr/local/Cellar/arm-gcc-bin/8-2019-q3-update/bin/../lib/gcc/arm-none-eabi/8.3.1/libgcc.a(_arm_cmpsf2.o)
__aeabi_fcmplt                                    /usr/local/Cellar/arm-gcc-bin/8-2019-q3-update/bin/../lib/gcc/arm-none-eabi/8.3.1/libgcc.a(_arm_cmpsf2.o)
__aeabi_fdiv                                      /usr/local/Cellar/arm-gcc-bin/8-2019-q3-update/bin/../lib/gcc/arm-none-eabi/8.3.1/libgcc.a(_arm_muldivsf3.o)
__aeabi_fmul                                      /usr/local/Cellar/arm-gcc-bin/8-2019-q3-update/bin/../lib/gcc/arm-none-eabi/8.3.1/libgcc.a(_arm_muldivsf3.o)
__aeabi_frsub                                     /usr/local/Cellar/arm-gcc-bin/8-2019-q3-update/bin/../lib/gcc/arm-none-eabi/8.3.1/libgcc.a(_arm_addsubsf3.o)
__aeabi_fsub                                      /usr/local/Cellar/arm-gcc-bin/8-2019-q3-update/bin/../lib/gcc/arm-none-eabi/8.3.1/libgcc.a(_arm_addsubsf3.o)
__aeabi_i2d                                       /usr/local/Cellar/arm-gcc-bin/8-2019-q3-update/bin/../lib/gcc/arm-none-eabi/8.3.1/libgcc.a(_arm_addsubdf3.o)
__aeabi_i2f                                       /usr/local/Cellar/arm-gcc-bin/8-2019-q3-update/bin/../lib/gcc/arm-none-eabi/8.3.1/libgcc.a(_arm_addsubsf3.o)
__aeabi_idiv0                                     /usr/local/Cellar/arm-gcc-bin/8-2019-q3-update/bin/../lib/gcc/arm-none-eabi/8.3.1/libgcc.a(_dvmd_tls.o)
                                                  /usr/local/Cellar/arm-gcc-bin/8-2019-q3-update/bin/../lib/gcc/arm-none-eabi/8.3.1/libgcc.a(_umodsi3.o)
                                                  /usr/local/Cellar/arm-gcc-bin/8-2019-q3-update/bin/../lib/gcc/arm-none-eabi/8.3.1/libgcc.a(_udivsi3.o)
__aeabi_l2d                                       /usr/local/Cellar/arm-gcc-bin/8-2019-q3-update/bin/../lib/gcc/arm-none-eabi/8.3.1/libgcc.a(_arm_addsubdf3.o)
__aeabi_l2f                                       /usr/local/Cellar/arm-gcc-bin/8-2019-q3-update/bin/../lib/gcc/arm-none-eabi/8.3.1/libgcc.a(_arm_addsubsf3.o)
__aeabi_ldiv0                                     /usr/local/Cellar/arm-gcc-bin/8-2019-q3-update/bin/../lib/gcc/arm-none-eabi/8.3.1/libgcc.a(_dvmd_tls.o)
__aeabi_ui2d                                      /usr/local/Cellar/arm-gcc-bin/8-2019-q3-update/bin/../lib/gcc/arm-none-eabi/8.3.1/libgcc.a(_arm_addsubdf3.o)
__aeabi_ui2f                                      /usr/local/Cellar/arm-gcc-bin/8-2019-q3-update/bin/../lib/gcc/arm-none-eabi/8.3.1/libgcc.a(_arm_addsubsf3.o)
__aeabi_uidiv                                     /usr/local/Cellar/arm-gcc-bin/8-2019-q3-update/bin/../lib/gcc/arm-none-eabi/8.3.1/libgcc.a(_udivsi3.o)
__aeabi_uidivmod                                  /usr/local/Cellar/arm-gcc-bin/8-2019-q3-update/bin/../lib/gcc/arm-none-eabi/8.3.1/libgcc.a(_udivsi3.o)
__aeabi_ul2d                                      /usr/local/Cellar/arm-gcc-bin/8-2019-q3-update/bin/../lib/gcc/arm-none-eabi/8.3.1/libgcc.a(_arm_addsubdf3.o)
__aeabi_ul2f                                      /usr/local/Cellar/arm-gcc-bin/8-2019-q3-update/bin/../lib/gcc/arm-none-eabi/8.3.1/libgcc.a(_arm_addsubsf3.o)
__cmpsf2                                          /usr/local/Cellar/arm-gcc-bin/8-2019-q3-update/bin/../lib/gcc/arm-none-eabi/8.3.1/libgcc.a(_arm_cmpsf2.o)
__divdf3                                          /usr/local/Cellar/arm-gcc-bin/8-2019-q3-update/bin/../lib/gcc/arm-none-eabi/8.3.1/libgcc.a(_arm_muldivdf3.o)
__divsf3                                          /usr/local/Cellar/arm-gcc-bin/8-2019-q3-update/bin/../lib/gcc/arm-none-eabi/8.3.1/libgcc.a(_arm_muldivsf3.o)
                                                  build/obj/main.o
__early_init                                      build/obj/vectors.o
                                                  build/obj/crt0.o
__eqsf2                                           /usr/local/Cellar/arm-gcc-bin/8-2019-q3-update/bin/../lib/gcc/arm-none-eabi/8.3.1/libgcc.a(_arm_cmpsf2.o)
__extendsfdf2                                     /usr/local/Cellar/arm-gcc-bin/8-2019-q3-update/bin/../lib/gcc/arm-none-eabi/8.3.1/libgcc.a(_arm_addsubdf3.o)
                                                  build/obj/main.o
                                                  build/obj/chprintf.o
__fiq_stack_size__                                build/obj/crt0.o
__fixdfsi                                         /usr/local/Cellar/arm-gcc-bin/8-2019-q3-update/bin/../lib/gcc/arm-none-eabi/8.3.1/libgcc.a(_arm_fixdfsi.o)
                                                  build/obj/chprintf.o
__fixsfsi                                         /usr/local/Cellar/arm-gcc-bin/8-2019-q3-update/bin/../lib/gcc/arm-none-eabi/8.3.1/libgcc.a(_arm_fixsfsi.o)
                                                  build/obj/chprintf.o
__fixunsdfsi                                      /usr/local/Cellar/arm-gcc-bin/8-2019-q3-update/bin/../lib/gcc/arm-none-eabi/8.3.1/libgcc.a(_arm_fixunsdfsi.o)
                                                  build/obj/main.o
__floatdidf                                       /usr/local/Cellar/arm-gcc-bin/8-2019-q3-update/bin/../lib/gcc/arm-none-eabi/8.3.1/libgcc.a(_arm_addsubdf3.o)
__floatdisf                                       /usr/local/Cellar/arm-gcc-bin/8-2019-q3-update/bin/../lib/gcc/arm-none-eabi/8.3.1/libgcc.a(_arm_addsubsf3.o)
__floatsidf                                       /usr/local/Cellar/arm-gcc-bin/8-2019-q3-update/bin/../lib/gcc/arm-none-eabi/8.3.1/libgcc.a(_arm_addsubdf3.o)
                                                  build/obj/chprintf.o
__floatsisf                                       /usr/local/Cellar/arm-gcc-bin/8-2019-q3-update/bin/../lib/gcc/arm-none-eabi/8.3.1/libgcc.a(_arm_addsubsf3.o)
__floatundidf                                     /usr/local/Cellar/arm-gcc-bin/8-2019-q3-update/bin/../lib/gcc/arm-none-eabi/8.3.1/libgcc.a(_arm_addsubdf3.o)
__floatundisf                                     /usr/local/Cellar/arm-gcc-bin/8-2019-q3-update/bin/../lib/gcc/arm-none-eabi/8.3.1/libgcc.a(_arm_addsubsf3.o)
__floatunsidf                                     /usr/local/Cellar/arm-gcc-bin/8-2019-q3-update/bin/../lib/gcc/arm-none-eabi/8.3.1/libgcc.a(_arm_addsubdf3.o)
                                                  build/obj/main.o
__floatunsisf                                     /usr/local/Cellar/arm-gcc-bin/8-2019-q3-update/bin/../lib/gcc/arm-none-eabi/8.3.1/libgcc.a(_arm_addsubsf3.o)
__gesf2                                           /usr/local/Cellar/arm-gcc-bin/8-2019-q3-update/bin/../lib/gcc/arm-none-eabi/8.3.1/libgcc.a(_arm_cmpsf2.o)
__gtsf2                                           /usr/local/Cellar/arm-gcc-bin/8-2019-q3-update/bin/../lib/gcc/arm-none-eabi/8.3.1/libgcc.a(_arm_cmpsf2.o)
__irq_stack_size__                                build/obj/crt0.o
__lesf2                                           /usr/local/Cellar/arm-gcc-bin/8-2019-q3-update/bin/../lib/gcc/arm-none-eabi/8.3.1/libgcc.a(_arm_cmpsf2.o)
__ltsf2                                           /usr/local/Cellar/arm-gcc-bin/8-2019-q3-update/bin/../lib/gcc/arm-none-eabi/8.3.1/libgcc.a(_arm_cmpsf2.o)
                                                  build/obj/chprintf.o
__muldf3                                          /usr/local/Cellar/arm-gcc-bin/8-2019-q3-update/bin/../lib/gcc/arm-none-eabi/8.3.1/libgcc.a(_arm_muldivdf3.o)
                                                  build/obj/main.o
                                                  build/obj/chprintf.o
__mulsf3                                          /usr/local/Cellar/arm-gcc-bin/8-2019-q3-update/bin/../lib/gcc/arm-none-eabi/8.3.1/libgcc.a(_arm_muldivsf3.o)
                                                  build/obj/main.o
__nesf2                                           /usr/local/Cellar/arm-gcc-bin/8-2019-q3-update/bin/../lib/gcc/arm-none-eabi/8.3.1/libgcc.a(_arm_cmpsf2.o)
__ram_end__                                       build/obj/crt0.o
__subdf3                                          /usr/local/Cellar/arm-gcc-bin/8-2019-q3-update/bin/../lib/gcc/arm-none-eabi/8.3.1/libgcc.a(_arm_addsubdf3.o)
                                                  build/obj/chprintf.o
__subsf3                                          /usr/local/Cellar/arm-gcc-bin/8-2019-q3-update/bin/../lib/gcc/arm-none-eabi/8.3.1/libgcc.a(_arm_addsubsf3.o)
__svc_stack_size__                                build/obj/crt0.o
__truncdfsf2                                      /usr/local/Cellar/arm-gcc-bin/8-2019-q3-update/bin/../lib/gcc/arm-none-eabi/8.3.1/libgcc.a(_arm_truncdfsf2.o)
                                                  build/obj/main.o
                                                  build/obj/chprintf.o
__udivsi3                                         /usr/local/Cellar/arm-gcc-bin/8-2019-q3-update/bin/../lib/gcc/arm-none-eabi/8.3.1/libgcc.a(_udivsi3.o)
                                                  build/obj/chprintf.o
                                                  build/obj/i2c_lld.o
                                                  build/obj/serial_lld.o
__umodsi3                                         /usr/local/Cellar/arm-gcc-bin/8-2019-q3-update/bin/../lib/gcc/arm-none-eabi/8.3.1/libgcc.a(_umodsi3.o)
                                                  build/obj/chprintf.o
__und_stack_size__                                build/obj/crt0.o
_bss_end                                          build/obj/crt0.o
_bss_start                                        build/obj/crt0.o
_idle_thread                                      build/obj/chsys.o
_idle_thread_wa                                   build/obj/chsys.o
_main_exit_handler                                build/obj/crt0.o
_pal_lld_init                                     build/obj/pal_lld.o
                                                  build/obj/hal.o
_pal_lld_setgroupmode                             build/obj/pal_lld.o
                                                  build/obj/pal.o
_pal_lld_writeport                                build/obj/pal_lld.o
                                                  build/obj/pal.o
_port_irq_common                                  build/obj/chcoreasm.o
                                                  build/obj/hal_lld.o
_port_switch_arm                                  build/obj/chcoreasm.o
                                                  build/obj/chschd.o
_port_thread_start                                build/obj/chcoreasm.o
                                                  build/obj/chthreads.o
_scheduler_init                                   build/obj/chschd.o
                                                  build/obj/chsys.o
_thread_init                                      build/obj/chthreads.o
                                                  build/obj/chsys.o
_unhandled_exception                              build/obj/vectors.o
_vt_init                                          build/obj/chvt.o
                                                  build/obj/chsys.o
arm_enable_irq                                    build/obj/vectors.o
bcm2835_delay                                     build/obj/bcm2835.o
                                                  build/obj/serial_lld.o
                                                  build/obj/pal_lld.o
bcm2835_gpio_fnsel                                build/obj/bcm2835.o
                                                  build/obj/i2c_lld.o
                                                  build/obj/serial_lld.o
                                                  build/obj/pal_lld.o
boardInit                                         build/obj/board.o
                                                  build/obj/hal.o
chEvtAddEvents                                    build/obj/chevents.o
chEvtBroadcastFlags                               build/obj/chevents.o
chEvtBroadcastFlagsI                              build/obj/chevents.o
                                                  build/obj/serial.o
chEvtDispatch                                     build/obj/chevents.o
chEvtGetAndClearEvents                            build/obj/chevents.o
chEvtGetAndClearFlags                             build/obj/chevents.o
chEvtGetAndClearFlagsI                            build/obj/chevents.o
chEvtRegisterMask                                 build/obj/chevents.o
chEvtSignal                                       build/obj/chevents.o
chEvtSignalI                                      build/obj/chevents.o
chEvtUnregister                                   build/obj/chevents.o
chEvtWaitAll                                      build/obj/chevents.o
chEvtWaitAny                                      build/obj/chevents.o
chEvtWaitOne                                      build/obj/chevents.o
chIQGetTimeout                                    build/obj/chqueues.o
                                                  build/obj/serial.o
chIQInit                                          build/obj/chqueues.o
                                                  build/obj/serial.o
chIQPutI                                          build/obj/chqueues.o
                                                  build/obj/serial.o
chIQReadTimeout                                   build/obj/chqueues.o
                                                  build/obj/serial.o
chIQResetI                                        build/obj/chqueues.o
                                                  build/obj/serial.o
chMtxInit                                         build/obj/chmtx.o
                                                  build/obj/i2c.o
chMtxLock                                         build/obj/chmtx.o
                                                  build/obj/i2c.o
chMtxLockS                                        build/obj/chmtx.o
chMtxTryLock                                      build/obj/chmtx.o
chMtxTryLockS                                     build/obj/chmtx.o
chMtxUnlock                                       build/obj/chmtx.o
                                                  build/obj/i2c.o
chMtxUnlockAll                                    build/obj/chmtx.o
chMtxUnlockS                                      build/obj/chmtx.o
chOQGetI                                          build/obj/chqueues.o
                                                  build/obj/serial.o
chOQInit                                          build/obj/chqueues.o
                                                  build/obj/serial.o
chOQPutTimeout                                    build/obj/chqueues.o
                                                  build/obj/serial.o
chOQResetI                                        build/obj/chqueues.o
                                                  build/obj/serial.o
chOQWriteTimeout                                  build/obj/chqueues.o
                                                  build/obj/serial.o
chSchDoReschedule                                 build/obj/chschd.o
                                                  build/obj/chcoreasm.o
chSchDoRescheduleAhead                            build/obj/chschd.o
chSchDoRescheduleBehind                           build/obj/chschd.o
                                                  build/obj/chthreads.o
chSchGoSleepS                                     build/obj/chschd.o
                                                  build/obj/i2c_lld.o
                                                  build/obj/chevents.o
                                                  build/obj/chmtx.o
                                                  build/obj/chthreads.o
chSchGoSleepTimeoutS                              build/obj/chschd.o
                                                  build/obj/chqueues.o
                                                  build/obj/chthreads.o
chSchIsPreemptionRequired                         build/obj/chschd.o
                                                  build/obj/chcoreasm.o
chSchReadyI                                       build/obj/chschd.o
                                                  build/obj/i2c_lld.o
                                                  build/obj/chqueues.o
                                                  build/obj/chevents.o
                                                  build/obj/chmtx.o
                                                  build/obj/chthreads.o
chSchRescheduleS                                  build/obj/chschd.o
                                                  build/obj/serial.o
                                                  build/obj/chevents.o
                                                  build/obj/chmtx.o
                                                  build/obj/chthreads.o
chSchWakeupS                                      build/obj/chschd.o
                                                  build/obj/chmtx.o
                                                  build/obj/chthreads.o
chSysInit                                         build/obj/chsys.o
                                                  build/obj/main.o
chSysTimerHandlerI                                build/obj/chsys.o
                                                  build/obj/hal_lld.o
chThdCreateI                                      build/obj/chthreads.o
chThdCreateStatic                                 build/obj/chthreads.o
                                                  build/obj/main.o
                                                  build/obj/chsys.o
chThdExit                                         build/obj/chthreads.o
                                                  build/obj/chcoreasm.o
chThdExitS                                        build/obj/chthreads.o
chThdResume                                       build/obj/chthreads.o
chThdSetPriority                                  build/obj/chthreads.o
chThdSleep                                        build/obj/chthreads.o
                                                  build/obj/main.o
chThdSleepUntil                                   build/obj/chthreads.o
chThdTerminate                                    build/obj/chthreads.o
chThdWait                                         build/obj/chthreads.o
                                                  build/obj/main.o
chThdYield                                        build/obj/chthreads.o
chTimeIsWithin                                    build/obj/chvt.o
chVTResetI                                        build/obj/chvt.o
                                                  build/obj/i2c_lld.o
                                                  build/obj/chschd.o
chVTSetI                                          build/obj/chvt.o
                                                  build/obj/i2c_lld.o
                                                  build/obj/chschd.o
chprintf                                          build/obj/chprintf.o
                                                  build/obj/main.o
delayMicroseconds                                 build/obj/hal_lld.o
get_cpsr                                          build/obj/vectors.o
halInit                                           build/obj/hal.o
                                                  build/obj/main.o
halIsCounterWithin                                build/obj/hal.o
halPolledDelay                                    build/obj/hal.o
hal_lld_init                                      build/obj/hal_lld.o
                                                  build/obj/hal.o
i2cAcquireBus                                     build/obj/i2c.o
                                                  build/obj/main.o
i2cGetErrors                                      build/obj/i2c.o
i2cInit                                           build/obj/i2c.o
                                                  build/obj/hal.o
i2cMasterReceiveTimeout                           build/obj/i2c.o
                                                  build/obj/main.o
i2cMasterTransmitTimeout                          build/obj/i2c.o
                                                  build/obj/main.o
i2cObjectInit                                     build/obj/i2c.o
                                                  build/obj/i2c_lld.o
i2cReleaseBus                                     build/obj/i2c.o
                                                  build/obj/main.o
i2cStart                                          build/obj/i2c.o
                                                  build/obj/main.o
i2cStop                                           build/obj/i2c.o
i2c_lld_init                                      build/obj/i2c_lld.o
                                                  build/obj/i2c.o
i2c_lld_master_receive_timeout                    build/obj/i2c_lld.o
                                                  build/obj/i2c.o
i2c_lld_master_transmit_timeout                   build/obj/i2c_lld.o
                                                  build/obj/i2c.o
i2c_lld_serve_interrupt                           build/obj/i2c_lld.o
                                                  build/obj/hal_lld.o
i2c_lld_start                                     build/obj/i2c_lld.o
                                                  build/obj/i2c.o
i2c_lld_stop                                      build/obj/i2c_lld.o
                                                  build/obj/i2c.o
main                                              build/obj/main.o
                                                  build/obj/crt0.o
mini_uart_recv                                    build/obj/serial_lld.o
mini_uart_send                                    build/obj/serial_lld.o
mini_uart_sendhex                                 build/obj/serial_lld.o
mini_uart_sendstr                                 build/obj/serial_lld.o
palReadBus                                        build/obj/pal.o
palSetBusMode                                     build/obj/pal.o
palWriteBus                                       build/obj/pal.o
pal_default_config                                build/obj/board.o
                                                  build/obj/hal.o
port_halt                                         build/obj/chcore.o
rlist                                             build/obj/chschd.o
                                                  build/obj/main.o
                                                  build/obj/i2c_lld.o
                                                  build/obj/chqueues.o
                                                  build/obj/chevents.o
                                                  build/obj/chmtx.o
                                                  build/obj/chthreads.o
                                                  build/obj/chsys.o
sdIncomingDataI                                   build/obj/serial.o
                                                  build/obj/serial_lld.o
sdInit                                            build/obj/serial.o
                                                  build/obj/hal.o
sdObjectInit                                      build/obj/serial.o
                                                  build/obj/serial_lld.o
sdRequestDataI                                    build/obj/serial.o
                                                  build/obj/serial_lld.o
sdStart                                           build/obj/serial.o
                                                  build/obj/main.o
sdStop                                            build/obj/serial.o
sd_lld_init                                       build/obj/serial_lld.o
                                                  build/obj/serial.o
sd_lld_serve_interrupt                            build/obj/serial_lld.o
                                                  build/obj/hal_lld.o
sd_lld_start                                      build/obj/serial_lld.o
                                                  build/obj/serial.o
sd_lld_stop                                       build/obj/serial_lld.o
                                                  build/obj/serial.o
tmInit                                            build/obj/tm.o
                                                  build/obj/hal.o
tmObjectInit                                      build/obj/tm.o
vtlist                                            build/obj/chvt.o
                                                  build/obj/chthreads.o
                                                  build/obj/chsys.o
watchdog_get_remaining                            build/obj/hal_lld.o
watchdog_start                                    build/obj/hal_lld.o
watchdog_stop                                     build/obj/hal_lld.o
