Archive member included to satisfy reference by file (symbol)

/usr/local/Cellar/arm-gcc-bin/8-2019-q3-update/bin/../lib/gcc/arm-none-eabi/8.3.1/libgcc.a(_udivsi3.o)
                              build/obj/serial_lld.o (__aeabi_uidiv)
/usr/local/Cellar/arm-gcc-bin/8-2019-q3-update/bin/../lib/gcc/arm-none-eabi/8.3.1/libgcc.a(_dvmd_tls.o)
                              /usr/local/Cellar/arm-gcc-bin/8-2019-q3-update/bin/../lib/gcc/arm-none-eabi/8.3.1/libgcc.a(_udivsi3.o) (__aeabi_idiv0)
/usr/local/Cellar/arm-gcc-bin/8-2019-q3-update/bin/../lib/gcc/arm-none-eabi/8.3.1/libgcc.a(_arm_addsubdf3.o)
                              build/obj/chprintf.o (__aeabi_dsub)
/usr/local/Cellar/arm-gcc-bin/8-2019-q3-update/bin/../lib/gcc/arm-none-eabi/8.3.1/libgcc.a(_arm_muldivdf3.o)
                              build/obj/chprintf.o (__aeabi_dmul)
/usr/local/Cellar/arm-gcc-bin/8-2019-q3-update/bin/../lib/gcc/arm-none-eabi/8.3.1/libgcc.a(_arm_fixdfsi.o)
                              build/obj/chprintf.o (__aeabi_d2iz)
/usr/local/Cellar/arm-gcc-bin/8-2019-q3-update/bin/../lib/gcc/arm-none-eabi/8.3.1/libgcc.a(_arm_truncdfsf2.o)
                              build/obj/chprintf.o (__aeabi_d2f)
/usr/local/Cellar/arm-gcc-bin/8-2019-q3-update/bin/../lib/gcc/arm-none-eabi/8.3.1/libgcc.a(_arm_cmpsf2.o)
                              build/obj/chprintf.o (__aeabi_fcmplt)
/usr/local/Cellar/arm-gcc-bin/8-2019-q3-update/bin/../lib/gcc/arm-none-eabi/8.3.1/libgcc.a(_arm_fixsfsi.o)
                              build/obj/chprintf.o (__aeabi_f2iz)
/usr/local/Cellar/arm-gcc-bin/8-2019-q3-update/bin/../lib/gcc/arm-none-eabi/8.3.1/../../../../arm-none-eabi/lib/libc.a(lib_a-strcasecmp.o)
                              build/obj/shell.o (strcasecmp)
/usr/local/Cellar/arm-gcc-bin/8-2019-q3-update/bin/../lib/gcc/arm-none-eabi/8.3.1/../../../../arm-none-eabi/lib/libc.a(lib_a-strchr.o)
                              build/obj/shell.o (strchr)
/usr/local/Cellar/arm-gcc-bin/8-2019-q3-update/bin/../lib/gcc/arm-none-eabi/8.3.1/../../../../arm-none-eabi/lib/libc.a(lib_a-strspn.o)
                              build/obj/shell.o (strspn)
/usr/local/Cellar/arm-gcc-bin/8-2019-q3-update/bin/../lib/gcc/arm-none-eabi/8.3.1/../../../../arm-none-eabi/lib/libc.a(lib_a-ctype_.o)
                              /usr/local/Cellar/arm-gcc-bin/8-2019-q3-update/bin/../lib/gcc/arm-none-eabi/8.3.1/../../../../arm-none-eabi/lib/libc.a(lib_a-strcasecmp.o) (_ctype_)

Allocating common symbols
Common symbol       size              file

test_timer_done     0x4               build/obj/test.o
I2C1                0x40              build/obj/i2c_lld.o
I2C0                0x40              build/obj/i2c_lld.o
IOPORT1             0x18              build/obj/pal_lld.o
IOPORT0             0x18              build/obj/pal_lld.o
threads             0x14              build/obj/test.o
shell_terminated    0x4               build/obj/shell.o
SPI0                0x28              build/obj/spi_lld.o
test                0x578             build/obj/test.o
vtlist              0x10              build/obj/chvt.o
rlist               0x1c              build/obj/chschd.o
_idle_thread_wa     0x9c              build/obj/chsys.o
SD1                 0x74              build/obj/serial_lld.o

Discarded input sections

 .data          0x0000000000000000        0x0 build/obj/crt0.o
 .bss           0x0000000000000000        0x0 build/obj/crt0.o
 .data          0x0000000000000000        0x0 build/obj/chcoreasm.o
 .bss           0x0000000000000000        0x0 build/obj/chcoreasm.o
 .data          0x0000000000000000        0x0 build/obj/vectors.o
 .bss           0x0000000000000000        0x0 build/obj/vectors.o
 .text          0x0000000000000000        0x0 build/obj/chcore.o
 .data          0x0000000000000000        0x0 build/obj/chcore.o
 .bss           0x0000000000000000        0x0 build/obj/chcore.o
 .text.port_halt
                0x0000000000000000       0x18 build/obj/chcore.o
 .debug_info    0x0000000000000000      0x665 build/obj/chcore.o
 .debug_abbrev  0x0000000000000000      0x106 build/obj/chcore.o
 .debug_aranges
                0x0000000000000000       0x20 build/obj/chcore.o
 .debug_ranges  0x0000000000000000       0x10 build/obj/chcore.o
 .debug_line    0x0000000000000000      0x1b7 build/obj/chcore.o
 .debug_str     0x0000000000000000      0x4f1 build/obj/chcore.o
 .comment       0x0000000000000000       0x77 build/obj/chcore.o
 .debug_frame   0x0000000000000000       0x20 build/obj/chcore.o
 .ARM.attributes
                0x0000000000000000       0x2f build/obj/chcore.o
 .text          0x0000000000000000        0x0 build/obj/chsys.o
 .data          0x0000000000000000        0x0 build/obj/chsys.o
 .bss           0x0000000000000000        0x0 build/obj/chsys.o
 .text          0x0000000000000000        0x0 build/obj/chdebug.o
 .data          0x0000000000000000        0x0 build/obj/chdebug.o
 .bss           0x0000000000000000        0x0 build/obj/chdebug.o
[...]
Memory Configuration

Name             Origin             Length             Attributes
ram              0x0000000000008000 0x0000000005ffffe0
*default*        0x0000000000000000 0xffffffffffffffff

Linker script and memory map

LOAD build/obj/crt0.o
LOAD build/obj/chcoreasm.o
LOAD build/obj/vectors.o
LOAD build/obj/chcore.o
LOAD build/obj/chsys.o
LOAD build/obj/chdebug.o
LOAD build/obj/chlists.o
LOAD build/obj/chvt.o
LOAD build/obj/chschd.o
LOAD build/obj/chthreads.o
LOAD build/obj/chdynamic.o
LOAD build/obj/chregistry.o
LOAD build/obj/chsem.o
LOAD build/obj/chmtx.o
LOAD build/obj/chcond.o
LOAD build/obj/chevents.o
LOAD build/obj/chmsg.o
LOAD build/obj/chmboxes.o
LOAD build/obj/chqueues.o
LOAD build/obj/chmemcore.o
LOAD build/obj/chheap.o
LOAD build/obj/chmempools.o
LOAD build/obj/test.o
LOAD build/obj/testthd.o
LOAD build/obj/testsem.o
LOAD build/obj/testmtx.o
LOAD build/obj/testmsg.o
LOAD build/obj/testmbox.o
LOAD build/obj/testevt.o
LOAD build/obj/testheap.o
LOAD build/obj/testpools.o
LOAD build/obj/testdyn.o
LOAD build/obj/testqueues.o
LOAD build/obj/testbmk.o
LOAD build/obj/hal.o
LOAD build/obj/adc.o
LOAD build/obj/can.o
LOAD build/obj/ext.o
LOAD build/obj/gpt.o
LOAD build/obj/i2c.o
LOAD build/obj/icu.o
LOAD build/obj/mac.o
LOAD build/obj/mmc_spi.o
LOAD build/obj/mmcsd.o
LOAD build/obj/pal.o
LOAD build/obj/pwm.o
LOAD build/obj/rtc.o
LOAD build/obj/sdc.o
LOAD build/obj/serial.o
LOAD build/obj/serial_usb.o
LOAD build/obj/spi.o
LOAD build/obj/tm.o
LOAD build/obj/uart.o
LOAD build/obj/usb.o
LOAD build/obj/hal_lld.o
LOAD build/obj/pal_lld.o
LOAD build/obj/serial_lld.o
LOAD build/obj/i2c_lld.o
LOAD build/obj/spi_lld.o
LOAD build/obj/gpt_lld.o
LOAD build/obj/pwm_lld.o
LOAD build/obj/bcm2835.o
LOAD build/obj/board.o
LOAD build/obj/shell.o
LOAD build/obj/chprintf.o
LOAD build/obj/main.o
START GROUP
LOAD /usr/local/Cellar/arm-gcc-bin/8-2019-q3-update/bin/../lib/gcc/arm-none-eabi/8.3.1/libgcc.a
LOAD /usr/local/Cellar/arm-gcc-bin/8-2019-q3-update/bin/../lib/gcc/arm-none-eabi/8.3.1/../../../../arm-none-eabi/lib/libc.a
END GROUP
                0x0000000000000004                __und_stack_size__ = 0x4
                0x0000000000000004                __abt_stack_size__ = 0x4
                0x0000000000000010                __fiq_stack_size__ = 0x10
                0x0000000000000080                __irq_stack_size__ = 0x80
                0x0000000000000004                __svc_stack_size__ = 0x4
                0x0000000000000400                __sys_stack_size__ = 0x400
                0x000000000000049c                __stacks_total_size__ = (((((__und_stack_size__ + __abt_stack_size__) + __fiq_stack_size__) + __irq_stack_size__) + __svc_stack_size__) + __sys_stack_size__)
                0x0000000000008000                __ram_start__ = ORIGIN (ram)
                0x0000000005ffffe0                __ram_size__ = LENGTH (ram)
                0x0000000006007fe0                __ram_end__ = (__ram_start__ + __ram_size__)
                0x0000000000000000                . = 0x0

.text           0x0000000000008000     0x1ddc
                0x0000000000008000                _text = .
 *(vectors)
 vectors        0x0000000000008000       0x40 build/obj/vectors.o
 *(.text)
 .text          0x0000000000008040       0xa8 build/obj/crt0.o
                0x0000000000008040                ResetHandler
                0x00000000000080c0                _main_exit_handler
 *fill*         0x00000000000080e8        0x8 
 .text          0x00000000000080f0       0x84 build/obj/chcoreasm.o
                0x00000000000080f0                _port_switch_arm
                0x0000000000008100                _port_irq_common
                0x0000000000008160                _port_thread_start
 *fill*         0x0000000000008174        0xc 
 .text          0x0000000000008180       0x38 build/obj/vectors.o
                0x0000000000008180                FiqHandler
                0x0000000000008180                UndHandler
                0x0000000000008180                AbortHandler
                0x0000000000008180                _unhandled_exception
                0x0000000000008180                SwiHandler
                0x0000000000008180                PrefetchHandler
                0x0000000000008184                __early_init
                0x00000000000081a0                arm_enable_irq
                0x00000000000081b0                get_cpsr
 *(.text.*)
 *fill*         0x00000000000081b8        0x8 
 .text._idle_thread
                0x00000000000081c0       0x20 build/obj/chsys.o
                0x00000000000081c0                _idle_thread
 .text.chSysInit
                0x00000000000081e0       0x78 build/obj/chsys.o
                0x00000000000081e0                chSysInit
 *fill*         0x0000000000008258        0x8 
 .text.chSysTimerHandlerI
                0x0000000000008260       0x80 build/obj/chsys.o
                0x0000000000008260                chSysTimerHandlerI
 .text._vt_init
                0x00000000000082e0       0x24 build/obj/chvt.o
                0x00000000000082e0                _vt_init
 *fill*         0x0000000000008304        0xc 
 .text.chVTSetI
                0x0000000000008310       0x64 build/obj/chvt.o
                0x0000000000008310                chVTSetI
 *fill*         0x0000000000008374        0xc 
 .text.chVTResetI
                0x0000000000008380       0x3c build/obj/chvt.o
                0x0000000000008380                chVTResetI
 *fill*         0x00000000000083bc        0x4 
 .text.wakeup   0x00000000000083c0       0xb0 build/obj/chschd.o
 .text._scheduler_init
                0x0000000000008470       0x24 build/obj/chschd.o
                0x0000000000008470                _scheduler_init
 *fill*         0x0000000000008494        0xc 
 .text.chSchReadyI
                0x00000000000084a0       0x48 build/obj/chschd.o
                0x00000000000084a0                chSchReadyI
 *fill*         0x00000000000084e8        0x8 
 .text.chSchGoSleepS
                0x00000000000084f0       0x3c build/obj/chschd.o
                0x00000000000084f0                chSchGoSleepS
 *fill*         0x000000000000852c        0x4 
 .text.chSchGoSleepTimeoutS
                0x0000000000008530       0x74 build/obj/chschd.o
                0x0000000000008530                chSchGoSleepTimeoutS
 *fill*         0x00000000000085a4        0xc 
 .text.chSchWakeupS
                0x00000000000085b0       0xac build/obj/chschd.o
                0x00000000000085b0                chSchWakeupS
 *fill*         0x000000000000865c        0x4 
 .text.chSchIsPreemptionRequired
                0x0000000000008660       0x28 build/obj/chschd.o
                0x0000000000008660                chSchIsPreemptionRequired
 *fill*         0x0000000000008688        0x8 
 .text.chSchDoRescheduleAhead
                0x0000000000008690       0x70 build/obj/chschd.o
                0x0000000000008690                chSchDoRescheduleAhead
 .text.chSchDoReschedule
                0x0000000000008700        0x4 build/obj/chschd.o
                0x0000000000008700                chSchDoReschedule
 *fill*         0x0000000000008704        0xc 
 .text._thread_init
                0x0000000000008710       0x64 build/obj/chthreads.o
                0x0000000000008710                _thread_init
 *fill*         0x0000000000008774        0xc 
 .text.chThdCreateStatic
                0x0000000000008780       0xa0 build/obj/chthreads.o
                0x0000000000008780                chThdCreateStatic
 .text.chThdExitS
                0x0000000000008820       0x64 build/obj/chthreads.o
                0x0000000000008820                chThdExitS
 *fill*         0x0000000000008884        0xc 
 .text.chThdExit
                0x0000000000008890        0x8 build/obj/chthreads.o
                0x0000000000008890                chThdExit
 *fill*         0x0000000000008898        0x8 
 .text.chThdWait
                0x00000000000088a0       0x50 build/obj/chthreads.o
                0x00000000000088a0                chThdWait
 .text.chThdRelease
                0x00000000000088f0       0x50 build/obj/chdynamic.o
                0x00000000000088f0                chThdRelease
 .text.chMtxInit
                0x0000000000008940       0x14 build/obj/chmtx.o
                0x0000000000008940                chMtxInit
 *fill*         0x0000000000008954        0xc 
 .text.chMtxLockS
                0x0000000000008960      0x180 build/obj/chmtx.o
                0x0000000000008960                chMtxLockS
 .text.chMtxLock
                0x0000000000008ae0       0x14 build/obj/chmtx.o
                0x0000000000008ae0                chMtxLock
 *fill*         0x0000000000008af4        0xc 
 .text.chMtxUnlock
                0x0000000000008b00       0xa0 build/obj/chmtx.o
                0x0000000000008b00                chMtxUnlock
 .text.chEvtSignalI
                0x0000000000008ba0       0x50 build/obj/chevents.o
                0x0000000000008ba0                chEvtSignalI
 .text.chEvtBroadcastFlagsI
                0x0000000000008bf0       0x40 build/obj/chevents.o
                0x0000000000008bf0                chEvtBroadcastFlagsI
 .text.qwait    0x0000000000008c30       0x3c build/obj/chqueues.o
 *fill*         0x0000000000008c6c        0x4 
 .text.chIQInit
                0x0000000000008c70       0x38 build/obj/chqueues.o
                0x0000000000008c70                chIQInit
 *fill*         0x0000000000008ca8        0x8 
 .text.chIQPutI
                0x0000000000008cb0       0x88 build/obj/chqueues.o
                0x0000000000008cb0                chIQPutI
 *fill*         0x0000000000008d38        0x8 
 .text.chIQGetTimeout
                0x0000000000008d40       0x74 build/obj/chqueues.o
                0x0000000000008d40                chIQGetTimeout
 *fill*         0x0000000000008db4        0xc 
 .text.chIQReadTimeout
                0x0000000000008dc0       0xa8 build/obj/chqueues.o
                0x0000000000008dc0                chIQReadTimeout
 *fill*         0x0000000000008e68        0x8 
 .text.chOQInit
                0x0000000000008e70       0x34 build/obj/chqueues.o
                0x0000000000008e70                chOQInit
 *fill*         0x0000000000008ea4        0xc 
 .text.chOQPutTimeout
                0x0000000000008eb0       0x8c build/obj/chqueues.o
                0x0000000000008eb0                chOQPutTimeout
 *fill*         0x0000000000008f3c        0x4 
 .text.chOQGetI
                0x0000000000008f40       0x80 build/obj/chqueues.o
                0x0000000000008f40                chOQGetI
 .text.chOQWriteTimeout
                0x0000000000008fc0       0xb0 build/obj/chqueues.o
                0x0000000000008fc0                chOQWriteTimeout
 .text._core_init
                0x0000000000009070       0x34 build/obj/chmemcore.o
                0x0000000000009070                _core_init
 *fill*         0x00000000000090a4        0xc 
 .text.chCoreAlloc
                0x00000000000090b0       0x44 build/obj/chmemcore.o
                0x00000000000090b0                chCoreAlloc
 *fill*         0x00000000000090f4        0xc 
 .text._heap_init
                0x0000000000009100       0x28 build/obj/chheap.o
                0x0000000000009100                _heap_init
 *fill*         0x0000000000009128        0x8 
 .text.chHeapFree
                0x0000000000009130       0xb8 build/obj/chheap.o
                0x0000000000009130                chHeapFree
 *fill*         0x00000000000091e8        0x8 
 .text.halInit  0x00000000000091f0       0x2c build/obj/hal.o
                0x00000000000091f0                halInit
 *fill*         0x000000000000921c        0x4 
 .text.i2cInit  0x0000000000009220        0x4 build/obj/i2c.o
                0x0000000000009220                i2cInit
 *fill*         0x0000000000009224        0xc 
 .text.i2cObjectInit
                0x0000000000009230       0x18 build/obj/i2c.o
                0x0000000000009230                i2cObjectInit
 *fill*         0x0000000000009248        0x8 
 .text.readt    0x0000000000009250        0x8 build/obj/serial.o
 *fill*         0x0000000000009258        0x8 
 .text.read     0x0000000000009260        0xc build/obj/serial.o
 *fill*         0x000000000000926c        0x4 
 .text.writet   0x0000000000009270        0x8 build/obj/serial.o
 *fill*         0x0000000000009278        0x8 
 .text.write    0x0000000000009280        0xc build/obj/serial.o
 *fill*         0x000000000000928c        0x4 
 .text.gett     0x0000000000009290        0x8 build/obj/serial.o
 *fill*         0x0000000000009298        0x8 
 .text.get      0x00000000000092a0        0xc build/obj/serial.o
 *fill*         0x00000000000092ac        0x4 
 .text.putt     0x00000000000092b0        0x8 build/obj/serial.o
 *fill*         0x00000000000092b8        0x8 
 .text.put      0x00000000000092c0        0xc build/obj/serial.o
 *fill*         0x00000000000092cc        0x4 
 .text.sdInit   0x00000000000092d0        0x4 build/obj/serial.o
                0x00000000000092d0                sdInit
 *fill*         0x00000000000092d4        0xc 
 .text.sdObjectInit
                0x00000000000092e0       0x60 build/obj/serial.o
                0x00000000000092e0                sdObjectInit
 .text.sdIncomingDataI
                0x0000000000009340       0x4c build/obj/serial.o
                0x0000000000009340                sdIncomingDataI
 *fill*         0x000000000000938c        0x4 
 .text.sdRequestDataI
                0x0000000000009390       0x34 build/obj/serial.o
                0x0000000000009390                sdRequestDataI
 *fill*         0x00000000000093c4        0xc 
 .text.spiInit  0x00000000000093d0        0x4 build/obj/spi.o
                0x00000000000093d0                spiInit
 *fill*         0x00000000000093d4        0xc 
 .text.spiObjectInit
                0x00000000000093e0       0x1c build/obj/spi.o
                0x00000000000093e0                spiObjectInit
 *fill*         0x00000000000093fc        0x4 
 .text.tm_start
                0x0000000000009400       0x14 build/obj/tm.o
 *fill*         0x0000000000009414        0xc 
 .text.tm_stop  0x0000000000009420       0x4c build/obj/tm.o
 *fill*         0x000000000000946c        0x4 
 .text.tmInit   0x0000000000009470       0x64 build/obj/tm.o
                0x0000000000009470                tmInit
 *fill*         0x00000000000094d4        0xc 
 .text.IrqHandler
                0x00000000000094e0       0x40 build/obj/hal_lld.o
                0x00000000000094e0                IrqHandler
 .text.hal_lld_init
                0x0000000000009520       0x50 build/obj/hal_lld.o
                0x0000000000009520                hal_lld_init
 .text.set_gpio_in.isra.0
                0x0000000000009570       0x40 build/obj/pal_lld.o
 .text.set_gpio_pud.isra.1
                0x00000000000095b0       0x44 build/obj/pal_lld.o
 *fill*         0x00000000000095f4        0xc 
 .text._pal_lld_init
                0x0000000000009600       0x98 build/obj/pal_lld.o
                0x0000000000009600                _pal_lld_init
 *fill*         0x0000000000009698        0x8 
 .text._pal_lld_setgroupmode
                0x00000000000096a0       0xc8 build/obj/pal_lld.o
                0x00000000000096a0                _pal_lld_setgroupmode
 *fill*         0x0000000000009768        0x8 
 .text._pal_lld_writeport
                0x0000000000009770       0x1c build/obj/pal_lld.o
                0x0000000000009770                _pal_lld_writeport
 *fill*         0x000000000000978c        0x4 
 .text.output_notify
                0x0000000000009790       0x18 build/obj/serial_lld.o
 *fill*         0x00000000000097a8        0x8 
 .text.sd_lld_serve_interrupt
                0x00000000000097b0       0xa8 build/obj/serial_lld.o
                0x00000000000097b0                sd_lld_serve_interrupt
 *fill*         0x0000000000009858        0x8 
 .text.sd_lld_init
                0x0000000000009860       0x18 build/obj/serial_lld.o
                0x0000000000009860                sd_lld_init
 *fill*         0x0000000000009878        0x8 
 .text.i2c_lld_serve_interrupt
                0x0000000000009880      0x14c build/obj/i2c_lld.o
                0x0000000000009880                i2c_lld_serve_interrupt
 *fill*         0x00000000000099cc        0x4 
 .text.i2c_lld_init
                0x00000000000099d0       0x1c build/obj/i2c_lld.o
                0x00000000000099d0                i2c_lld_init
 *fill*         0x00000000000099ec        0x4 
 .text.spi_lld_serve_interrupt
                0x00000000000099f0      0x17c build/obj/spi_lld.o
                0x00000000000099f0                spi_lld_serve_interrupt
 *fill*         0x0000000000009b6c        0x4 
 .text.spi_lld_init
                0x0000000000009b70        0xc build/obj/spi_lld.o
                0x0000000000009b70                spi_lld_init
 *fill*         0x0000000000009b7c        0x4 
 .text.bcm2835_gpio_fnsel
                0x0000000000009b80       0x4c build/obj/bcm2835.o
                0x0000000000009b80                bcm2835_gpio_fnsel
 *fill*         0x0000000000009bcc        0x4 
 .text.bcm2835_delay
                0x0000000000009bd0       0x3c build/obj/bcm2835.o
                0x0000000000009bd0                bcm2835_delay
 *fill*         0x0000000000009c0c        0x4 
 .text.boardInit
                0x0000000000009c10        0x4 build/obj/board.o
                0x0000000000009c10                boardInit
 *fill*         0x0000000000009c14        0xc 
 .text.led_set  0x0000000000009c20       0x38 build/obj/main.o
 *fill*         0x0000000000009c58        0x8 
 .text.led_clear
                0x0000000000009c60       0x38 build/obj/main.o
 *fill*         0x0000000000009c98        0x8 
 .text.evaluator
                0x0000000000009ca0       0x50 build/obj/main.o
 .text.startup.main
                0x0000000000009cf0       0x90 build/obj/main.o
                0x0000000000009cf0                main
 *(.rodata)
 *(.rodata.*)
 .rodata._idle_thread.str1.4
                0x0000000000009d80        0x5 build/obj/chsys.o
 *fill*         0x0000000000009d85        0xb 
 .rodata.ch_debug
                0x0000000000009d90       0x16 build/obj/chregistry.o
                0x0000000000009d90                ch_debug
 *fill*         0x0000000000009da6        0xa 
 .rodata.vmt    0x0000000000009db0       0x20 build/obj/serial.o
 .rodata.pal_default_config
                0x0000000000009dd0        0x0 build/obj/board.o
                0x0000000000009dd0                pal_default_config
 .rodata.evaluator.str1.4
                0x0000000000009dd0        0xc build/obj/main.o
                                          0xa (size before relaxing)
 *(.glue_7t)
 .glue_7t       0x0000000000009ddc        0x0 linker stubs
 *(.glue_7)
 .glue_7        0x0000000000009ddc        0x0 linker stubs
 *(.gcc*)
 *(.ctors)
 *(.dtors)

.vfp11_veneer   0x0000000000009ddc        0x0
 .vfp11_veneer  0x0000000000009ddc        0x0 linker stubs

.v4_bx          0x0000000000009ddc        0x0
 .v4_bx         0x0000000000009ddc        0x0 linker stubs

.iplt           0x0000000000009ddc        0x0
 .iplt          0x0000000000009ddc        0x0 build/obj/crt0.o

.rel.dyn        0x0000000000009ddc        0x0
 .rel.iplt      0x0000000000009ddc        0x0 build/obj/crt0.o

.ARM.extab
 *(.ARM.extab* .gnu.linkonce.armextab.*)
                0x0000000000009ddc                __exidx_start = .

.ARM.exidx
 *(.ARM.exidx* .gnu.linkonce.armexidx.*)
                0x0000000000009ddc                __exidx_end = .

.eh_frame_hdr
 *(.eh_frame_hdr)

.eh_frame
 *(.eh_frame)
                0x0000000000009ddc                . = ALIGN (0x4)
                0x0000000000009ddc                _etext = .
                0x0000000000009ddc                _textdata = _etext

.data           0x0000000000009ddc        0x0
                0x0000000000009ddc                _data = .
 *(.data)
                0x0000000000009ddc                . = ALIGN (0x4)
 *(.data.*)
                0x0000000000009ddc                . = ALIGN (0x4)
 *(.ramtext)
                0x0000000000009ddc                . = ALIGN (0x4)
                0x0000000000009ddc                _edata = .

.igot.plt       0x0000000000009ddc        0x0
 .igot.plt      0x0000000000009ddc        0x0 build/obj/crt0.o

.bss            0x0000000000009ddc      0x3c0
                0x0000000000009ddc                _bss_start = .
 *(.bss)
                0x0000000000009ddc                . = ALIGN (0x4)
 *(.bss.*)
 .bss.mainthread.4815
                0x0000000000009ddc       0x44 build/obj/chsys.o
 .bss.endmem    0x0000000000009e20        0x4 build/obj/chmemcore.o
 .bss.nextmem   0x0000000000009e24        0x4 build/obj/chmemcore.o
 .bss.default_heap
                0x0000000000009e28       0x1c build/obj/chheap.o
 .bss.measurement_offset
                0x0000000000009e44        0x4 build/obj/tm.o
 .bss.led_vt1   0x0000000000009e48       0x14 build/obj/main.o
 .bss.led_vt2   0x0000000000009e5c       0x14 build/obj/main.o
 .bss.waThread1
                0x0000000000009e70      0x118 build/obj/main.o
                0x0000000000009f88                . = ALIGN (0x4)
 *(COMMON)
 COMMON         0x0000000000009f88       0x9c build/obj/chsys.o
                0x0000000000009f88                _idle_thread_wa
 COMMON         0x000000000000a024       0x10 build/obj/chvt.o
                0x000000000000a024                vtlist
 COMMON         0x000000000000a034       0x1c build/obj/chschd.o
                0x000000000000a034                rlist
 COMMON         0x000000000000a050       0x30 build/obj/pal_lld.o
                0x000000000000a050                IOPORT1
                0x000000000000a068                IOPORT0
 COMMON         0x000000000000a080       0x74 build/obj/serial_lld.o
                0x000000000000a080                SD1
 COMMON         0x000000000000a0f4       0x80 build/obj/i2c_lld.o
                0x000000000000a0f4                I2C1
                0x000000000000a134                I2C0
 COMMON         0x000000000000a174       0x28 build/obj/spi_lld.o
                0x000000000000a174                SPI0
                0x000000000000a19c                . = ALIGN (0x4)
                0x000000000000a19c                _bss_end = .
                [!provide]                        PROVIDE (end = .)
                0x000000000000a19c                _end = .
                0x000000000000a19c                __heap_base__ = _end
                0x0000000006007b44                __heap_end__ = (__ram_end__ - __stacks_total_size__)
                0x0000000006007b44                __main_thread_stack_base__ = (__ram_end__ - __stacks_total_size__)
OUTPUT(build/ch.elf elf32-littlearm)

.ARM.attributes
                0x0000000000000000       0x2b
 .ARM.attributes
                0x0000000000000000       0x1d build/obj/crt0.o
 .ARM.attributes
                0x000000000000001d       0x1d build/obj/chcoreasm.o
 .ARM.attributes
                0x000000000000003a       0x1d build/obj/vectors.o
 .ARM.attributes
                0x0000000000000057       0x2f build/obj/chsys.o
 .ARM.attributes
                0x0000000000000086       0x2f build/obj/chvt.o
 .ARM.attributes
                0x00000000000000b5       0x2f build/obj/chschd.o
 .ARM.attributes
                0x00000000000000e4       0x2f build/obj/chthreads.o
 .ARM.attributes
                0x0000000000000113       0x2f build/obj/chdynamic.o
 .ARM.attributes
                0x0000000000000142       0x2f build/obj/chregistry.o
 .ARM.attributes
                0x0000000000000171       0x2f build/obj/chmtx.o
 .ARM.attributes
                0x00000000000001a0       0x2f build/obj/chevents.o
 .ARM.attributes
                0x00000000000001cf       0x2f build/obj/chqueues.o
 .ARM.attributes
                0x00000000000001fe       0x2f build/obj/chmemcore.o
 .ARM.attributes
                0x000000000000022d       0x2f build/obj/chheap.o
 .ARM.attributes
                0x000000000000025c       0x2f build/obj/hal.o
 .ARM.attributes
                0x000000000000028b       0x2f build/obj/i2c.o
 .ARM.attributes
                0x00000000000002ba       0x2f build/obj/serial.o
 .ARM.attributes
                0x00000000000002e9       0x2f build/obj/spi.o
 .ARM.attributes
                0x0000000000000318       0x2f build/obj/tm.o
 .ARM.attributes
                0x0000000000000347       0x2f build/obj/hal_lld.o
 .ARM.attributes
                0x0000000000000376       0x2f build/obj/pal_lld.o
 .ARM.attributes
                0x00000000000003a5       0x2f build/obj/serial_lld.o
 .ARM.attributes
                0x00000000000003d4       0x2f build/obj/i2c_lld.o
 .ARM.attributes
                0x0000000000000403       0x2f build/obj/spi_lld.o
 .ARM.attributes
                0x0000000000000432       0x2f build/obj/bcm2835.o
 .ARM.attributes
                0x0000000000000461       0x2f build/obj/board.o
 .ARM.attributes
                0x0000000000000490       0x2f build/obj/main.o

.comment        0x0000000000000000       0x76
 .comment       0x0000000000000000       0x76 build/obj/chsys.o
                                         0x77 (size before relaxing)
 .comment       0x0000000000000076       0x77 build/obj/chvt.o
 .comment       0x0000000000000076       0x77 build/obj/chschd.o
 .comment       0x0000000000000076       0x77 build/obj/chthreads.o
 .comment       0x0000000000000076       0x77 build/obj/chdynamic.o
 .comment       0x0000000000000076       0x77 build/obj/chregistry.o
 .comment       0x0000000000000076       0x77 build/obj/chmtx.o
 .comment       0x0000000000000076       0x77 build/obj/chevents.o
 .comment       0x0000000000000076       0x77 build/obj/chqueues.o
 .comment       0x0000000000000076       0x77 build/obj/chmemcore.o
 .comment       0x0000000000000076       0x77 build/obj/chheap.o
 .comment       0x0000000000000076       0x77 build/obj/hal.o
 .comment       0x0000000000000076       0x77 build/obj/i2c.o
 .comment       0x0000000000000076       0x77 build/obj/serial.o
 .comment       0x0000000000000076       0x77 build/obj/spi.o
 .comment       0x0000000000000076       0x77 build/obj/tm.o
 .comment       0x0000000000000076       0x77 build/obj/hal_lld.o
 .comment       0x0000000000000076       0x77 build/obj/pal_lld.o
 .comment       0x0000000000000076       0x77 build/obj/serial_lld.o
 .comment       0x0000000000000076       0x77 build/obj/i2c_lld.o
 .comment       0x0000000000000076       0x77 build/obj/spi_lld.o
 .comment       0x0000000000000076       0x77 build/obj/bcm2835.o
 .comment       0x0000000000000076       0x77 build/obj/board.o
 .comment       0x0000000000000076       0x77 build/obj/main.o

.debug_info     0x0000000000000000    0x1429e
 .debug_info    0x0000000000000000      0x7d4 build/obj/chsys.o
 .debug_info    0x00000000000007d4      0x76e build/obj/chvt.o
 .debug_info    0x0000000000000f42      0xc33 build/obj/chschd.o
 .debug_info    0x0000000000001b75      0xc3f build/obj/chthreads.o
 .debug_info    0x00000000000027b4      0x8fc build/obj/chdynamic.o
 .debug_info    0x00000000000030b0      0x6fa build/obj/chregistry.o
 .debug_info    0x00000000000037aa      0xc39 build/obj/chmtx.o
 .debug_info    0x00000000000043e3      0xd65 build/obj/chevents.o
 .debug_info    0x0000000000005148      0xd82 build/obj/chqueues.o
 .debug_info    0x0000000000005eca      0x7a6 build/obj/chmemcore.o
 .debug_info    0x0000000000006670      0x9e7 build/obj/chheap.o
 .debug_info    0x0000000000007057      0xfb1 build/obj/hal.o
 .debug_info    0x0000000000008008     0x115c build/obj/i2c.o
 .debug_info    0x0000000000009164     0x14f2 build/obj/serial.o
 .debug_info    0x000000000000a656     0x144c build/obj/spi.o
 .debug_info    0x000000000000baa2      0xf94 build/obj/tm.o
 .debug_info    0x000000000000ca36      0xf5d build/obj/hal_lld.o
 .debug_info    0x000000000000d993     0x117a build/obj/pal_lld.o
 .debug_info    0x000000000000eb0d     0x11b9 build/obj/serial_lld.o
 .debug_info    0x000000000000fcc6     0x12a2 build/obj/i2c_lld.o
 .debug_info    0x0000000000010f68     0x1397 build/obj/spi_lld.o
 .debug_info    0x00000000000122ff      0x13a build/obj/bcm2835.o
 .debug_info    0x0000000000012439      0xe0a build/obj/board.o
 .debug_info    0x0000000000013243     0x105b build/obj/main.o

.debug_abbrev   0x0000000000000000     0x3a0c
 .debug_abbrev  0x0000000000000000      0x1d9 build/obj/chsys.o
 .debug_abbrev  0x00000000000001d9      0x1b0 build/obj/chvt.o
 .debug_abbrev  0x0000000000000389      0x39a build/obj/chschd.o
 .debug_abbrev  0x0000000000000723      0x33a build/obj/chthreads.o
 .debug_abbrev  0x0000000000000a5d      0x20a build/obj/chdynamic.o
 .debug_abbrev  0x0000000000000c67      0x16b build/obj/chregistry.o
 .debug_abbrev  0x0000000000000dd2      0x2fc build/obj/chmtx.o
 .debug_abbrev  0x00000000000010ce      0x2d2 build/obj/chevents.o
 .debug_abbrev  0x00000000000013a0      0x337 build/obj/chqueues.o
 .debug_abbrev  0x00000000000016d7      0x1fc build/obj/chmemcore.o
 .debug_abbrev  0x00000000000018d3      0x210 build/obj/chheap.o
 .debug_abbrev  0x0000000000001ae3      0x264 build/obj/hal.o
 .debug_abbrev  0x0000000000001d47      0x241 build/obj/i2c.o
 .debug_abbrev  0x0000000000001f88      0x298 build/obj/serial.o
 .debug_abbrev  0x0000000000002220      0x233 build/obj/spi.o
 .debug_abbrev  0x0000000000002453      0x270 build/obj/tm.o
 .debug_abbrev  0x00000000000026c3      0x23f build/obj/hal_lld.o
 .debug_abbrev  0x0000000000002902      0x296 build/obj/pal_lld.o
 .debug_abbrev  0x0000000000002b98      0x346 build/obj/serial_lld.o
 .debug_abbrev  0x0000000000002ede      0x33c build/obj/i2c_lld.o
 .debug_abbrev  0x000000000000321a      0x382 build/obj/spi_lld.o
 .debug_abbrev  0x000000000000359c       0xaf build/obj/bcm2835.o
 .debug_abbrev  0x000000000000364b      0x181 build/obj/board.o
 .debug_abbrev  0x00000000000037cc      0x240 build/obj/main.o

.debug_loc      0x0000000000000000     0x3e3c
 .debug_loc     0x0000000000000000       0x37 build/obj/chsys.o
 .debug_loc     0x0000000000000037      0x117 build/obj/chvt.o
 .debug_loc     0x000000000000014e      0x3f3 build/obj/chschd.o
 .debug_loc     0x0000000000000541      0x4bc build/obj/chthreads.o
 .debug_loc     0x00000000000009fd      0x117 build/obj/chdynamic.o
 .debug_loc     0x0000000000000b14       0x4f build/obj/chregistry.o
 .debug_loc     0x0000000000000b63      0x497 build/obj/chmtx.o
 .debug_loc     0x0000000000000ffa      0x6dc build/obj/chevents.o
 .debug_loc     0x00000000000016d6      0x58d build/obj/chqueues.o
 .debug_loc     0x0000000000001c63      0x12a build/obj/chmemcore.o
 .debug_loc     0x0000000000001d8d      0x3f4 build/obj/chheap.o
 .debug_loc     0x0000000000002181      0x131 build/obj/hal.o
 .debug_loc     0x00000000000022b2      0x267 build/obj/i2c.o
 .debug_loc     0x0000000000002519      0x579 build/obj/serial.o
 .debug_loc     0x0000000000002a92      0x4ac build/obj/spi.o
 .debug_loc     0x0000000000002f3e       0x4e build/obj/tm.o
 .debug_loc     0x0000000000002f8c       0x96 build/obj/hal_lld.o
 .debug_loc     0x0000000000003022      0x362 build/obj/pal_lld.o
 .debug_loc     0x0000000000003384      0x1e3 build/obj/serial_lld.o
 .debug_loc     0x0000000000003567      0x425 build/obj/i2c_lld.o
 .debug_loc     0x000000000000398c      0x396 build/obj/spi_lld.o
 .debug_loc     0x0000000000003d22       0xab build/obj/bcm2835.o
 .debug_loc     0x0000000000003dcd       0x6f build/obj/main.o

.debug_aranges  0x0000000000000000      0x798
 .debug_aranges
                0x0000000000000000       0x30 build/obj/chsys.o
 .debug_aranges
                0x0000000000000030       0x38 build/obj/chvt.o
 .debug_aranges
                0x0000000000000068       0x70 build/obj/chschd.o
 .debug_aranges
                0x00000000000000d8       0x78 build/obj/chthreads.o
 .debug_aranges
                0x0000000000000150       0x30 build/obj/chdynamic.o
 .debug_aranges
                0x0000000000000180       0x28 build/obj/chregistry.o
 .debug_aranges
                0x00000000000001a8       0x58 build/obj/chmtx.o
 .debug_aranges
                0x0000000000000200       0xa0 build/obj/chevents.o
 .debug_aranges
                0x00000000000002a0       0x70 build/obj/chqueues.o
 .debug_aranges
                0x0000000000000310       0x38 build/obj/chmemcore.o
 .debug_aranges
                0x0000000000000348       0x40 build/obj/chheap.o
 .debug_aranges
                0x0000000000000388       0x30 build/obj/hal.o
 .debug_aranges
                0x00000000000003b8       0x60 build/obj/i2c.o
 .debug_aranges
                0x0000000000000418       0x88 build/obj/serial.o
 .debug_aranges
                0x00000000000004a0       0x98 build/obj/spi.o
 .debug_aranges
                0x0000000000000538       0x38 build/obj/tm.o
 .debug_aranges
                0x0000000000000570       0x48 build/obj/hal_lld.o
 .debug_aranges
                0x00000000000005b8       0x40 build/obj/pal_lld.o
 .debug_aranges
                0x00000000000005f8       0x60 build/obj/serial_lld.o
 .debug_aranges
                0x0000000000000658       0x50 build/obj/i2c_lld.o
 .debug_aranges
                0x00000000000006a8       0x70 build/obj/spi_lld.o
 .debug_aranges
                0x0000000000000718       0x28 build/obj/bcm2835.o
 .debug_aranges
                0x0000000000000740       0x20 build/obj/board.o
 .debug_aranges
                0x0000000000000760       0x38 build/obj/main.o

.debug_ranges   0x0000000000000000      0xca8
 .debug_ranges  0x0000000000000000       0x38 build/obj/chsys.o
 .debug_ranges  0x0000000000000038       0x28 build/obj/chvt.o
 .debug_ranges  0x0000000000000060      0x188 build/obj/chschd.o
 .debug_ranges  0x00000000000001e8      0x108 build/obj/chthreads.o
 .debug_ranges  0x00000000000002f0       0x20 build/obj/chdynamic.o
 .debug_ranges  0x0000000000000310       0x18 build/obj/chregistry.o
 .debug_ranges  0x0000000000000328      0x208 build/obj/chmtx.o
 .debug_ranges  0x0000000000000530       0xa8 build/obj/chevents.o
 .debug_ranges  0x00000000000005d8       0xf0 build/obj/chqueues.o
 .debug_ranges  0x00000000000006c8       0x28 build/obj/chmemcore.o
 .debug_ranges  0x00000000000006f0       0x30 build/obj/chheap.o
 .debug_ranges  0x0000000000000720       0x40 build/obj/hal.o
 .debug_ranges  0x0000000000000760       0x50 build/obj/i2c.o
 .debug_ranges  0x00000000000007b0       0x78 build/obj/serial.o
 .debug_ranges  0x0000000000000828       0x88 build/obj/spi.o
 .debug_ranges  0x00000000000008b0       0x80 build/obj/tm.o
 .debug_ranges  0x0000000000000930       0x68 build/obj/hal_lld.o
 .debug_ranges  0x0000000000000998       0x70 build/obj/pal_lld.o
 .debug_ranges  0x0000000000000a08       0xd0 build/obj/serial_lld.o
 .debug_ranges  0x0000000000000ad8       0x78 build/obj/i2c_lld.o
 .debug_ranges  0x0000000000000b50      0x108 build/obj/spi_lld.o
 .debug_ranges  0x0000000000000c58       0x18 build/obj/bcm2835.o
 .debug_ranges  0x0000000000000c70       0x10 build/obj/board.o
 .debug_ranges  0x0000000000000c80       0x28 build/obj/main.o

.debug_line     0x0000000000000000     0x7557
 .debug_line    0x0000000000000000      0x2c5 build/obj/chsys.o
 .debug_line    0x00000000000002c5      0x2f3 build/obj/chvt.o
 .debug_line    0x00000000000005b8      0x72c build/obj/chschd.o
 .debug_line    0x0000000000000ce4      0x759 build/obj/chthreads.o
 .debug_line    0x000000000000143d      0x2ed build/obj/chdynamic.o
 .debug_line    0x000000000000172a      0x298 build/obj/chregistry.o
 .debug_line    0x00000000000019c2      0x7de build/obj/chmtx.o
 .debug_line    0x00000000000021a0      0x77a build/obj/chevents.o
 .debug_line    0x000000000000291a      0x824 build/obj/chqueues.o
 .debug_line    0x000000000000313e      0x2fa build/obj/chmemcore.o
 .debug_line    0x0000000000003438      0x4c1 build/obj/chheap.o
 .debug_line    0x00000000000038f9      0x3d5 build/obj/hal.o
 .debug_line    0x0000000000003cce      0x4a1 build/obj/i2c.o
 .debug_line    0x000000000000416f      0x500 build/obj/serial.o
 .debug_line    0x000000000000466f      0x65f build/obj/spi.o
 .debug_line    0x0000000000004cce      0x3f1 build/obj/tm.o
 .debug_line    0x00000000000050bf      0x415 build/obj/hal_lld.o
 .debug_line    0x00000000000054d4      0x46e build/obj/pal_lld.o
 .debug_line    0x0000000000005942      0x637 build/obj/serial_lld.o
 .debug_line    0x0000000000005f79      0x6b2 build/obj/i2c_lld.o
 .debug_line    0x000000000000662b      0x797 build/obj/spi_lld.o
 .debug_line    0x0000000000006dc2      0x189 build/obj/bcm2835.o
 .debug_line    0x0000000000006f4b      0x2bf build/obj/board.o
 .debug_line    0x000000000000720a      0x34d build/obj/main.o

.debug_str      0x0000000000000000     0x16ba
 .debug_str     0x0000000000000000      0x504 build/obj/chsys.o
                                        0x56e (size before relaxing)
 .debug_str     0x0000000000000504       0x4c build/obj/chvt.o
                                        0x527 (size before relaxing)
 .debug_str     0x0000000000000550      0x112 build/obj/chschd.o
                                        0x60f (size before relaxing)
 .debug_str     0x0000000000000662       0xda build/obj/chthreads.o
                                        0x63c (size before relaxing)
 .debug_str     0x000000000000073c       0xab build/obj/chdynamic.o
                                        0x5c1 (size before relaxing)
 .debug_str     0x00000000000007e7       0x42 build/obj/chregistry.o
                                        0x51d (size before relaxing)
 .debug_str     0x0000000000000829       0x8a build/obj/chmtx.o
                                        0x5ac (size before relaxing)
 .debug_str     0x00000000000008b3      0x1b9 build/obj/chevents.o
                                        0x6d0 (size before relaxing)
 .debug_str     0x0000000000000a6c      0x126 build/obj/chqueues.o
                                        0x637 (size before relaxing)
 .debug_str     0x0000000000000b92       0x70 build/obj/chmemcore.o
                                        0x54e (size before relaxing)
 .debug_str     0x0000000000000c02       0x48 build/obj/chheap.o
                                        0x5bb (size before relaxing)
 .debug_str     0x0000000000000c4a      0x392 build/obj/hal.o
                                        0x952 (size before relaxing)
 .debug_str     0x0000000000000fdc       0xfc build/obj/i2c.o
                                        0x9d4 (size before relaxing)
 .debug_str     0x00000000000010d8       0xa1 build/obj/serial.o
                                        0xa03 (size before relaxing)
 .debug_str     0x0000000000001179      0x158 build/obj/spi.o
                                        0xa36 (size before relaxing)
 .debug_str     0x00000000000012d1       0x67 build/obj/tm.o
                                        0x92c (size before relaxing)
 .debug_str     0x0000000000001338      0x100 build/obj/hal_lld.o
                                        0x9d0 (size before relaxing)
 .debug_str     0x0000000000001438       0xb2 build/obj/pal_lld.o
                                        0x977 (size before relaxing)
 .debug_str     0x00000000000014ea       0x84 build/obj/serial_lld.o
                                        0x9e7 (size before relaxing)
 .debug_str     0x000000000000156e       0x45 build/obj/i2c_lld.o
                                        0x9ce (size before relaxing)
 .debug_str     0x00000000000015b3       0x54 build/obj/spi_lld.o
                                        0x9cb (size before relaxing)
 .debug_str     0x0000000000001607       0x4b build/obj/bcm2835.o
                                        0x223 (size before relaxing)
 .debug_str     0x0000000000001652       0x26 build/obj/board.o
                                        0x8d8 (size before relaxing)
 .debug_str     0x0000000000001678       0x42 build/obj/main.o
                                        0x957 (size before relaxing)

.debug_frame    0x0000000000000000     0x1298
 .debug_frame   0x0000000000000000       0x5c build/obj/chsys.o
 .debug_frame   0x000000000000005c       0x50 build/obj/chvt.o
 .debug_frame   0x00000000000000ac      0x11c build/obj/chschd.o
 .debug_frame   0x00000000000001c8      0x170 build/obj/chthreads.o
 .debug_frame   0x0000000000000338       0x58 build/obj/chdynamic.o
 .debug_frame   0x0000000000000390       0x3c build/obj/chregistry.o
 .debug_frame   0x00000000000003cc       0xe4 build/obj/chmtx.o
 .debug_frame   0x00000000000004b0      0x1d8 build/obj/chevents.o
 .debug_frame   0x0000000000000688      0x168 build/obj/chqueues.o
 .debug_frame   0x00000000000007f0       0x50 build/obj/chmemcore.o
 .debug_frame   0x0000000000000840       0xb4 build/obj/chheap.o
 .debug_frame   0x00000000000008f4       0x50 build/obj/hal.o
 .debug_frame   0x0000000000000944       0xe4 build/obj/i2c.o
 .debug_frame   0x0000000000000a28      0x14c build/obj/serial.o
 .debug_frame   0x0000000000000b74      0x1a0 build/obj/spi.o
 .debug_frame   0x0000000000000d14       0x60 build/obj/tm.o
 .debug_frame   0x0000000000000d74       0x78 build/obj/hal_lld.o
 .debug_frame   0x0000000000000dec       0xc8 build/obj/pal_lld.o
 .debug_frame   0x0000000000000eb4       0xe4 build/obj/serial_lld.o
 .debug_frame   0x0000000000000f98       0xfc build/obj/i2c_lld.o
 .debug_frame   0x0000000000001094      0x10c build/obj/spi_lld.o
 .debug_frame   0x00000000000011a0       0x40 build/obj/bcm2835.o
 .debug_frame   0x00000000000011e0       0x20 build/obj/board.o
 .debug_frame   0x0000000000001200       0x98 build/obj/main.o

Cross Reference Table

Symbol                                            File
AbortHandler                                      build/obj/vectors.o
FiqHandler                                        build/obj/vectors.o
I2C0                                              build/obj/i2c_lld.o
                                                  build/obj/hal_lld.o
I2C1                                              build/obj/i2c_lld.o
IOPORT0                                           build/obj/pal_lld.o
                                                  build/obj/main.o
IOPORT1                                           build/obj/pal_lld.o
IrqHandler                                        build/obj/hal_lld.o
                                                  build/obj/vectors.o
PrefetchHandler                                   build/obj/vectors.o
ResetHandler                                      build/obj/crt0.o
                                                  build/obj/vectors.o
SD1                                               build/obj/serial_lld.o
                                                  build/obj/hal_lld.o
SPI0                                              build/obj/spi_lld.o
                                                  build/obj/hal_lld.o
SwiHandler                                        build/obj/vectors.o
TestThread                                        build/obj/test.o
UndHandler                                        build/obj/vectors.o
__abt_stack_size__                                build/obj/crt0.o
__adddf3                                          /usr/local/Cellar/arm-gcc-bin/8-2019-q3-update/bin/../lib/gcc/arm-none-eabi/8.3.1/libgcc.a(_arm_addsubdf3.o)
__aeabi_cfcmpeq                                   /usr/local/Cellar/arm-gcc-bin/8-2019-q3-update/bin/../lib/gcc/arm-none-eabi/8.3.1/libgcc.a(_arm_cmpsf2.o)
__aeabi_cfcmple                                   /usr/local/Cellar/arm-gcc-bin/8-2019-q3-update/bin/../lib/gcc/arm-none-eabi/8.3.1/libgcc.a(_arm_cmpsf2.o)
__aeabi_cfrcmple                                  /usr/local/Cellar/arm-gcc-bin/8-2019-q3-update/bin/../lib/gcc/arm-none-eabi/8.3.1/libgcc.a(_arm_cmpsf2.o)
__aeabi_d2f                                       /usr/local/Cellar/arm-gcc-bin/8-2019-q3-update/bin/../lib/gcc/arm-none-eabi/8.3.1/libgcc.a(_arm_truncdfsf2.o)
                                                  build/obj/chprintf.o
__aeabi_d2iz                                      /usr/local/Cellar/arm-gcc-bin/8-2019-q3-update/bin/../lib/gcc/arm-none-eabi/8.3.1/libgcc.a(_arm_fixdfsi.o)
                                                  build/obj/chprintf.o
__aeabi_dadd                                      /usr/local/Cellar/arm-gcc-bin/8-2019-q3-update/bin/../lib/gcc/arm-none-eabi/8.3.1/libgcc.a(_arm_addsubdf3.o)
__aeabi_ddiv                                      /usr/local/Cellar/arm-gcc-bin/8-2019-q3-update/bin/../lib/gcc/arm-none-eabi/8.3.1/libgcc.a(_arm_muldivdf3.o)
__aeabi_dmul                                      /usr/local/Cellar/arm-gcc-bin/8-2019-q3-update/bin/../lib/gcc/arm-none-eabi/8.3.1/libgcc.a(_arm_muldivdf3.o)
                                                  build/obj/chprintf.o
__aeabi_drsub                                     /usr/local/Cellar/arm-gcc-bin/8-2019-q3-update/bin/../lib/gcc/arm-none-eabi/8.3.1/libgcc.a(_arm_addsubdf3.o)
__aeabi_dsub                                      /usr/local/Cellar/arm-gcc-bin/8-2019-q3-update/bin/../lib/gcc/arm-none-eabi/8.3.1/libgcc.a(_arm_addsubdf3.o)
                                                  build/obj/chprintf.o
__aeabi_f2d                                       /usr/local/Cellar/arm-gcc-bin/8-2019-q3-update/bin/../lib/gcc/arm-none-eabi/8.3.1/libgcc.a(_arm_addsubdf3.o)
                                                  build/obj/chprintf.o
__aeabi_f2iz                                      /usr/local/Cellar/arm-gcc-bin/8-2019-q3-update/bin/../lib/gcc/arm-none-eabi/8.3.1/libgcc.a(_arm_fixsfsi.o)
                                                  build/obj/chprintf.o
__aeabi_fcmpeq                                    /usr/local/Cellar/arm-gcc-bin/8-2019-q3-update/bin/../lib/gcc/arm-none-eabi/8.3.1/libgcc.a(_arm_cmpsf2.o)
__aeabi_fcmpge                                    /usr/local/Cellar/arm-gcc-bin/8-2019-q3-update/bin/../lib/gcc/arm-none-eabi/8.3.1/libgcc.a(_arm_cmpsf2.o)
__aeabi_fcmpgt                                    /usr/local/Cellar/arm-gcc-bin/8-2019-q3-update/bin/../lib/gcc/arm-none-eabi/8.3.1/libgcc.a(_arm_cmpsf2.o)
__aeabi_fcmple                                    /usr/local/Cellar/arm-gcc-bin/8-2019-q3-update/bin/../lib/gcc/arm-none-eabi/8.3.1/libgcc.a(_arm_cmpsf2.o)
__aeabi_fcmplt                                    /usr/local/Cellar/arm-gcc-bin/8-2019-q3-update/bin/../lib/gcc/arm-none-eabi/8.3.1/libgcc.a(_arm_cmpsf2.o)
                                                  build/obj/chprintf.o
__aeabi_i2d                                       /usr/local/Cellar/arm-gcc-bin/8-2019-q3-update/bin/../lib/gcc/arm-none-eabi/8.3.1/libgcc.a(_arm_addsubdf3.o)
                                                  build/obj/chprintf.o
__aeabi_idiv0                                     /usr/local/Cellar/arm-gcc-bin/8-2019-q3-update/bin/../lib/gcc/arm-none-eabi/8.3.1/libgcc.a(_dvmd_tls.o)
                                                  /usr/local/Cellar/arm-gcc-bin/8-2019-q3-update/bin/../lib/gcc/arm-none-eabi/8.3.1/libgcc.a(_udivsi3.o)
__aeabi_l2d                                       /usr/local/Cellar/arm-gcc-bin/8-2019-q3-update/bin/../lib/gcc/arm-none-eabi/8.3.1/libgcc.a(_arm_addsubdf3.o)
__aeabi_ldiv0                                     /usr/local/Cellar/arm-gcc-bin/8-2019-q3-update/bin/../lib/gcc/arm-none-eabi/8.3.1/libgcc.a(_dvmd_tls.o)
__aeabi_ui2d                                      /usr/local/Cellar/arm-gcc-bin/8-2019-q3-update/bin/../lib/gcc/arm-none-eabi/8.3.1/libgcc.a(_arm_addsubdf3.o)
__aeabi_uidiv                                     /usr/local/Cellar/arm-gcc-bin/8-2019-q3-update/bin/../lib/gcc/arm-none-eabi/8.3.1/libgcc.a(_udivsi3.o)
                                                  build/obj/i2c_lld.o
                                                  build/obj/serial_lld.o
__aeabi_uidivmod                                  /usr/local/Cellar/arm-gcc-bin/8-2019-q3-update/bin/../lib/gcc/arm-none-eabi/8.3.1/libgcc.a(_udivsi3.o)
                                                  build/obj/chprintf.o
__aeabi_ul2d                                      /usr/local/Cellar/arm-gcc-bin/8-2019-q3-update/bin/../lib/gcc/arm-none-eabi/8.3.1/libgcc.a(_arm_addsubdf3.o)
__cmpsf2                                          /usr/local/Cellar/arm-gcc-bin/8-2019-q3-update/bin/../lib/gcc/arm-none-eabi/8.3.1/libgcc.a(_arm_cmpsf2.o)
__divdf3                                          /usr/local/Cellar/arm-gcc-bin/8-2019-q3-update/bin/../lib/gcc/arm-none-eabi/8.3.1/libgcc.a(_arm_muldivdf3.o)
__early_init                                      build/obj/vectors.o
                                                  build/obj/crt0.o
__eqsf2                                           /usr/local/Cellar/arm-gcc-bin/8-2019-q3-update/bin/../lib/gcc/arm-none-eabi/8.3.1/libgcc.a(_arm_cmpsf2.o)
__extendsfdf2                                     /usr/local/Cellar/arm-gcc-bin/8-2019-q3-update/bin/../lib/gcc/arm-none-eabi/8.3.1/libgcc.a(_arm_addsubdf3.o)
__fiq_stack_size__                                build/obj/crt0.o
__fixdfsi                                         /usr/local/Cellar/arm-gcc-bin/8-2019-q3-update/bin/../lib/gcc/arm-none-eabi/8.3.1/libgcc.a(_arm_fixdfsi.o)
__fixsfsi                                         /usr/local/Cellar/arm-gcc-bin/8-2019-q3-update/bin/../lib/gcc/arm-none-eabi/8.3.1/libgcc.a(_arm_fixsfsi.o)
__floatdidf                                       /usr/local/Cellar/arm-gcc-bin/8-2019-q3-update/bin/../lib/gcc/arm-none-eabi/8.3.1/libgcc.a(_arm_addsubdf3.o)
__floatsidf                                       /usr/local/Cellar/arm-gcc-bin/8-2019-q3-update/bin/../lib/gcc/arm-none-eabi/8.3.1/libgcc.a(_arm_addsubdf3.o)
__floatundidf                                     /usr/local/Cellar/arm-gcc-bin/8-2019-q3-update/bin/../lib/gcc/arm-none-eabi/8.3.1/libgcc.a(_arm_addsubdf3.o)
__floatunsidf                                     /usr/local/Cellar/arm-gcc-bin/8-2019-q3-update/bin/../lib/gcc/arm-none-eabi/8.3.1/libgcc.a(_arm_addsubdf3.o)
__gesf2                                           /usr/local/Cellar/arm-gcc-bin/8-2019-q3-update/bin/../lib/gcc/arm-none-eabi/8.3.1/libgcc.a(_arm_cmpsf2.o)
__gtsf2                                           /usr/local/Cellar/arm-gcc-bin/8-2019-q3-update/bin/../lib/gcc/arm-none-eabi/8.3.1/libgcc.a(_arm_cmpsf2.o)
__heap_base__                                     build/obj/chmemcore.o
__heap_end__                                      build/obj/chmemcore.o
__irq_stack_size__                                build/obj/crt0.o
__lesf2                                           /usr/local/Cellar/arm-gcc-bin/8-2019-q3-update/bin/../lib/gcc/arm-none-eabi/8.3.1/libgcc.a(_arm_cmpsf2.o)
__ltsf2                                           /usr/local/Cellar/arm-gcc-bin/8-2019-q3-update/bin/../lib/gcc/arm-none-eabi/8.3.1/libgcc.a(_arm_cmpsf2.o)
__muldf3                                          /usr/local/Cellar/arm-gcc-bin/8-2019-q3-update/bin/../lib/gcc/arm-none-eabi/8.3.1/libgcc.a(_arm_muldivdf3.o)
__nesf2                                           /usr/local/Cellar/arm-gcc-bin/8-2019-q3-update/bin/../lib/gcc/arm-none-eabi/8.3.1/libgcc.a(_arm_cmpsf2.o)
__ram_end__                                       build/obj/crt0.o
__subdf3                                          /usr/local/Cellar/arm-gcc-bin/8-2019-q3-update/bin/../lib/gcc/arm-none-eabi/8.3.1/libgcc.a(_arm_addsubdf3.o)
__svc_stack_size__                                build/obj/crt0.o
__truncdfsf2                                      /usr/local/Cellar/arm-gcc-bin/8-2019-q3-update/bin/../lib/gcc/arm-none-eabi/8.3.1/libgcc.a(_arm_truncdfsf2.o)
__udivsi3                                         /usr/local/Cellar/arm-gcc-bin/8-2019-q3-update/bin/../lib/gcc/arm-none-eabi/8.3.1/libgcc.a(_udivsi3.o)
__und_stack_size__                                build/obj/crt0.o
_bss_end                                          build/obj/crt0.o
_bss_start                                        build/obj/crt0.o
_core_init                                        build/obj/chmemcore.o
                                                  build/obj/chsys.o
_ctype_                                           /usr/local/Cellar/arm-gcc-bin/8-2019-q3-update/bin/../lib/gcc/arm-none-eabi/8.3.1/../../../../arm-none-eabi/lib/libc.a(lib_a-ctype_.o)
                                                  /usr/local/Cellar/arm-gcc-bin/8-2019-q3-update/bin/../lib/gcc/arm-none-eabi/8.3.1/../../../../arm-none-eabi/lib/libc.a(lib_a-strcasecmp.o)
_heap_init                                        build/obj/chheap.o
                                                  build/obj/chsys.o
_idle_thread                                      build/obj/chsys.o
_idle_thread_wa                                   build/obj/chsys.o
_main_exit_handler                                build/obj/crt0.o
_pal_lld_init                                     build/obj/pal_lld.o
                                                  build/obj/hal.o
_pal_lld_setgroupmode                             build/obj/pal_lld.o
                                                  build/obj/main.o
                                                  build/obj/pal.o
_pal_lld_writeport                                build/obj/pal_lld.o
                                                  build/obj/main.o
                                                  build/obj/pal.o
_port_irq_common                                  build/obj/chcoreasm.o
                                                  build/obj/hal_lld.o
_port_switch_arm                                  build/obj/chcoreasm.o
                                                  build/obj/chschd.o
_port_thread_start                                build/obj/chcoreasm.o
                                                  build/obj/chthreads.o
_scheduler_init                                   build/obj/chschd.o
                                                  build/obj/chsys.o
_test_assert                                      build/obj/test.o
                                                  build/obj/testqueues.o
                                                  build/obj/testdyn.o
                                                  build/obj/testheap.o
                                                  build/obj/testevt.o
                                                  build/obj/testmbox.o
                                                  build/obj/testmtx.o
                                                  build/obj/testsem.o
                                                  build/obj/testthd.o
_test_assert_sequence                             build/obj/test.o
                                                  build/obj/testqueues.o
                                                  build/obj/testdyn.o
                                                  build/obj/testevt.o
                                                  build/obj/testmbox.o
                                                  build/obj/testmsg.o
                                                  build/obj/testmtx.o
                                                  build/obj/testsem.o
                                                  build/obj/testthd.o
_test_assert_time_window                          build/obj/test.o
                                                  build/obj/testevt.o
                                                  build/obj/testmtx.o
                                                  build/obj/testsem.o
                                                  build/obj/testthd.o
_test_fail                                        build/obj/test.o
_thread_init                                      build/obj/chthreads.o
                                                  build/obj/chsys.o
_unhandled_exception                              build/obj/vectors.o
_vt_init                                          build/obj/chvt.o
                                                  build/obj/chsys.o
arm_enable_irq                                    build/obj/vectors.o
bcm2835_delay                                     build/obj/bcm2835.o
                                                  build/obj/serial_lld.o
                                                  build/obj/pal_lld.o
bcm2835_gpio_fnsel                                build/obj/bcm2835.o
                                                  build/obj/spi_lld.o
                                                  build/obj/i2c_lld.o
                                                  build/obj/serial_lld.o
                                                  build/obj/pal_lld.o
boardInit                                         build/obj/board.o
                                                  build/obj/hal.o
chCondBroadcast                                   build/obj/chcond.o
                                                  build/obj/testmtx.o
chCondBroadcastI                                  build/obj/chcond.o
chCondInit                                        build/obj/chcond.o
                                                  build/obj/testmtx.o
chCondSignal                                      build/obj/chcond.o
                                                  build/obj/testmtx.o
chCondSignalI                                     build/obj/chcond.o
                                                  build/obj/testmtx.o
chCondWait                                        build/obj/chcond.o
                                                  build/obj/testmtx.o
chCondWaitS                                       build/obj/chcond.o
chCondWaitTimeout                                 build/obj/chcond.o
                                                  build/obj/testmtx.o
chCondWaitTimeoutS                                build/obj/chcond.o
chCoreAlloc                                       build/obj/chmemcore.o
                                                  build/obj/chheap.o
chCoreAllocI                                      build/obj/chmemcore.o
chCoreStatus                                      build/obj/chmemcore.o
                                                  build/obj/testheap.o
chEvtAddEvents                                    build/obj/chevents.o
                                                  build/obj/testevt.o
chEvtBroadcastFlags                               build/obj/chevents.o
                                                  build/obj/testevt.o
chEvtBroadcastFlagsI                              build/obj/chevents.o
                                                  build/obj/shell.o
                                                  build/obj/serial.o
chEvtDispatch                                     build/obj/chevents.o
                                                  build/obj/testevt.o
chEvtGetAndClearEvents                            build/obj/chevents.o
                                                  build/obj/testevt.o
chEvtGetAndClearFlags                             build/obj/chevents.o
chEvtGetAndClearFlagsI                            build/obj/chevents.o
chEvtRegisterMask                                 build/obj/chevents.o
                                                  build/obj/testevt.o
chEvtSignal                                       build/obj/chevents.o
                                                  build/obj/testevt.o
chEvtSignalI                                      build/obj/chevents.o
chEvtUnregister                                   build/obj/chevents.o
                                                  build/obj/testevt.o
chEvtWaitAll                                      build/obj/chevents.o
                                                  build/obj/testevt.o
chEvtWaitAllTimeout                               build/obj/chevents.o
                                                  build/obj/testevt.o
chEvtWaitAny                                      build/obj/chevents.o
                                                  build/obj/testevt.o
chEvtWaitAnyTimeout                               build/obj/chevents.o
                                                  build/obj/testevt.o
chEvtWaitOne                                      build/obj/chevents.o
                                                  build/obj/testevt.o
chEvtWaitOneTimeout                               build/obj/chevents.o
                                                  build/obj/testevt.o
chHeapAlloc                                       build/obj/chheap.o
                                                  build/obj/testdyn.o
                                                  build/obj/testheap.o
                                                  build/obj/chdynamic.o
chHeapFree                                        build/obj/chheap.o
                                                  build/obj/testdyn.o
                                                  build/obj/testheap.o
                                                  build/obj/chdynamic.o
chHeapInit                                        build/obj/chheap.o
                                                  build/obj/testdyn.o
                                                  build/obj/testheap.o
chHeapStatus                                      build/obj/chheap.o
                                                  build/obj/testdyn.o
                                                  build/obj/testheap.o
chIQGetTimeout                                    build/obj/chqueues.o
                                                  build/obj/serial.o
                                                  build/obj/testbmk.o
                                                  build/obj/testqueues.o
chIQInit                                          build/obj/chqueues.o
                                                  build/obj/serial.o
                                                  build/obj/testbmk.o
                                                  build/obj/testqueues.o
chIQPutI                                          build/obj/chqueues.o
                                                  build/obj/serial.o
                                                  build/obj/testbmk.o
                                                  build/obj/testqueues.o
chIQReadTimeout                                   build/obj/chqueues.o
                                                  build/obj/serial.o
                                                  build/obj/testqueues.o
chIQResetI                                        build/obj/chqueues.o
                                                  build/obj/serial.o
                                                  build/obj/testqueues.o
chMBFetch                                         build/obj/chmboxes.o
                                                  build/obj/testmbox.o
chMBFetchI                                        build/obj/chmboxes.o
                                                  build/obj/testmbox.o
chMBFetchS                                        build/obj/chmboxes.o
chMBInit                                          build/obj/chmboxes.o
                                                  build/obj/testmbox.o
chMBPost                                          build/obj/chmboxes.o
                                                  build/obj/testmbox.o
chMBPostAhead                                     build/obj/chmboxes.o
                                                  build/obj/testmbox.o
chMBPostAheadI                                    build/obj/chmboxes.o
                                                  build/obj/testmbox.o
chMBPostAheadS                                    build/obj/chmboxes.o
chMBPostI                                         build/obj/chmboxes.o
                                                  build/obj/testmbox.o
chMBPostS                                         build/obj/chmboxes.o
chMBReset                                         build/obj/chmboxes.o
                                                  build/obj/testmbox.o
chMsgRelease                                      build/obj/chmsg.o
                                                  build/obj/testbmk.o
                                                  build/obj/testmsg.o
chMsgSend                                         build/obj/chmsg.o
                                                  build/obj/testbmk.o
                                                  build/obj/testmsg.o
chMsgWait                                         build/obj/chmsg.o
                                                  build/obj/testbmk.o
                                                  build/obj/testmsg.o
chMtxInit                                         build/obj/chmtx.o
                                                  build/obj/spi.o
                                                  build/obj/i2c.o
                                                  build/obj/testbmk.o
                                                  build/obj/testmtx.o
                                                  build/obj/chheap.o
chMtxLock                                         build/obj/chmtx.o
                                                  build/obj/spi.o
                                                  build/obj/i2c.o
                                                  build/obj/testbmk.o
                                                  build/obj/testmtx.o
                                                  build/obj/chheap.o
chMtxLockS                                        build/obj/chmtx.o
                                                  build/obj/chcond.o
chMtxTryLock                                      build/obj/chmtx.o
                                                  build/obj/testmtx.o
chMtxTryLockS                                     build/obj/chmtx.o
chMtxUnlock                                       build/obj/chmtx.o
                                                  build/obj/spi.o
                                                  build/obj/i2c.o
                                                  build/obj/testbmk.o
                                                  build/obj/testmtx.o
                                                  build/obj/chheap.o
chMtxUnlockAll                                    build/obj/chmtx.o
                                                  build/obj/testmtx.o
chMtxUnlockS                                      build/obj/chmtx.o
                                                  build/obj/testmtx.o
                                                  build/obj/chcond.o
chOQGetI                                          build/obj/chqueues.o
                                                  build/obj/serial.o
                                                  build/obj/testqueues.o
chOQInit                                          build/obj/chqueues.o
                                                  build/obj/serial.o
                                                  build/obj/testqueues.o
chOQPutTimeout                                    build/obj/chqueues.o
                                                  build/obj/serial.o
                                                  build/obj/testqueues.o
chOQResetI                                        build/obj/chqueues.o
                                                  build/obj/serial.o
                                                  build/obj/testqueues.o
chOQWriteTimeout                                  build/obj/chqueues.o
                                                  build/obj/serial.o
                                                  build/obj/testqueues.o
chRegFirstThread                                  build/obj/chregistry.o
                                                  build/obj/testdyn.o
chRegNextThread                                   build/obj/chregistry.o
                                                  build/obj/testdyn.o
chSchDoReschedule                                 build/obj/chschd.o
                                                  build/obj/chcoreasm.o
chSchDoRescheduleAhead                            build/obj/chschd.o
chSchDoRescheduleBehind                           build/obj/chschd.o
                                                  build/obj/chthreads.o
chSchGoSleepS                                     build/obj/chschd.o
                                                  build/obj/i2c_lld.o
                                                  build/obj/spi.o
                                                  build/obj/testbmk.o
                                                  build/obj/chmsg.o
                                                  build/obj/chevents.o
                                                  build/obj/chcond.o
                                                  build/obj/chmtx.o
                                                  build/obj/chsem.o
                                                  build/obj/chthreads.o
chSchGoSleepTimeoutS                              build/obj/chschd.o
                                                  build/obj/chqueues.o
                                                  build/obj/chevents.o
                                                  build/obj/chcond.o
                                                  build/obj/chsem.o
                                                  build/obj/chthreads.o
chSchIsPreemptionRequired                         build/obj/chschd.o
                                                  build/obj/chcoreasm.o
chSchReadyI                                       build/obj/chschd.o
                                                  build/obj/spi_lld.o
                                                  build/obj/i2c_lld.o
                                                  build/obj/chqueues.o
                                                  build/obj/chmsg.o
                                                  build/obj/chevents.o
                                                  build/obj/chcond.o
                                                  build/obj/chmtx.o
                                                  build/obj/chsem.o
                                                  build/obj/chthreads.o
chSchRescheduleS                                  build/obj/chschd.o
                                                  build/obj/serial.o
                                                  build/obj/testmtx.o
                                                  build/obj/testsem.o
                                                  build/obj/chmboxes.o
                                                  build/obj/chevents.o
                                                  build/obj/chcond.o
                                                  build/obj/chmtx.o
                                                  build/obj/chsem.o
                                                  build/obj/chthreads.o
chSchWakeupS                                      build/obj/chschd.o
                                                  build/obj/testbmk.o
                                                  build/obj/chmsg.o
                                                  build/obj/chcond.o
                                                  build/obj/chmtx.o
                                                  build/obj/chsem.o
                                                  build/obj/chdynamic.o
                                                  build/obj/chthreads.o
chSemAddCounterI                                  build/obj/chsem.o
                                                  build/obj/testsem.o
chSemInit                                         build/obj/chsem.o
                                                  build/obj/testbmk.o
                                                  build/obj/testsem.o
                                                  build/obj/chmboxes.o
chSemReset                                        build/obj/chsem.o
                                                  build/obj/testbmk.o
                                                  build/obj/testsem.o
chSemResetI                                       build/obj/chsem.o
                                                  build/obj/chmboxes.o
chSemSignal                                       build/obj/chsem.o
                                                  build/obj/testbmk.o
                                                  build/obj/testsem.o
chSemSignalI                                      build/obj/chsem.o
                                                  build/obj/testsem.o
                                                  build/obj/chmboxes.o
chSemSignalWait                                   build/obj/chsem.o
                                                  build/obj/testsem.o
chSemWait                                         build/obj/chsem.o
                                                  build/obj/testbmk.o
                                                  build/obj/testsem.o
chSemWaitS                                        build/obj/chsem.o
chSemWaitTimeout                                  build/obj/chsem.o
                                                  build/obj/testsem.o
chSemWaitTimeoutS                                 build/obj/chsem.o
                                                  build/obj/chmboxes.o
chSysInit                                         build/obj/chsys.o
                                                  build/obj/main.o
chSysTimerHandlerI                                build/obj/chsys.o
                                                  build/obj/hal_lld.o
chThdAddRef                                       build/obj/chdynamic.o
                                                  build/obj/testdyn.o
chThdCreateFromHeap                               build/obj/chdynamic.o
                                                  build/obj/shell.o
                                                  build/obj/testdyn.o
chThdCreateI                                      build/obj/chthreads.o
                                                  build/obj/testthd.o
                                                  build/obj/chdynamic.o
chThdCreateStatic                                 build/obj/chthreads.o
                                                  build/obj/main.o
                                                  build/obj/shell.o
                                                  build/obj/testbmk.o
                                                  build/obj/testqueues.o
                                                  build/obj/testevt.o
                                                  build/obj/testmsg.o
                                                  build/obj/testmtx.o
                                                  build/obj/testsem.o
                                                  build/obj/testthd.o
                                                  build/obj/chsys.o
chThdExit                                         build/obj/chthreads.o
                                                  build/obj/chcoreasm.o
chThdExitS                                        build/obj/chthreads.o
                                                  build/obj/shell.o
chThdRelease                                      build/obj/chdynamic.o
                                                  build/obj/testdyn.o
                                                  build/obj/chregistry.o
                                                  build/obj/chthreads.o
chThdResume                                       build/obj/chthreads.o
                                                  build/obj/testthd.o
chThdSetPriority                                  build/obj/chthreads.o
                                                  build/obj/testthd.o
chThdSleep                                        build/obj/chthreads.o
                                                  build/obj/testbmk.o
                                                  build/obj/testdyn.o
                                                  build/obj/testevt.o
                                                  build/obj/testmtx.o
                                                  build/obj/testsem.o
                                                  build/obj/testthd.o
                                                  build/obj/test.o
chThdSleepUntil                                   build/obj/chthreads.o
                                                  build/obj/testthd.o
chThdTerminate                                    build/obj/chthreads.o
                                                  build/obj/test.o
chThdWait                                         build/obj/chthreads.o
                                                  build/obj/main.o
                                                  build/obj/testbmk.o
                                                  build/obj/test.o
chThdYield                                        build/obj/chthreads.o
                                                  build/obj/testbmk.o
chTimeIsWithin                                    build/obj/chvt.o
                                                  build/obj/test.o
chVTResetI                                        build/obj/chvt.o
                                                  build/obj/i2c_lld.o
                                                  build/obj/testbmk.o
                                                  build/obj/chschd.o
chVTSetI                                          build/obj/chvt.o
                                                  build/obj/main.o
                                                  build/obj/i2c_lld.o
                                                  build/obj/testbmk.o
                                                  build/obj/test.o
                                                  build/obj/chschd.o
ch_debug                                          build/obj/chregistry.o
                                                  build/obj/chsys.o
chprintf                                          build/obj/chprintf.o
                                                  build/obj/shell.o
delayMicroseconds                                 build/obj/hal_lld.o
get_cpsr                                          build/obj/vectors.o
halInit                                           build/obj/hal.o
                                                  build/obj/main.o
halIsCounterWithin                                build/obj/hal.o
halPolledDelay                                    build/obj/hal.o
hal_lld_init                                      build/obj/hal_lld.o
                                                  build/obj/hal.o
i2cAcquireBus                                     build/obj/i2c.o
i2cGetErrors                                      build/obj/i2c.o
i2cInit                                           build/obj/i2c.o
                                                  build/obj/hal.o
i2cMasterReceiveTimeout                           build/obj/i2c.o
i2cMasterTransmitTimeout                          build/obj/i2c.o
i2cObjectInit                                     build/obj/i2c.o
                                                  build/obj/i2c_lld.o
i2cReleaseBus                                     build/obj/i2c.o
i2cStart                                          build/obj/i2c.o
i2cStop                                           build/obj/i2c.o
i2c_lld_init                                      build/obj/i2c_lld.o
                                                  build/obj/i2c.o
i2c_lld_master_receive_timeout                    build/obj/i2c_lld.o
                                                  build/obj/i2c.o
i2c_lld_master_transmit_timeout                   build/obj/i2c_lld.o
                                                  build/obj/i2c.o
i2c_lld_serve_interrupt                           build/obj/i2c_lld.o
                                                  build/obj/hal_lld.o
i2c_lld_start                                     build/obj/i2c_lld.o
                                                  build/obj/i2c.o
i2c_lld_stop                                      build/obj/i2c_lld.o
                                                  build/obj/i2c.o
main                                              build/obj/main.o
                                                  build/obj/crt0.o
mini_uart_recv                                    build/obj/serial_lld.o
mini_uart_send                                    build/obj/serial_lld.o
mini_uart_sendhex                                 build/obj/serial_lld.o
mini_uart_sendstr                                 build/obj/serial_lld.o
palReadBus                                        build/obj/pal.o
palSetBusMode                                     build/obj/pal.o
palWriteBus                                       build/obj/pal.o
pal_default_config                                build/obj/board.o
                                                  build/obj/hal.o
patternbmk                                        build/obj/testbmk.o
                                                  build/obj/test.o
patterndyn                                        build/obj/testdyn.o
                                                  build/obj/test.o
patternevt                                        build/obj/testevt.o
                                                  build/obj/test.o
patternheap                                       build/obj/testheap.o
                                                  build/obj/test.o
patternmbox                                       build/obj/testmbox.o
                                                  build/obj/test.o
patternmsg                                        build/obj/testmsg.o
                                                  build/obj/test.o
patternmtx                                        build/obj/testmtx.o
                                                  build/obj/test.o
patternpools                                      build/obj/testpools.o
                                                  build/obj/test.o
patternqueues                                     build/obj/testqueues.o
                                                  build/obj/test.o
patternsem                                        build/obj/testsem.o
                                                  build/obj/test.o
patternthd                                        build/obj/testthd.o
                                                  build/obj/test.o
port_halt                                         build/obj/chcore.o
rlist                                             build/obj/chschd.o
                                                  build/obj/main.o
                                                  build/obj/shell.o
                                                  build/obj/i2c_lld.o
                                                  build/obj/spi.o
                                                  build/obj/testbmk.o
                                                  build/obj/testqueues.o
                                                  build/obj/testdyn.o
                                                  build/obj/testevt.o
                                                  build/obj/testmsg.o
                                                  build/obj/testmtx.o
                                                  build/obj/testsem.o
                                                  build/obj/testthd.o
                                                  build/obj/test.o
                                                  build/obj/chqueues.o
                                                  build/obj/chmsg.o
                                                  build/obj/chevents.o
                                                  build/obj/chcond.o
                                                  build/obj/chmtx.o
                                                  build/obj/chsem.o
                                                  build/obj/chregistry.o
                                                  build/obj/chthreads.o
                                                  build/obj/chsys.o
sdIncomingDataI                                   build/obj/serial.o
                                                  build/obj/serial_lld.o
sdInit                                            build/obj/serial.o
                                                  build/obj/hal.o
sdObjectInit                                      build/obj/serial.o
                                                  build/obj/serial_lld.o
sdRequestDataI                                    build/obj/serial.o
                                                  build/obj/serial_lld.o
sdStart                                           build/obj/serial.o
sdStop                                            build/obj/serial.o
sd_lld_init                                       build/obj/serial_lld.o
                                                  build/obj/serial.o
sd_lld_serve_interrupt                            build/obj/serial_lld.o
                                                  build/obj/hal_lld.o
sd_lld_start                                      build/obj/serial_lld.o
                                                  build/obj/serial.o
sd_lld_stop                                       build/obj/serial_lld.o
                                                  build/obj/serial.o
shellCreate                                       build/obj/shell.o
shellCreateStatic                                 build/obj/shell.o
shellGetLine                                      build/obj/shell.o
shellInit                                         build/obj/shell.o
shell_terminated                                  build/obj/shell.o
spiAcquireBus                                     build/obj/spi.o
spiExchange                                       build/obj/spi.o
spiIgnore                                         build/obj/spi.o
spiInit                                           build/obj/spi.o
                                                  build/obj/hal.o
spiObjectInit                                     build/obj/spi.o
                                                  build/obj/spi_lld.o
spiReceive                                        build/obj/spi.o
spiReleaseBus                                     build/obj/spi.o
spiSelect                                         build/obj/spi.o
spiSend                                           build/obj/spi.o
spiStart                                          build/obj/spi.o
spiStartExchange                                  build/obj/spi.o
spiStartIgnore                                    build/obj/spi.o
spiStartReceive                                   build/obj/spi.o
spiStartSend                                      build/obj/spi.o
spiStop                                           build/obj/spi.o
spiUnselect                                       build/obj/spi.o
spi_lld_exchange                                  build/obj/spi_lld.o
                                                  build/obj/spi.o
spi_lld_ignore                                    build/obj/spi_lld.o
                                                  build/obj/spi.o
spi_lld_init                                      build/obj/spi_lld.o
                                                  build/obj/spi.o
spi_lld_polled_exchange                           build/obj/spi_lld.o
spi_lld_receive                                   build/obj/spi_lld.o
                                                  build/obj/spi.o
spi_lld_select                                    build/obj/spi_lld.o
                                                  build/obj/spi.o
spi_lld_send                                      build/obj/spi_lld.o
                                                  build/obj/spi.o
spi_lld_serve_interrupt                           build/obj/spi_lld.o
                                                  build/obj/hal_lld.o
spi_lld_start                                     build/obj/spi_lld.o
                                                  build/obj/spi.o
spi_lld_stop                                      build/obj/spi_lld.o
                                                  build/obj/spi.o
spi_lld_unselect                                  build/obj/spi_lld.o
                                                  build/obj/spi.o
strcasecmp                                        /usr/local/Cellar/arm-gcc-bin/8-2019-q3-update/bin/../lib/gcc/arm-none-eabi/8.3.1/../../../../arm-none-eabi/lib/libc.a(lib_a-strcasecmp.o)
                                                  build/obj/shell.o
strchr                                            /usr/local/Cellar/arm-gcc-bin/8-2019-q3-update/bin/../lib/gcc/arm-none-eabi/8.3.1/../../../../arm-none-eabi/lib/libc.a(lib_a-strchr.o)
                                                  build/obj/shell.o
strspn                                            /usr/local/Cellar/arm-gcc-bin/8-2019-q3-update/bin/../lib/gcc/arm-none-eabi/8.3.1/../../../../arm-none-eabi/lib/libc.a(lib_a-strspn.o)
                                                  build/obj/shell.o
test                                              build/obj/test.o
                                                  build/obj/testqueues.o
                                                  build/obj/testdyn.o
                                                  build/obj/testheap.o
                                                  build/obj/testmbox.o
test_cpu_pulse                                    build/obj/test.o
                                                  build/obj/testmtx.o
test_emit_token                                   build/obj/test.o
                                                  build/obj/testqueues.o
                                                  build/obj/testdyn.o
                                                  build/obj/testevt.o
                                                  build/obj/testmbox.o
                                                  build/obj/testmsg.o
                                                  build/obj/testmtx.o
                                                  build/obj/testsem.o
                                                  build/obj/testthd.o
test_print                                        build/obj/test.o
                                                  build/obj/testbmk.o
test_println                                      build/obj/test.o
                                                  build/obj/testbmk.o
test_printn                                       build/obj/test.o
                                                  build/obj/testbmk.o
test_start_timer                                  build/obj/test.o
                                                  build/obj/testbmk.o
test_terminate_threads                            build/obj/test.o
                                                  build/obj/testbmk.o
test_timer_done                                   build/obj/test.o
                                                  build/obj/testbmk.o
test_wait_threads                                 build/obj/test.o
                                                  build/obj/testbmk.o
                                                  build/obj/testqueues.o
                                                  build/obj/testdyn.o
                                                  build/obj/testevt.o
                                                  build/obj/testmtx.o
                                                  build/obj/testsem.o
                                                  build/obj/testthd.o
test_wait_tick                                    build/obj/test.o
                                                  build/obj/testbmk.o
                                                  build/obj/testevt.o
                                                  build/obj/testmtx.o
                                                  build/obj/testsem.o
                                                  build/obj/testthd.o
testbmk1                                          build/obj/testbmk.o
testbmk10                                         build/obj/testbmk.o
testbmk11                                         build/obj/testbmk.o
testbmk12                                         build/obj/testbmk.o
testbmk13                                         build/obj/testbmk.o
testbmk2                                          build/obj/testbmk.o
testbmk3                                          build/obj/testbmk.o
testbmk4                                          build/obj/testbmk.o
testbmk5                                          build/obj/testbmk.o
testbmk6                                          build/obj/testbmk.o
testbmk7                                          build/obj/testbmk.o
testbmk8                                          build/obj/testbmk.o
testbmk9                                          build/obj/testbmk.o
testdyn1                                          build/obj/testdyn.o
testdyn3                                          build/obj/testdyn.o
testevt1                                          build/obj/testevt.o
testevt2                                          build/obj/testevt.o
testevt3                                          build/obj/testevt.o
testheap1                                         build/obj/testheap.o
testmbox1                                         build/obj/testmbox.o
testmsg1                                          build/obj/testmsg.o
testmtx1                                          build/obj/testmtx.o
testmtx2                                          build/obj/testmtx.o
testmtx3                                          build/obj/testmtx.o
testmtx4                                          build/obj/testmtx.o
testmtx5                                          build/obj/testmtx.o
testmtx6                                          build/obj/testmtx.o
testmtx7                                          build/obj/testmtx.o
testmtx8                                          build/obj/testmtx.o
testqueues1                                       build/obj/testqueues.o
testqueues2                                       build/obj/testqueues.o
testsem1                                          build/obj/testsem.o
testsem2                                          build/obj/testsem.o
testsem3                                          build/obj/testsem.o
testsem4                                          build/obj/testsem.o
testthd1                                          build/obj/testthd.o
testthd2                                          build/obj/testthd.o
testthd3                                          build/obj/testthd.o
testthd4                                          build/obj/testthd.o
thread4                                           build/obj/testbmk.o
threads                                           build/obj/test.o