Archive member included to satisfy reference by file (symbol)

/usr/lib/gcc/arm-none-eabi/11.2.0/libgcc.a(_arm_muldf3.o)
                              build/obj/chprintf.o (__aeabi_dmul)
/usr/lib/gcc/arm-none-eabi/11.2.0/libgcc.a(_udivsi3.o)
                              build/obj/serial_lld.o (__aeabi_uidiv)
/usr/lib/gcc/arm-none-eabi/11.2.0/libgcc.a(_dvmd_tls.o)
                              /usr/lib/gcc/arm-none-eabi/11.2.0/libgcc.a(_udivsi3.o) (__aeabi_idiv0)
/usr/lib/gcc/arm-none-eabi/11.2.0/libgcc.a(_arm_addsubdf3.o)
                              build/obj/chprintf.o (__aeabi_dsub)
/usr/lib/gcc/arm-none-eabi/11.2.0/libgcc.a(_arm_fixdfsi.o)
                              build/obj/chprintf.o (__aeabi_d2iz)
/usr/lib/gcc/arm-none-eabi/11.2.0/libgcc.a(_arm_truncdfsf2.o)
                              build/obj/chprintf.o (__aeabi_d2f)
/usr/lib/gcc/arm-none-eabi/11.2.0/libgcc.a(_arm_cmpsf2.o)
                              build/obj/chprintf.o (__aeabi_fcmplt)
/usr/lib/gcc/arm-none-eabi/11.2.0/libgcc.a(_arm_fixsfsi.o)
                              build/obj/chprintf.o (__aeabi_f2iz)
/usr/lib/gcc/arm-none-eabi/11.2.0/../../../../arm-none-eabi/lib/libc.a(lib_a-strcasecmp.o)
                              build/obj/shell.o (strcasecmp)
/usr/lib/gcc/arm-none-eabi/11.2.0/../../../../arm-none-eabi/lib/libc.a(lib_a-strchr.o)
                              build/obj/shell.o (strchr)
/usr/lib/gcc/arm-none-eabi/11.2.0/../../../../arm-none-eabi/lib/libc.a(lib_a-strspn.o)
                              build/obj/shell.o (strspn)
/usr/lib/gcc/arm-none-eabi/11.2.0/../../../../arm-none-eabi/lib/libc.a(lib_a-ctype_.o)
                              /usr/lib/gcc/arm-none-eabi/11.2.0/../../../../arm-none-eabi/lib/libc.a(lib_a-strcasecmp.o) (_ctype_)

Discarded input sections

 .data          0x0000000000000000        0x0 build/obj/crt0.o
 .bss           0x0000000000000000        0x0 build/obj/crt0.o
 .data          0x0000000000000000        0x0 build/obj/chcoreasm.o
 .bss           0x0000000000000000        0x0 build/obj/chcoreasm.o
 .data          0x0000000000000000        0x0 build/obj/vectors.o
 .bss           0x0000000000000000        0x0 build/obj/vectors.o
 .text          0x0000000000000000        0x0 build/obj/chcore.o
 .data          0x0000000000000000        0x0 build/obj/chcore.o
 .bss           0x0000000000000000        0x0 build/obj/chcore.o
 .text.port_halt
                0x0000000000000000       0x18 build/obj/chcore.o
 .debug_info    0x0000000000000000       0x86 build/obj/chcore.o
 .debug_abbrev  0x0000000000000000       0x43 build/obj/chcore.o
 .debug_aranges
                0x0000000000000000       0x20 build/obj/chcore.o
 .debug_rnglists
                0x0000000000000000       0x13 build/obj/chcore.o
 .debug_line    0x0000000000000000       0x88 build/obj/chcore.o
 .debug_str     0x0000000000000000      0x17c build/obj/chcore.o
 .comment       0x0000000000000000       0x1f build/obj/chcore.o
 .debug_frame   0x0000000000000000       0x20 build/obj/chcore.o
 .ARM.attributes
                0x0000000000000000       0x2f build/obj/chcore.o
 .text          0x0000000000000000        0x0 build/obj/chsys.o
 .data          0x0000000000000000        0x0 build/obj/chsys.o
 .bss           0x0000000000000000        0x0 build/obj/chsys.o
 .text          0x0000000000000000        0x0 build/obj/chdebug.o
 .data          0x0000000000000000        0x0 build/obj/chdebug.o
 .bss           0x0000000000000000        0x0 build/obj/chdebug.o
 .debug_info    0x0000000000000000       0x6c build/obj/chdebug.o
 .debug_abbrev  0x0000000000000000       0x26 build/obj/chdebug.o
 .debug_aranges
                0x0000000000000000       0x18 build/obj/chdebug.o
 .debug_line    0x0000000000000000       0x1d build/obj/chdebug.o
 .debug_str     0x0000000000000000      0x170 build/obj/chdebug.o
 .comment       0x0000000000000000       0x1f build/obj/chdebug.o
 .ARM.attributes
                0x0000000000000000       0x37 build/obj/chdebug.o
 .text          0x0000000000000000        0x0 build/obj/chlists.o
 .data          0x0000000000000000        0x0 build/obj/chlists.o
 .bss           0x0000000000000000        0x0 build/obj/chlists.o
 .debug_info    0x0000000000000000       0x6c build/obj/chlists.o
 .debug_abbrev  0x0000000000000000       0x26 build/obj/chlists.o
 .debug_aranges
                0x0000000000000000       0x18 build/obj/chlists.o
 .debug_line    0x0000000000000000       0x1d build/obj/chlists.o
 .debug_str     0x0000000000000000      0x170 build/obj/chlists.o
 .comment       0x0000000000000000       0x1f build/obj/chlists.o
 .ARM.attributes
                0x0000000000000000       0x37 build/obj/chlists.o
 .text          0x0000000000000000        0x0 build/obj/chvt.o
 .data          0x0000000000000000        0x0 build/obj/chvt.o
 .bss           0x0000000000000000        0x0 build/obj/chvt.o
 .text.chTimeIsWithin
                0x0000000000000000       0x48 build/obj/chvt.o
[...]
Memory Configuration

Name             Origin             Length             Attributes
ram              0x0000000000008000 0x0000000005ffffe0
*default*        0x0000000000000000 0xffffffffffffffff

Linker script and memory map

LOAD build/obj/crt0.o
LOAD build/obj/chcoreasm.o
LOAD build/obj/vectors.o
LOAD build/obj/chcore.o
LOAD build/obj/chsys.o
LOAD build/obj/chdebug.o
LOAD build/obj/chlists.o
LOAD build/obj/chvt.o
LOAD build/obj/chschd.o
LOAD build/obj/chthreads.o
LOAD build/obj/chdynamic.o
LOAD build/obj/chregistry.o
LOAD build/obj/chsem.o
LOAD build/obj/chmtx.o
LOAD build/obj/chcond.o
LOAD build/obj/chevents.o
LOAD build/obj/chmsg.o
LOAD build/obj/chmboxes.o
LOAD build/obj/chqueues.o
LOAD build/obj/chmemcore.o
LOAD build/obj/chheap.o
LOAD build/obj/chmempools.o
LOAD build/obj/test.o
LOAD build/obj/testthd.o
LOAD build/obj/testsem.o
LOAD build/obj/testmtx.o
LOAD build/obj/testmsg.o
LOAD build/obj/testmbox.o
LOAD build/obj/testevt.o
LOAD build/obj/testheap.o
LOAD build/obj/testpools.o
LOAD build/obj/testdyn.o
LOAD build/obj/testqueues.o
LOAD build/obj/testbmk.o
LOAD build/obj/hal.o
LOAD build/obj/adc.o
LOAD build/obj/can.o
LOAD build/obj/ext.o
LOAD build/obj/gpt.o
LOAD build/obj/i2c.o
LOAD build/obj/icu.o
LOAD build/obj/mac.o
LOAD build/obj/mmc_spi.o
LOAD build/obj/mmcsd.o
LOAD build/obj/pal.o
LOAD build/obj/pwm.o
LOAD build/obj/rtc.o
LOAD build/obj/sdc.o
LOAD build/obj/serial.o
LOAD build/obj/serial_usb.o
LOAD build/obj/spi.o
LOAD build/obj/tm.o
LOAD build/obj/uart.o
LOAD build/obj/usb.o
LOAD build/obj/hal_lld.o
LOAD build/obj/pal_lld.o
LOAD build/obj/serial_lld.o
LOAD build/obj/i2c_lld.o
LOAD build/obj/spi_lld.o
LOAD build/obj/gpt_lld.o
LOAD build/obj/pwm_lld.o
LOAD build/obj/bcm2835.o
LOAD build/obj/board.o
LOAD build/obj/shell.o
LOAD build/obj/chprintf.o
LOAD build/obj/main.o
START GROUP
LOAD /usr/lib/gcc/arm-none-eabi/11.2.0/libgcc.a
LOAD /usr/lib/gcc/arm-none-eabi/11.2.0/../../../../arm-none-eabi/lib/libc.a
END GROUP
                0x0000000000000004                __und_stack_size__ = 0x4
                0x0000000000000004                __abt_stack_size__ = 0x4
                0x0000000000000010                __fiq_stack_size__ = 0x10
                0x0000000000000080                __irq_stack_size__ = 0x80
                0x0000000000000004                __svc_stack_size__ = 0x4
                0x0000000000000400                __sys_stack_size__ = 0x400
                0x000000000000049c                __stacks_total_size__ = (((((__und_stack_size__ + __abt_stack_size__) + __fiq_stack_size__) + __irq_stack_size__) + __svc_stack_size__) + __sys_stack_size__)
                0x0000000000008000                __ram_start__ = ORIGIN (ram)
                0x0000000005ffffe0                __ram_size__ = LENGTH (ram)
                0x0000000006007fe0                __ram_end__ = (__ram_start__ + __ram_size__)
                0x0000000000000000                . = 0x0

.text           0x0000000000008000     0x32ab
                0x0000000000008000                _text = .
 *(vectors)
 vectors        0x0000000000008000       0x40 build/obj/vectors.o
 *(.text)
 .text          0x0000000000008040       0xa8 build/obj/crt0.o
                0x0000000000008040                ResetHandler
                0x00000000000080c0                _main_exit_handler
 *fill*         0x00000000000080e8        0x8 
 .text          0x00000000000080f0       0x84 build/obj/chcoreasm.o
                0x00000000000080f0                _port_switch_arm
                0x0000000000008100                _port_irq_common
                0x0000000000008160                _port_thread_start
 *fill*         0x0000000000008174        0xc 
 .text          0x0000000000008180       0x38 build/obj/vectors.o
                0x0000000000008180                UndHandler
                0x0000000000008180                PrefetchHandler
                0x0000000000008180                AbortHandler
                0x0000000000008180                _unhandled_exception
                0x0000000000008180                SwiHandler
                0x0000000000008180                FiqHandler
                0x0000000000008184                __early_init
                0x00000000000081a0                arm_enable_irq
                0x00000000000081b0                get_cpsr
 *fill*         0x00000000000081b8        0x8 
 .text          0x00000000000081c0      0x290 /usr/lib/gcc/arm-none-eabi/11.2.0/libgcc.a(_arm_muldf3.o)
                0x00000000000081c0                __aeabi_dmul
                0x00000000000081c0                __muldf3
 .text          0x0000000000008450      0x114 /usr/lib/gcc/arm-none-eabi/11.2.0/libgcc.a(_udivsi3.o)
                0x0000000000008450                __udivsi3
                0x0000000000008450                __aeabi_uidiv
                0x0000000000008544                __aeabi_uidivmod
 *fill*         0x0000000000008564        0xc 
 .text          0x0000000000008570        0x4 /usr/lib/gcc/arm-none-eabi/11.2.0/libgcc.a(_dvmd_tls.o)
                0x0000000000008570                __aeabi_ldiv0
                0x0000000000008570                __aeabi_idiv0
 *fill*         0x0000000000008574        0xc 
 .text          0x0000000000008580      0x424 /usr/lib/gcc/arm-none-eabi/11.2.0/libgcc.a(_arm_addsubdf3.o)
                0x0000000000008580                __aeabi_drsub
                0x0000000000008588                __aeabi_dsub
                0x0000000000008588                __subdf3
                0x000000000000858c                __adddf3
                0x000000000000858c                __aeabi_dadd
                0x000000000000889c                __aeabi_ui2d
                0x000000000000889c                __floatunsidf
                0x00000000000088c0                __floatsidf
                0x00000000000088c0                __aeabi_i2d
                0x00000000000088e8                __extendsfdf2
                0x00000000000088e8                __aeabi_f2d
                0x0000000000008930                __aeabi_ul2d
                0x0000000000008930                __floatundidf
                0x0000000000008944                __floatdidf
                0x0000000000008944                __aeabi_l2d
 *fill*         0x00000000000089a4        0xc 
 .text          0x00000000000089b0       0x5c /usr/lib/gcc/arm-none-eabi/11.2.0/libgcc.a(_arm_fixdfsi.o)
                0x00000000000089b0                __fixdfsi
                0x00000000000089b0                __aeabi_d2iz
 *fill*         0x0000000000008a0c        0x4 
 .text          0x0000000000008a10       0xa0 /usr/lib/gcc/arm-none-eabi/11.2.0/libgcc.a(_arm_truncdfsf2.o)
                0x0000000000008a10                __aeabi_d2f
                0x0000000000008a10                __truncdfsf2
 .text          0x0000000000008ab0      0x114 /usr/lib/gcc/arm-none-eabi/11.2.0/libgcc.a(_arm_cmpsf2.o)
                0x0000000000008ab0                __gtsf2
                0x0000000000008ab0                __gesf2
                0x0000000000008ab8                __lesf2
                0x0000000000008ab8                __ltsf2
                0x0000000000008ac0                __nesf2
                0x0000000000008ac0                __eqsf2
                0x0000000000008ac0                __cmpsf2
                0x0000000000008b24                __aeabi_cfrcmple
                0x0000000000008b34                __aeabi_cfcmple
                0x0000000000008b34                __aeabi_cfcmpeq
                0x0000000000008b4c                __aeabi_fcmpeq
                0x0000000000008b64                __aeabi_fcmplt
                0x0000000000008b7c                __aeabi_fcmple
                0x0000000000008b94                __aeabi_fcmpge
                0x0000000000008bac                __aeabi_fcmpgt
 *fill*         0x0000000000008bc4        0xc 
 .text          0x0000000000008bd0       0x5c /usr/lib/gcc/arm-none-eabi/11.2.0/libgcc.a(_arm_fixsfsi.o)
                0x0000000000008bd0                __fixsfsi
                0x0000000000008bd0                __aeabi_f2iz
 *(.text.*)
 *fill*         0x0000000000008c2c        0x4 
 .text._idle_thread
                0x0000000000008c30       0x20 build/obj/chsys.o
                0x0000000000008c30                _idle_thread
 .text.chSysInit
                0x0000000000008c50       0x78 build/obj/chsys.o
                0x0000000000008c50                chSysInit
 *fill*         0x0000000000008cc8        0x8 
 .text.chSysTimerHandlerI
                0x0000000000008cd0       0x90 build/obj/chsys.o
                0x0000000000008cd0                chSysTimerHandlerI
 .text._vt_init
                0x0000000000008d60       0x24 build/obj/chvt.o
                0x0000000000008d60                _vt_init
 *fill*         0x0000000000008d84        0xc 
 .text.chVTSetI
                0x0000000000008d90       0x64 build/obj/chvt.o
                0x0000000000008d90                chVTSetI
 *fill*         0x0000000000008df4        0xc 
 .text.chVTResetI
                0x0000000000008e00       0x3c build/obj/chvt.o
                0x0000000000008e00                chVTResetI
 *fill*         0x0000000000008e3c        0x4 
 .text.wakeup   0x0000000000008e40       0xb0 build/obj/chschd.o
 .text._scheduler_init
                0x0000000000008ef0       0x24 build/obj/chschd.o
                0x0000000000008ef0                _scheduler_init
 *fill*         0x0000000000008f14        0xc 
 .text.chSchReadyI
                0x0000000000008f20       0x40 build/obj/chschd.o
                0x0000000000008f20                chSchReadyI
 .text.chSchGoSleepS
                0x0000000000008f60       0x44 build/obj/chschd.o
                0x0000000000008f60                chSchGoSleepS
 *fill*         0x0000000000008fa4        0xc 
 .text.chSchGoSleepTimeoutS
                0x0000000000008fb0       0xc4 build/obj/chschd.o
                0x0000000000008fb0                chSchGoSleepTimeoutS
 *fill*         0x0000000000009074        0xc 
 .text.chSchWakeupS
                0x0000000000009080       0xa0 build/obj/chschd.o
                0x0000000000009080                chSchWakeupS
 .text.chSchIsPreemptionRequired
                0x0000000000009120       0x44 build/obj/chschd.o
                0x0000000000009120                chSchIsPreemptionRequired
 *fill*         0x0000000000009164        0xc 
 .text.chSchDoRescheduleAhead
                0x0000000000009170       0x70 build/obj/chschd.o
                0x0000000000009170                chSchDoRescheduleAhead
 .text.chSchDoReschedule
                0x00000000000091e0       0x84 build/obj/chschd.o
                0x00000000000091e0                chSchDoReschedule
 *fill*         0x0000000000009264        0xc 
 .text._thread_init
                0x0000000000009270       0x6c build/obj/chthreads.o
                0x0000000000009270                _thread_init
 *fill*         0x00000000000092dc        0x4 
 .text.chThdCreateStatic
                0x00000000000092e0       0xa4 build/obj/chthreads.o
                0x00000000000092e0                chThdCreateStatic
 *fill*         0x0000000000009384        0xc 
 .text.chThdSleep
                0x0000000000009390       0x1c build/obj/chthreads.o
                0x0000000000009390                chThdSleep
 *fill*         0x00000000000093ac        0x4 
 .text.chThdExitS
                0x00000000000093b0       0x60 build/obj/chthreads.o
                0x00000000000093b0                chThdExitS
 .text.chThdExit
                0x0000000000009410        0x8 build/obj/chthreads.o
                0x0000000000009410                chThdExit
 *fill*         0x0000000000009418        0x8 
 .text.chThdWait
                0x0000000000009420       0x50 build/obj/chthreads.o
                0x0000000000009420                chThdWait
 .text.chThdRelease
                0x0000000000009470       0x50 build/obj/chdynamic.o
                0x0000000000009470                chThdRelease
 .text.chMtxInit
                0x00000000000094c0       0x14 build/obj/chmtx.o
                0x00000000000094c0                chMtxInit
 *fill*         0x00000000000094d4        0xc 
 .text.chMtxLockS
                0x00000000000094e0      0x17c build/obj/chmtx.o
                0x00000000000094e0                chMtxLockS
 *fill*         0x000000000000965c        0x4 
 .text.chMtxLock
                0x0000000000009660       0x14 build/obj/chmtx.o
                0x0000000000009660                chMtxLock
 *fill*         0x0000000000009674        0xc 
 .text.chMtxUnlock
                0x0000000000009680       0x9c build/obj/chmtx.o
                0x0000000000009680                chMtxUnlock
 *fill*         0x000000000000971c        0x4 
 .text.chEvtBroadcastFlagsI
                0x0000000000009720       0x88 build/obj/chevents.o
                0x0000000000009720                chEvtBroadcastFlagsI
 *fill*         0x00000000000097a8        0x8 
 .text.chIQInit
                0x00000000000097b0       0x38 build/obj/chqueues.o
                0x00000000000097b0                chIQInit
 *fill*         0x00000000000097e8        0x8 
 .text.chIQPutI
                0x00000000000097f0       0x8c build/obj/chqueues.o
                0x00000000000097f0                chIQPutI
 *fill*         0x000000000000987c        0x4 
 .text.chIQGetTimeout
                0x0000000000009880       0xac build/obj/chqueues.o
                0x0000000000009880                chIQGetTimeout
 *fill*         0x000000000000992c        0x4 
 .text.chIQReadTimeout
                0x0000000000009930       0xd0 build/obj/chqueues.o
                0x0000000000009930                chIQReadTimeout
 .text.chOQInit
                0x0000000000009a00       0x30 build/obj/chqueues.o
                0x0000000000009a00                chOQInit
 .text.chOQPutTimeout
                0x0000000000009a30       0xb8 build/obj/chqueues.o
                0x0000000000009a30                chOQPutTimeout
 *fill*         0x0000000000009ae8        0x8 
 .text.chOQGetI
                0x0000000000009af0       0x78 build/obj/chqueues.o
                0x0000000000009af0                chOQGetI
 *fill*         0x0000000000009b68        0x8 
 .text.chOQWriteTimeout
                0x0000000000009b70       0xdc build/obj/chqueues.o
                0x0000000000009b70                chOQWriteTimeout
 *fill*         0x0000000000009c4c        0x4 
 .text._core_init
                0x0000000000009c50       0x34 build/obj/chmemcore.o
                0x0000000000009c50                _core_init
 *fill*         0x0000000000009c84        0xc 
 .text.chCoreAlloc
                0x0000000000009c90       0x44 build/obj/chmemcore.o
                0x0000000000009c90                chCoreAlloc
 *fill*         0x0000000000009cd4        0xc 
 .text._heap_init
                0x0000000000009ce0       0x24 build/obj/chheap.o
                0x0000000000009ce0                _heap_init
 *fill*         0x0000000000009d04        0xc 
 .text.chHeapFree
                0x0000000000009d10       0xa8 build/obj/chheap.o
                0x0000000000009d10                chHeapFree
 *fill*         0x0000000000009db8        0x8 
 .text.halInit  0x0000000000009dc0       0x2c build/obj/hal.o
                0x0000000000009dc0                halInit
 *fill*         0x0000000000009dec        0x4 
 .text.i2cInit  0x0000000000009df0        0x4 build/obj/i2c.o
                0x0000000000009df0                i2cInit
 *fill*         0x0000000000009df4        0xc 
 .text.i2cObjectInit
                0x0000000000009e00       0x18 build/obj/i2c.o
                0x0000000000009e00                i2cObjectInit
 *fill*         0x0000000000009e18        0x8 
 .text.readt    0x0000000000009e20        0x8 build/obj/serial.o
 *fill*         0x0000000000009e28        0x8 
 .text.read     0x0000000000009e30        0xc build/obj/serial.o
 *fill*         0x0000000000009e3c        0x4 
 .text.writet   0x0000000000009e40        0x8 build/obj/serial.o
 *fill*         0x0000000000009e48        0x8 
 .text.write    0x0000000000009e50        0xc build/obj/serial.o
 *fill*         0x0000000000009e5c        0x4 
 .text.gett     0x0000000000009e60        0x8 build/obj/serial.o
 *fill*         0x0000000000009e68        0x8 
 .text.get      0x0000000000009e70        0xc build/obj/serial.o
 *fill*         0x0000000000009e7c        0x4 
 .text.putt     0x0000000000009e80        0x8 build/obj/serial.o
 *fill*         0x0000000000009e88        0x8 
 .text.put      0x0000000000009e90        0xc build/obj/serial.o
 *fill*         0x0000000000009e9c        0x4 
 .text.sdInit   0x0000000000009ea0        0x4 build/obj/serial.o
                0x0000000000009ea0                sdInit
 *fill*         0x0000000000009ea4        0xc 
 .text.sdObjectInit
                0x0000000000009eb0       0x64 build/obj/serial.o
                0x0000000000009eb0                sdObjectInit
 *fill*         0x0000000000009f14        0xc 
 .text.sdStart  0x0000000000009f20       0x20 build/obj/serial.o
                0x0000000000009f20                sdStart
 .text.sdIncomingDataI
                0x0000000000009f40       0x4c build/obj/serial.o
                0x0000000000009f40                sdIncomingDataI
 *fill*         0x0000000000009f8c        0x4 
 .text.sdRequestDataI
                0x0000000000009f90       0x34 build/obj/serial.o
                0x0000000000009f90                sdRequestDataI
 *fill*         0x0000000000009fc4        0xc 
 .text.spiInit  0x0000000000009fd0        0x4 build/obj/spi.o
                0x0000000000009fd0                spiInit
 *fill*         0x0000000000009fd4        0xc 
 .text.spiObjectInit
                0x0000000000009fe0       0x1c build/obj/spi.o
                0x0000000000009fe0                spiObjectInit
 *fill*         0x0000000000009ffc        0x4 
 .text.tm_stop  0x000000000000a000       0x4c build/obj/tm.o
 *fill*         0x000000000000a04c        0x4 
 .text.tmInit   0x000000000000a050       0x50 build/obj/tm.o
                0x000000000000a050                tmInit
 .text.IrqHandler
                0x000000000000a0a0       0x40 build/obj/hal_lld.o
                0x000000000000a0a0                IrqHandler
 .text.hal_lld_init
                0x000000000000a0e0       0x50 build/obj/hal_lld.o
                0x000000000000a0e0                hal_lld_init
 .text._pal_lld_init
                0x000000000000a130       0xd8 build/obj/pal_lld.o
                0x000000000000a130                _pal_lld_init
 *fill*         0x000000000000a208        0x8 
 .text._pal_lld_setgroupmode
                0x000000000000a210      0x1c8 build/obj/pal_lld.o
                0x000000000000a210                _pal_lld_setgroupmode
 *fill*         0x000000000000a3d8        0x8 
 .text._pal_lld_writeport
                0x000000000000a3e0       0x1c build/obj/pal_lld.o
                0x000000000000a3e0                _pal_lld_writeport
 *fill*         0x000000000000a3fc        0x4 
 .text.output_notify
                0x000000000000a400       0x18 build/obj/serial_lld.o
 *fill*         0x000000000000a418        0x8 
 .text.sd_lld_serve_interrupt
                0x000000000000a420       0xa8 build/obj/serial_lld.o
                0x000000000000a420                sd_lld_serve_interrupt
 *fill*         0x000000000000a4c8        0x8 
 .text.sd_lld_init
                0x000000000000a4d0       0x18 build/obj/serial_lld.o
                0x000000000000a4d0                sd_lld_init
 *fill*         0x000000000000a4e8        0x8 
 .text.sd_lld_start
                0x000000000000a4f0       0xc8 build/obj/serial_lld.o
                0x000000000000a4f0                sd_lld_start
 *fill*         0x000000000000a5b8        0x8 
 .text.i2c_lld_serve_interrupt
                0x000000000000a5c0      0x13c build/obj/i2c_lld.o
                0x000000000000a5c0                i2c_lld_serve_interrupt
 *fill*         0x000000000000a6fc        0x4 
 .text.i2c_lld_init
                0x000000000000a700       0x18 build/obj/i2c_lld.o
                0x000000000000a700                i2c_lld_init
 *fill*         0x000000000000a718        0x8 
 .text.spi_lld_serve_interrupt
                0x000000000000a720      0x174 build/obj/spi_lld.o
                0x000000000000a720                spi_lld_serve_interrupt
 *fill*         0x000000000000a894        0xc 
 .text.spi_lld_init
                0x000000000000a8a0        0xc build/obj/spi_lld.o
                0x000000000000a8a0                spi_lld_init
 *fill*         0x000000000000a8ac        0x4 
 .text.bcm2835_gpio_fnsel
                0x000000000000a8b0       0x48 build/obj/bcm2835.o
                0x000000000000a8b0                bcm2835_gpio_fnsel
 *fill*         0x000000000000a8f8        0x8 
 .text.bcm2835_delay
                0x000000000000a900       0x3c build/obj/bcm2835.o
                0x000000000000a900                bcm2835_delay
 *fill*         0x000000000000a93c        0x4 
 .text.boardInit
                0x000000000000a940        0x4 build/obj/board.o
                0x000000000000a940                boardInit
 *fill*         0x000000000000a944        0xc 
 .text.chprintf
                0x000000000000a950      0x7d0 build/obj/chprintf.o
                0x000000000000a950                chprintf
 .text.Thread_LED1
                0x000000000000b120       0x74 build/obj/main.o
 *fill*         0x000000000000b194        0xc 
 .text.startup.main
                0x000000000000b1a0       0x74 build/obj/main.o
                0x000000000000b1a0                main
 *(.rodata)
 *(.rodata.*)
 *fill*         0x000000000000b214        0xc 
 .rodata._idle_thread.str1.4
                0x000000000000b220        0x5 build/obj/chsys.o
 *fill*         0x000000000000b225        0xb 
 .rodata.ch_debug
                0x000000000000b230       0x16 build/obj/chregistry.o
                0x000000000000b230                ch_debug
 *fill*         0x000000000000b246        0xa 
 .rodata.vmt    0x000000000000b250       0x20 build/obj/serial.o
 .rodata.default_config
                0x000000000000b270        0x4 build/obj/serial_lld.o
 *fill*         0x000000000000b274        0xc 
 .rodata.pal_default_config
                0x000000000000b280        0x0 build/obj/board.o
                0x000000000000b280                pal_default_config
 .rodata.chprintf.str1.4
                0x000000000000b280        0x7 build/obj/chprintf.o
 *fill*         0x000000000000b287        0x9 
 .rodata.Thread_LED1.str1.4
                0x000000000000b290       0x1b build/obj/main.o
 *(.glue_7t)
 .glue_7t       0x000000000000b2ab        0x0 linker stubs
 *(.glue_7)
 .glue_7        0x000000000000b2ab        0x0 linker stubs
 *(.gcc*)
 *(.ctors)
 *(.dtors)

.vfp11_veneer   0x000000000000b2ac        0x0
 .vfp11_veneer  0x000000000000b2ac        0x0 linker stubs

.v4_bx          0x000000000000b2ac        0x0
 .v4_bx         0x000000000000b2ac        0x0 linker stubs

.iplt           0x000000000000b2ac        0x0
 .iplt          0x000000000000b2ac        0x0 build/obj/crt0.o

.rel.dyn        0x000000000000b2ac        0x0
 .rel.iplt      0x000000000000b2ac        0x0 build/obj/crt0.o

.ARM.extab
 *(.ARM.extab* .gnu.linkonce.armextab.*)
                0x000000000000b2ab                __exidx_start = .

.ARM.exidx
 *(.ARM.exidx* .gnu.linkonce.armexidx.*)
                0x000000000000b2ab                __exidx_end = .

.eh_frame_hdr
 *(.eh_frame_hdr)

.eh_frame
 *(.eh_frame)
                0x000000000000b2ac                . = ALIGN (0x4)
                0x000000000000b2ac                _etext = .
                0x000000000000b2ac                _textdata = _etext

.data           0x000000000000b2ab        0x1
                0x000000000000b2ab                _data = .
 *(.data)
                0x000000000000b2ac                . = ALIGN (0x4)
 *fill*         0x000000000000b2ab        0x1 
 *(.data.*)
                0x000000000000b2ac                . = ALIGN (0x4)
 *(.ramtext)
                0x000000000000b2ac                . = ALIGN (0x4)
                0x000000000000b2ac                _edata = .

.igot.plt       0x000000000000b2ac        0x0
 .igot.plt      0x000000000000b2ac        0x0 build/obj/crt0.o

.bss            0x000000000000b2ac      0x358
                0x000000000000b2ac                _bss_start = .
 *(.bss)
                0x000000000000b2ac                . = ALIGN (0x4)
 *(.bss.*)
 .bss._idle_thread_wa
                0x000000000000b2ac       0x9c build/obj/chsys.o
                0x000000000000b2ac                _idle_thread_wa
 .bss.mainthread.0
                0x000000000000b348       0x44 build/obj/chsys.o
 .bss.vtlist    0x000000000000b38c       0x10 build/obj/chvt.o
                0x000000000000b38c                vtlist
 .bss.rlist     0x000000000000b39c       0x1c build/obj/chschd.o
                0x000000000000b39c                rlist
 .bss.endmem    0x000000000000b3b8        0x4 build/obj/chmemcore.o
 .bss.nextmem   0x000000000000b3bc        0x4 build/obj/chmemcore.o
 .bss.default_heap
                0x000000000000b3c0       0x1c build/obj/chheap.o
 .bss.measurement_offset
                0x000000000000b3dc        0x4 build/obj/tm.o
 .bss.IOPORT0   0x000000000000b3e0       0x18 build/obj/pal_lld.o
                0x000000000000b3e0                IOPORT0
 .bss.IOPORT1   0x000000000000b3f8       0x18 build/obj/pal_lld.o
                0x000000000000b3f8                IOPORT1
 .bss.SD1       0x000000000000b410       0x74 build/obj/serial_lld.o
                0x000000000000b410                SD1
 .bss.I2C0      0x000000000000b484       0x40 build/obj/i2c_lld.o
                0x000000000000b484                I2C0
 .bss.SPI0      0x000000000000b4c4       0x28 build/obj/spi_lld.o
                0x000000000000b4c4                SPI0
 .bss.waThread_LED1
                0x000000000000b4ec      0x118 build/obj/main.o
                0x000000000000b604                . = ALIGN (0x4)
 *(COMMON)
                0x000000000000b604                . = ALIGN (0x4)
                0x000000000000b604                _bss_end = .
                [!provide]                        PROVIDE (end = .)
                0x000000000000b604                _end = .
                0x000000000000b604                __heap_base__ = _end
                0x0000000006007b44                __heap_end__ = (__ram_end__ - __stacks_total_size__)
                0x0000000006007b44                __main_thread_stack_base__ = (__ram_end__ - __stacks_total_size__)
OUTPUT(build/ch.elf elf32-littlearm)
LOAD linker stubs

.ARM.attributes
                0x0000000000000000       0x2b
 .ARM.attributes
                0x0000000000000000       0x1d build/obj/crt0.o
 .ARM.attributes
                0x000000000000001d       0x1d build/obj/chcoreasm.o
 .ARM.attributes
                0x000000000000003a       0x1d build/obj/vectors.o
 .ARM.attributes
                0x0000000000000057       0x2f build/obj/chsys.o
 .ARM.attributes
                0x0000000000000086       0x2f build/obj/chvt.o
 .ARM.attributes
                0x00000000000000b5       0x2f build/obj/chschd.o
 .ARM.attributes
                0x00000000000000e4       0x2f build/obj/chthreads.o
 .ARM.attributes
                0x0000000000000113       0x2f build/obj/chdynamic.o
 .ARM.attributes
                0x0000000000000142       0x2f build/obj/chregistry.o
 .ARM.attributes
                0x0000000000000171       0x2f build/obj/chmtx.o
 .ARM.attributes
                0x00000000000001a0       0x2f build/obj/chevents.o
 .ARM.attributes
                0x00000000000001cf       0x2f build/obj/chqueues.o
 .ARM.attributes
                0x00000000000001fe       0x2f build/obj/chmemcore.o
 .ARM.attributes
                0x000000000000022d       0x2f build/obj/chheap.o
 .ARM.attributes
                0x000000000000025c       0x2f build/obj/hal.o
 .ARM.attributes
                0x000000000000028b       0x2f build/obj/i2c.o
 .ARM.attributes
                0x00000000000002ba       0x2f build/obj/serial.o
 .ARM.attributes
                0x00000000000002e9       0x2f build/obj/spi.o
 .ARM.attributes
                0x0000000000000318       0x2f build/obj/tm.o
 .ARM.attributes
                0x0000000000000347       0x2f build/obj/hal_lld.o
 .ARM.attributes
                0x0000000000000376       0x2f build/obj/pal_lld.o
 .ARM.attributes
                0x00000000000003a5       0x2f build/obj/serial_lld.o
 .ARM.attributes
                0x00000000000003d4       0x2f build/obj/i2c_lld.o
 .ARM.attributes
                0x0000000000000403       0x2f build/obj/spi_lld.o
 .ARM.attributes
                0x0000000000000432       0x2f build/obj/bcm2835.o
 .ARM.attributes
                0x0000000000000461       0x2f build/obj/board.o
 .ARM.attributes
                0x0000000000000490       0x2f build/obj/chprintf.o
 .ARM.attributes
                0x00000000000004bf       0x2f build/obj/main.o
 .ARM.attributes
                0x00000000000004ee       0x1c /usr/lib/gcc/arm-none-eabi/11.2.0/libgcc.a(_arm_muldf3.o)
 .ARM.attributes
                0x000000000000050a       0x1c /usr/lib/gcc/arm-none-eabi/11.2.0/libgcc.a(_udivsi3.o)
 .ARM.attributes
                0x0000000000000526       0x1c /usr/lib/gcc/arm-none-eabi/11.2.0/libgcc.a(_dvmd_tls.o)
 .ARM.attributes
                0x0000000000000542       0x1c /usr/lib/gcc/arm-none-eabi/11.2.0/libgcc.a(_arm_addsubdf3.o)
 .ARM.attributes
                0x000000000000055e       0x1c /usr/lib/gcc/arm-none-eabi/11.2.0/libgcc.a(_arm_fixdfsi.o)
 .ARM.attributes
                0x000000000000057a       0x1c /usr/lib/gcc/arm-none-eabi/11.2.0/libgcc.a(_arm_truncdfsf2.o)
 .ARM.attributes
                0x0000000000000596       0x1c /usr/lib/gcc/arm-none-eabi/11.2.0/libgcc.a(_arm_cmpsf2.o)
 .ARM.attributes
                0x00000000000005b2       0x1c /usr/lib/gcc/arm-none-eabi/11.2.0/libgcc.a(_arm_fixsfsi.o)

.comment        0x0000000000000000       0x1e
 .comment       0x0000000000000000       0x1e build/obj/chsys.o
                                         0x1f (size before relaxing)
 .comment       0x000000000000001e       0x1f build/obj/chvt.o
 .comment       0x000000000000001e       0x1f build/obj/chschd.o
 .comment       0x000000000000001e       0x1f build/obj/chthreads.o
 .comment       0x000000000000001e       0x1f build/obj/chdynamic.o
 .comment       0x000000000000001e       0x1f build/obj/chregistry.o
 .comment       0x000000000000001e       0x1f build/obj/chmtx.o
 .comment       0x000000000000001e       0x1f build/obj/chevents.o
 .comment       0x000000000000001e       0x1f build/obj/chqueues.o
 .comment       0x000000000000001e       0x1f build/obj/chmemcore.o
 .comment       0x000000000000001e       0x1f build/obj/chheap.o
 .comment       0x000000000000001e       0x1f build/obj/hal.o
 .comment       0x000000000000001e       0x1f build/obj/i2c.o
 .comment       0x000000000000001e       0x1f build/obj/serial.o
 .comment       0x000000000000001e       0x1f build/obj/spi.o
 .comment       0x000000000000001e       0x1f build/obj/tm.o
 .comment       0x000000000000001e       0x1f build/obj/hal_lld.o
 .comment       0x000000000000001e       0x1f build/obj/pal_lld.o
 .comment       0x000000000000001e       0x1f build/obj/serial_lld.o
 .comment       0x000000000000001e       0x1f build/obj/i2c_lld.o
 .comment       0x000000000000001e       0x1f build/obj/spi_lld.o
 .comment       0x000000000000001e       0x1f build/obj/bcm2835.o
 .comment       0x000000000000001e       0x1f build/obj/board.o
 .comment       0x000000000000001e       0x1f build/obj/chprintf.o
 .comment       0x000000000000001e       0x1f build/obj/main.o

.debug_info     0x0000000000000000     0xcb8e
 .debug_info    0x0000000000000000      0x7f6 build/obj/chsys.o
 .debug_info    0x00000000000007f6      0x286 build/obj/chvt.o
 .debug_info    0x0000000000000a7c      0xb8b build/obj/chschd.o
 .debug_info    0x0000000000001607      0xad9 build/obj/chthreads.o
 .debug_info    0x00000000000020e0      0x6a1 build/obj/chdynamic.o
 .debug_info    0x0000000000002781      0x609 build/obj/chregistry.o
 .debug_info    0x0000000000002d8a      0x9ea build/obj/chmtx.o
 .debug_info    0x0000000000003774      0xc5e build/obj/chevents.o
 .debug_info    0x00000000000043d2      0xc17 build/obj/chqueues.o
 .debug_info    0x0000000000004fe9      0x1cf build/obj/chmemcore.o
 .debug_info    0x00000000000051b8      0x757 build/obj/chheap.o
 .debug_info    0x000000000000590f      0x269 build/obj/hal.o
 .debug_info    0x0000000000005b78      0x956 build/obj/i2c.o
 .debug_info    0x00000000000064ce      0xebc build/obj/serial.o
 .debug_info    0x000000000000738a      0xc1c build/obj/spi.o
 .debug_info    0x0000000000007fa6      0x229 build/obj/tm.o
 .debug_info    0x00000000000081cf      0xc13 build/obj/hal_lld.o
 .debug_info    0x0000000000008de2      0x59c build/obj/pal_lld.o
 .debug_info    0x000000000000937e      0xb32 build/obj/serial_lld.o
 .debug_info    0x0000000000009eb0      0xc15 build/obj/i2c_lld.o
 .debug_info    0x000000000000aac5      0xaea build/obj/spi_lld.o
 .debug_info    0x000000000000b5af      0x12e build/obj/bcm2835.o
 .debug_info    0x000000000000b6dd       0xb6 build/obj/board.o
 .debug_info    0x000000000000b793      0x7c4 build/obj/chprintf.o
 .debug_info    0x000000000000bf57      0xb12 build/obj/main.o
 .debug_info    0x000000000000ca69       0x25 /usr/lib/gcc/arm-none-eabi/11.2.0/libgcc.a(_arm_muldf3.o)
 .debug_info    0x000000000000ca8e       0x25 /usr/lib/gcc/arm-none-eabi/11.2.0/libgcc.a(_udivsi3.o)
 .debug_info    0x000000000000cab3       0x24 /usr/lib/gcc/arm-none-eabi/11.2.0/libgcc.a(_dvmd_tls.o)
 .debug_info    0x000000000000cad7       0x25 /usr/lib/gcc/arm-none-eabi/11.2.0/libgcc.a(_arm_addsubdf3.o)
 .debug_info    0x000000000000cafc       0x24 /usr/lib/gcc/arm-none-eabi/11.2.0/libgcc.a(_arm_fixdfsi.o)
 .debug_info    0x000000000000cb20       0x25 /usr/lib/gcc/arm-none-eabi/11.2.0/libgcc.a(_arm_truncdfsf2.o)
 .debug_info    0x000000000000cb45       0x25 /usr/lib/gcc/arm-none-eabi/11.2.0/libgcc.a(_arm_cmpsf2.o)
 .debug_info    0x000000000000cb6a       0x24 /usr/lib/gcc/arm-none-eabi/11.2.0/libgcc.a(_arm_fixsfsi.o)

.debug_abbrev   0x0000000000000000     0x3a03
 .debug_abbrev  0x0000000000000000      0x1f3 build/obj/chsys.o
 .debug_abbrev  0x00000000000001f3      0x17c build/obj/chvt.o
 .debug_abbrev  0x000000000000036f      0x3cc build/obj/chschd.o
 .debug_abbrev  0x000000000000073b      0x391 build/obj/chthreads.o
 .debug_abbrev  0x0000000000000acc      0x210 build/obj/chdynamic.o
 .debug_abbrev  0x0000000000000cdc      0x17e build/obj/chregistry.o
 .debug_abbrev  0x0000000000000e5a      0x32e build/obj/chmtx.o
 .debug_abbrev  0x0000000000001188      0x352 build/obj/chevents.o
 .debug_abbrev  0x00000000000014da      0x34f build/obj/chqueues.o
 .debug_abbrev  0x0000000000001829      0x16c build/obj/chmemcore.o
 .debug_abbrev  0x0000000000001995      0x224 build/obj/chheap.o
 .debug_abbrev  0x0000000000001bb9      0x198 build/obj/hal.o
 .debug_abbrev  0x0000000000001d51      0x244 build/obj/i2c.o
 .debug_abbrev  0x0000000000001f95      0x283 build/obj/serial.o
 .debug_abbrev  0x0000000000002218      0x218 build/obj/spi.o
 .debug_abbrev  0x0000000000002430      0x188 build/obj/tm.o
 .debug_abbrev  0x00000000000025b8      0x250 build/obj/hal_lld.o
 .debug_abbrev  0x0000000000002808      0x231 build/obj/pal_lld.o
 .debug_abbrev  0x0000000000002a39      0x312 build/obj/serial_lld.o
 .debug_abbrev  0x0000000000002d4b      0x343 build/obj/i2c_lld.o
 .debug_abbrev  0x000000000000308e      0x319 build/obj/spi_lld.o
 .debug_abbrev  0x00000000000033a7       0xc2 build/obj/bcm2835.o
 .debug_abbrev  0x0000000000003469       0x88 build/obj/board.o
 .debug_abbrev  0x00000000000034f1      0x26b build/obj/chprintf.o
 .debug_abbrev  0x000000000000375c      0x207 build/obj/main.o
 .debug_abbrev  0x0000000000003963       0x14 /usr/lib/gcc/arm-none-eabi/11.2.0/libgcc.a(_arm_muldf3.o)
 .debug_abbrev  0x0000000000003977       0x14 /usr/lib/gcc/arm-none-eabi/11.2.0/libgcc.a(_udivsi3.o)
 .debug_abbrev  0x000000000000398b       0x14 /usr/lib/gcc/arm-none-eabi/11.2.0/libgcc.a(_dvmd_tls.o)
 .debug_abbrev  0x000000000000399f       0x14 /usr/lib/gcc/arm-none-eabi/11.2.0/libgcc.a(_arm_addsubdf3.o)
 .debug_abbrev  0x00000000000039b3       0x14 /usr/lib/gcc/arm-none-eabi/11.2.0/libgcc.a(_arm_fixdfsi.o)
 .debug_abbrev  0x00000000000039c7       0x14 /usr/lib/gcc/arm-none-eabi/11.2.0/libgcc.a(_arm_truncdfsf2.o)
 .debug_abbrev  0x00000000000039db       0x14 /usr/lib/gcc/arm-none-eabi/11.2.0/libgcc.a(_arm_cmpsf2.o)
 .debug_abbrev  0x00000000000039ef       0x14 /usr/lib/gcc/arm-none-eabi/11.2.0/libgcc.a(_arm_fixsfsi.o)

.debug_loclists
                0x0000000000000000     0x3451
 .debug_loclists
                0x0000000000000000       0x2b build/obj/chsys.o
 .debug_loclists
                0x000000000000002b       0x76 build/obj/chvt.o
 .debug_loclists
                0x00000000000000a1      0x2c6 build/obj/chschd.o
 .debug_loclists
                0x0000000000000367      0x2d0 build/obj/chthreads.o
 .debug_loclists
                0x0000000000000637       0xb3 build/obj/chdynamic.o
 .debug_loclists
                0x00000000000006ea       0x39 build/obj/chregistry.o
 .debug_loclists
                0x0000000000000723      0x2b0 build/obj/chmtx.o
 .debug_loclists
                0x00000000000009d3      0x5fa build/obj/chevents.o
 .debug_loclists
                0x0000000000000fcd      0x39d build/obj/chqueues.o
 .debug_loclists
                0x000000000000136a       0xc7 build/obj/chmemcore.o
 .debug_loclists
                0x0000000000001431      0x268 build/obj/chheap.o
 .debug_loclists
                0x0000000000001699       0xa2 build/obj/hal.o
 .debug_loclists
                0x000000000000173b      0x181 build/obj/i2c.o
 .debug_loclists
                0x00000000000018bc      0x363 build/obj/serial.o
 .debug_loclists
                0x0000000000001c1f      0x2ec build/obj/spi.o
 .debug_loclists
                0x0000000000001f0b       0x31 build/obj/tm.o
 .debug_loclists
                0x0000000000001f3c       0x64 build/obj/hal_lld.o
 .debug_loclists
                0x0000000000001fa0      0x350 build/obj/pal_lld.o
 .debug_loclists
                0x00000000000022f0      0x13b build/obj/serial_lld.o
 .debug_loclists
                0x000000000000242b      0x2ba build/obj/i2c_lld.o
 .debug_loclists
                0x00000000000026e5      0x20a build/obj/spi_lld.o
 .debug_loclists
                0x00000000000028ef       0x62 build/obj/bcm2835.o
 .debug_loclists
                0x0000000000002951      0xadd build/obj/chprintf.o
 .debug_loclists
                0x000000000000342e       0x23 build/obj/main.o

.debug_aranges  0x0000000000000000      0x890
 .debug_aranges
                0x0000000000000000       0x30 build/obj/chsys.o
 .debug_aranges
                0x0000000000000030       0x38 build/obj/chvt.o
 .debug_aranges
                0x0000000000000068       0x70 build/obj/chschd.o
 .debug_aranges
                0x00000000000000d8       0x78 build/obj/chthreads.o
 .debug_aranges
                0x0000000000000150       0x30 build/obj/chdynamic.o
 .debug_aranges
                0x0000000000000180       0x28 build/obj/chregistry.o
 .debug_aranges
                0x00000000000001a8       0x58 build/obj/chmtx.o
 .debug_aranges
                0x0000000000000200       0xa0 build/obj/chevents.o
 .debug_aranges
                0x00000000000002a0       0x68 build/obj/chqueues.o
 .debug_aranges
                0x0000000000000308       0x38 build/obj/chmemcore.o
 .debug_aranges
                0x0000000000000340       0x40 build/obj/chheap.o
 .debug_aranges
                0x0000000000000380       0x30 build/obj/hal.o
 .debug_aranges
                0x00000000000003b0       0x60 build/obj/i2c.o
 .debug_aranges
                0x0000000000000410       0x88 build/obj/serial.o
 .debug_aranges
                0x0000000000000498       0x98 build/obj/spi.o
 .debug_aranges
                0x0000000000000530       0x38 build/obj/tm.o
 .debug_aranges
                0x0000000000000568       0x48 build/obj/hal_lld.o
 .debug_aranges
                0x00000000000005b0       0x30 build/obj/pal_lld.o
 .debug_aranges
                0x00000000000005e0       0x60 build/obj/serial_lld.o
 .debug_aranges
                0x0000000000000640       0x50 build/obj/i2c_lld.o
 .debug_aranges
                0x0000000000000690       0x70 build/obj/spi_lld.o
 .debug_aranges
                0x0000000000000700       0x28 build/obj/bcm2835.o
 .debug_aranges
                0x0000000000000728       0x20 build/obj/board.o
 .debug_aranges
                0x0000000000000748       0x20 build/obj/chprintf.o
 .debug_aranges
                0x0000000000000768       0x28 build/obj/main.o
 .debug_aranges
                0x0000000000000790       0x20 /usr/lib/gcc/arm-none-eabi/11.2.0/libgcc.a(_arm_muldf3.o)
 .debug_aranges
                0x00000000000007b0       0x20 /usr/lib/gcc/arm-none-eabi/11.2.0/libgcc.a(_udivsi3.o)
 .debug_aranges
                0x00000000000007d0       0x20 /usr/lib/gcc/arm-none-eabi/11.2.0/libgcc.a(_dvmd_tls.o)
 .debug_aranges
                0x00000000000007f0       0x20 /usr/lib/gcc/arm-none-eabi/11.2.0/libgcc.a(_arm_addsubdf3.o)
 .debug_aranges
                0x0000000000000810       0x20 /usr/lib/gcc/arm-none-eabi/11.2.0/libgcc.a(_arm_fixdfsi.o)
 .debug_aranges
                0x0000000000000830       0x20 /usr/lib/gcc/arm-none-eabi/11.2.0/libgcc.a(_arm_truncdfsf2.o)
 .debug_aranges
                0x0000000000000850       0x20 /usr/lib/gcc/arm-none-eabi/11.2.0/libgcc.a(_arm_cmpsf2.o)
 .debug_aranges
                0x0000000000000870       0x20 /usr/lib/gcc/arm-none-eabi/11.2.0/libgcc.a(_arm_fixsfsi.o)

.debug_rnglists
                0x0000000000000000      0x9d5
 .debug_rnglists
                0x0000000000000000       0x2c build/obj/chsys.o
 .debug_rnglists
                0x000000000000002c       0x25 build/obj/chvt.o
 .debug_rnglists
                0x0000000000000051      0x125 build/obj/chschd.o
 .debug_rnglists
                0x0000000000000176       0x88 build/obj/chthreads.o
 .debug_rnglists
                0x00000000000001fe       0x1f build/obj/chdynamic.o
 .debug_rnglists
                0x000000000000021d       0x19 build/obj/chregistry.o
 .debug_rnglists
                0x0000000000000236       0xe1 build/obj/chmtx.o
 .debug_rnglists
                0x0000000000000317       0xe1 build/obj/chevents.o
 .debug_rnglists
                0x00000000000003f8      0x112 build/obj/chqueues.o
 .debug_rnglists
                0x000000000000050a       0x25 build/obj/chmemcore.o
 .debug_rnglists
                0x000000000000052f       0x2d build/obj/chheap.o
 .debug_rnglists
                0x000000000000055c       0x2b build/obj/hal.o
 .debug_rnglists
                0x0000000000000587       0x43 build/obj/i2c.o
 .debug_rnglists
                0x00000000000005ca       0x61 build/obj/serial.o
 .debug_rnglists
                0x000000000000062b       0x6d build/obj/spi.o
 .debug_rnglists
                0x0000000000000698       0x43 build/obj/tm.o
 .debug_rnglists
                0x00000000000006db       0x49 build/obj/hal_lld.o
 .debug_rnglists
                0x0000000000000724       0xb9 build/obj/pal_lld.o
 .debug_rnglists
                0x00000000000007dd       0x85 build/obj/serial_lld.o
 .debug_rnglists
                0x0000000000000862       0x61 build/obj/i2c_lld.o
 .debug_rnglists
                0x00000000000008c3       0x88 build/obj/spi_lld.o
 .debug_rnglists
                0x000000000000094b       0x19 build/obj/bcm2835.o
 .debug_rnglists
                0x0000000000000964       0x13 build/obj/board.o
 .debug_rnglists
                0x0000000000000977       0x45 build/obj/chprintf.o
 .debug_rnglists
                0x00000000000009bc       0x19 build/obj/main.o

.debug_line     0x0000000000000000     0x71c4
 .debug_line    0x0000000000000000      0x2cf build/obj/chsys.o
 .debug_line    0x00000000000002cf      0x248 build/obj/chvt.o
 .debug_line    0x0000000000000517      0x8bb build/obj/chschd.o
 .debug_line    0x0000000000000dd2      0x692 build/obj/chthreads.o
 .debug_line    0x0000000000001464      0x24a build/obj/chdynamic.o
 .debug_line    0x00000000000016ae      0x209 build/obj/chregistry.o
 .debug_line    0x00000000000018b7      0x743 build/obj/chmtx.o
 .debug_line    0x0000000000001ffa      0x878 build/obj/chevents.o
 .debug_line    0x0000000000002872      0x8df build/obj/chqueues.o
 .debug_line    0x0000000000003151      0x1e4 build/obj/chmemcore.o
 .debug_line    0x0000000000003335      0x40a build/obj/chheap.o
 .debug_line    0x000000000000373f      0x252 build/obj/hal.o
 .debug_line    0x0000000000003991      0x385 build/obj/i2c.o
 .debug_line    0x0000000000003d16      0x40d build/obj/serial.o
 .debug_line    0x0000000000004123      0x552 build/obj/spi.o
 .debug_line    0x0000000000004675      0x210 build/obj/tm.o
 .debug_line    0x0000000000004885      0x350 build/obj/hal_lld.o
 .debug_line    0x0000000000004bd5      0x3b9 build/obj/pal_lld.o
 .debug_line    0x0000000000004f8e      0x55f build/obj/serial_lld.o
 .debug_line    0x00000000000054ed      0x667 build/obj/i2c_lld.o
 .debug_line    0x0000000000005b54      0x6a9 build/obj/spi_lld.o
 .debug_line    0x00000000000061fd      0x124 build/obj/bcm2835.o
 .debug_line    0x0000000000006321       0x86 build/obj/board.o
 .debug_line    0x00000000000063a7      0x700 build/obj/chprintf.o
 .debug_line    0x0000000000006aa7      0x271 build/obj/main.o
 .debug_line    0x0000000000006d18       0xe4 /usr/lib/gcc/arm-none-eabi/11.2.0/libgcc.a(_arm_muldf3.o)
 .debug_line    0x0000000000006dfc       0x67 /usr/lib/gcc/arm-none-eabi/11.2.0/libgcc.a(_udivsi3.o)
 .debug_line    0x0000000000006e63       0x4a /usr/lib/gcc/arm-none-eabi/11.2.0/libgcc.a(_dvmd_tls.o)
 .debug_line    0x0000000000006ead      0x158 /usr/lib/gcc/arm-none-eabi/11.2.0/libgcc.a(_arm_addsubdf3.o)
 .debug_line    0x0000000000007005       0x60 /usr/lib/gcc/arm-none-eabi/11.2.0/libgcc.a(_arm_fixdfsi.o)
 .debug_line    0x0000000000007065       0x71 /usr/lib/gcc/arm-none-eabi/11.2.0/libgcc.a(_arm_truncdfsf2.o)
 .debug_line    0x00000000000070d6       0x8e /usr/lib/gcc/arm-none-eabi/11.2.0/libgcc.a(_arm_cmpsf2.o)
 .debug_line    0x0000000000007164       0x60 /usr/lib/gcc/arm-none-eabi/11.2.0/libgcc.a(_arm_fixsfsi.o)

.debug_str      0x0000000000000000     0x184d
 .debug_str     0x0000000000000000      0x4d0 build/obj/chsys.o
                                        0x53a (size before relaxing)
 .debug_str     0x00000000000004d0       0x4c build/obj/chvt.o
                                        0x238 (size before relaxing)
 .debug_str     0x000000000000051c      0x112 build/obj/chschd.o
                                        0x49d (size before relaxing)
 .debug_str     0x000000000000062e       0xe6 build/obj/chthreads.o
                                        0x4f6 (size before relaxing)
 .debug_str     0x0000000000000714       0xa5 build/obj/chdynamic.o
                                        0x3de (size before relaxing)
 .debug_str     0x00000000000007b9       0x42 build/obj/chregistry.o
                                        0x471 (size before relaxing)
 .debug_str     0x00000000000007fb       0x8a build/obj/chmtx.o
                                        0x3fd (size before relaxing)
 .debug_str     0x0000000000000885      0x1b9 build/obj/chevents.o
                                        0x521 (size before relaxing)
 .debug_str     0x0000000000000a3e      0x126 build/obj/chqueues.o
                                        0x488 (size before relaxing)
 .debug_str     0x0000000000000b64       0x70 build/obj/chmemcore.o
                                        0x1eb (size before relaxing)
 .debug_str     0x0000000000000bd4       0x48 build/obj/chheap.o
                                        0x3e4 (size before relaxing)
 .debug_str     0x0000000000000c1c       0xb2 build/obj/hal.o
                                        0x23f (size before relaxing)
 .debug_str     0x0000000000000cce      0x226 build/obj/i2c.o
                                        0x55e (size before relaxing)
 .debug_str     0x0000000000000ef4      0x114 build/obj/serial.o
                                        0x584 (size before relaxing)
 .debug_str     0x0000000000001008      0x24b build/obj/spi.o
                                        0x5c6 (size before relaxing)
 .debug_str     0x0000000000001253       0x67 build/obj/tm.o
                                        0x1ea (size before relaxing)
 .debug_str     0x00000000000012ba      0x10a build/obj/hal_lld.o
                                        0x793 (size before relaxing)
 .debug_str     0x00000000000013c4       0xf8 build/obj/pal_lld.o
                                        0x28c (size before relaxing)
 .debug_str     0x00000000000014bc       0x92 build/obj/serial_lld.o
                                        0x576 (size before relaxing)
 .debug_str     0x000000000000154e       0x45 build/obj/i2c_lld.o
                                        0x5e7 (size before relaxing)
 .debug_str     0x0000000000001593       0x54 build/obj/spi_lld.o
                                        0x53d (size before relaxing)
 .debug_str     0x00000000000015e7       0x4b build/obj/bcm2835.o
                                        0x1d4 (size before relaxing)
 .debug_str     0x0000000000001632       0x26 build/obj/board.o
                                        0x19f (size before relaxing)
 .debug_str     0x0000000000001658      0x162 build/obj/chprintf.o
                                        0x307 (size before relaxing)
 .debug_str     0x00000000000017ba       0x23 build/obj/main.o
                                        0x5b0 (size before relaxing)
 .debug_str     0x00000000000017dd       0x57 /usr/lib/gcc/arm-none-eabi/11.2.0/libgcc.a(_arm_muldf3.o)
 .debug_str     0x0000000000001834        0xc /usr/lib/gcc/arm-none-eabi/11.2.0/libgcc.a(_udivsi3.o)
                                         0x56 (size before relaxing)
 .debug_str     0x0000000000001840       0x56 /usr/lib/gcc/arm-none-eabi/11.2.0/libgcc.a(_dvmd_tls.o)
 .debug_str     0x0000000000001840       0x57 /usr/lib/gcc/arm-none-eabi/11.2.0/libgcc.a(_arm_addsubdf3.o)
 .debug_str     0x0000000000001840       0x57 /usr/lib/gcc/arm-none-eabi/11.2.0/libgcc.a(_arm_fixdfsi.o)
 .debug_str     0x0000000000001840       0x57 /usr/lib/gcc/arm-none-eabi/11.2.0/libgcc.a(_arm_truncdfsf2.o)
 .debug_str     0x0000000000001840        0xd /usr/lib/gcc/arm-none-eabi/11.2.0/libgcc.a(_arm_cmpsf2.o)
                                         0x57 (size before relaxing)
 .debug_str     0x000000000000184d       0x57 /usr/lib/gcc/arm-none-eabi/11.2.0/libgcc.a(_arm_fixsfsi.o)

.debug_frame    0x0000000000000000     0x1300
 .debug_frame   0x0000000000000000       0x58 build/obj/chsys.o
 .debug_frame   0x0000000000000058       0x58 build/obj/chvt.o
 .debug_frame   0x00000000000000b0      0x118 build/obj/chschd.o
 .debug_frame   0x00000000000001c8      0x14c build/obj/chthreads.o
 .debug_frame   0x0000000000000314       0x54 build/obj/chdynamic.o
 .debug_frame   0x0000000000000368       0x38 build/obj/chregistry.o
 .debug_frame   0x00000000000003a0       0xcc build/obj/chmtx.o
 .debug_frame   0x000000000000046c      0x1b4 build/obj/chevents.o
 .debug_frame   0x0000000000000620      0x12c build/obj/chqueues.o
 .debug_frame   0x000000000000074c       0x50 build/obj/chmemcore.o
 .debug_frame   0x000000000000079c       0x8c build/obj/chheap.o
 .debug_frame   0x0000000000000828       0x4c build/obj/hal.o
 .debug_frame   0x0000000000000874       0xd0 build/obj/i2c.o
 .debug_frame   0x0000000000000944      0x134 build/obj/serial.o
 .debug_frame   0x0000000000000a78      0x170 build/obj/spi.o
 .debug_frame   0x0000000000000be8       0x60 build/obj/tm.o
 .debug_frame   0x0000000000000c48       0x78 build/obj/hal_lld.o
 .debug_frame   0x0000000000000cc0       0x60 build/obj/pal_lld.o
 .debug_frame   0x0000000000000d20       0xd4 build/obj/serial_lld.o
 .debug_frame   0x0000000000000df4       0xe4 build/obj/i2c_lld.o
 .debug_frame   0x0000000000000ed8       0xfc build/obj/spi_lld.o
 .debug_frame   0x0000000000000fd4       0x38 build/obj/bcm2835.o
 .debug_frame   0x000000000000100c       0x20 build/obj/board.o
 .debug_frame   0x000000000000102c       0x5c build/obj/chprintf.o
 .debug_frame   0x0000000000001088       0x48 build/obj/main.o
 .debug_frame   0x00000000000010d0       0x30 /usr/lib/gcc/arm-none-eabi/11.2.0/libgcc.a(_arm_muldf3.o)
 .debug_frame   0x0000000000001100       0x20 /usr/lib/gcc/arm-none-eabi/11.2.0/libgcc.a(_udivsi3.o)
 .debug_frame   0x0000000000001120       0xac /usr/lib/gcc/arm-none-eabi/11.2.0/libgcc.a(_arm_addsubdf3.o)
 .debug_frame   0x00000000000011cc       0x24 /usr/lib/gcc/arm-none-eabi/11.2.0/libgcc.a(_arm_fixdfsi.o)
 .debug_frame   0x00000000000011f0       0x24 /usr/lib/gcc/arm-none-eabi/11.2.0/libgcc.a(_arm_truncdfsf2.o)
 .debug_frame   0x0000000000001214       0xc8 /usr/lib/gcc/arm-none-eabi/11.2.0/libgcc.a(_arm_cmpsf2.o)
 .debug_frame   0x00000000000012dc       0x24 /usr/lib/gcc/arm-none-eabi/11.2.0/libgcc.a(_arm_fixsfsi.o)

.debug_line_str
                0x0000000000000000       0x60
 .debug_line_str
                0x0000000000000000       0x47 /usr/lib/gcc/arm-none-eabi/11.2.0/libgcc.a(_arm_muldf3.o)
                                         0x8e (size before relaxing)
 .debug_line_str
                0x0000000000000047        0xc /usr/lib/gcc/arm-none-eabi/11.2.0/libgcc.a(_udivsi3.o)
                                         0x8c (size before relaxing)
 .debug_line_str
                0x0000000000000053       0x8c /usr/lib/gcc/arm-none-eabi/11.2.0/libgcc.a(_dvmd_tls.o)
 .debug_line_str
                0x0000000000000053       0x8e /usr/lib/gcc/arm-none-eabi/11.2.0/libgcc.a(_arm_addsubdf3.o)
 .debug_line_str
                0x0000000000000053       0x8e /usr/lib/gcc/arm-none-eabi/11.2.0/libgcc.a(_arm_fixdfsi.o)
 .debug_line_str
                0x0000000000000053       0x8e /usr/lib/gcc/arm-none-eabi/11.2.0/libgcc.a(_arm_truncdfsf2.o)
 .debug_line_str
                0x0000000000000053        0xd /usr/lib/gcc/arm-none-eabi/11.2.0/libgcc.a(_arm_cmpsf2.o)
                                         0x8e (size before relaxing)
 .debug_line_str
                0x0000000000000060       0x8e /usr/lib/gcc/arm-none-eabi/11.2.0/libgcc.a(_arm_fixsfsi.o)

Cross Reference Table

Symbol                                            File
AbortHandler                                      build/obj/vectors.o
FiqHandler                                        build/obj/vectors.o
I2C0                                              build/obj/i2c_lld.o
                                                  build/obj/hal_lld.o
I2C1                                              build/obj/i2c_lld.o
IOPORT0                                           build/obj/pal_lld.o
                                                  build/obj/main.o
IOPORT1                                           build/obj/pal_lld.o
IrqHandler                                        build/obj/hal_lld.o
                                                  build/obj/vectors.o
PrefetchHandler                                   build/obj/vectors.o
ResetHandler                                      build/obj/crt0.o
                                                  build/obj/vectors.o
SD1                                               build/obj/serial_lld.o
                                                  build/obj/main.o
                                                  build/obj/hal_lld.o
SPI0                                              build/obj/spi_lld.o
                                                  build/obj/hal_lld.o
SwiHandler                                        build/obj/vectors.o
TestThread                                        build/obj/test.o
UndHandler                                        build/obj/vectors.o
__abt_stack_size__                                build/obj/crt0.o
__adddf3                                          /usr/lib/gcc/arm-none-eabi/11.2.0/libgcc.a(_arm_addsubdf3.o)
__aeabi_cfcmpeq                                   /usr/lib/gcc/arm-none-eabi/11.2.0/libgcc.a(_arm_cmpsf2.o)
__aeabi_cfcmple                                   /usr/lib/gcc/arm-none-eabi/11.2.0/libgcc.a(_arm_cmpsf2.o)
__aeabi_cfrcmple                                  /usr/lib/gcc/arm-none-eabi/11.2.0/libgcc.a(_arm_cmpsf2.o)
__aeabi_d2f                                       /usr/lib/gcc/arm-none-eabi/11.2.0/libgcc.a(_arm_truncdfsf2.o)
                                                  build/obj/chprintf.o
__aeabi_d2iz                                      /usr/lib/gcc/arm-none-eabi/11.2.0/libgcc.a(_arm_fixdfsi.o)
                                                  build/obj/chprintf.o
__aeabi_dadd                                      /usr/lib/gcc/arm-none-eabi/11.2.0/libgcc.a(_arm_addsubdf3.o)
__aeabi_dmul                                      /usr/lib/gcc/arm-none-eabi/11.2.0/libgcc.a(_arm_muldf3.o)
                                                  build/obj/chprintf.o
__aeabi_drsub                                     /usr/lib/gcc/arm-none-eabi/11.2.0/libgcc.a(_arm_addsubdf3.o)
__aeabi_dsub                                      /usr/lib/gcc/arm-none-eabi/11.2.0/libgcc.a(_arm_addsubdf3.o)
                                                  build/obj/chprintf.o
__aeabi_f2d                                       /usr/lib/gcc/arm-none-eabi/11.2.0/libgcc.a(_arm_addsubdf3.o)
                                                  build/obj/chprintf.o
__aeabi_f2iz                                      /usr/lib/gcc/arm-none-eabi/11.2.0/libgcc.a(_arm_fixsfsi.o)
                                                  build/obj/chprintf.o
__aeabi_fcmpeq                                    /usr/lib/gcc/arm-none-eabi/11.2.0/libgcc.a(_arm_cmpsf2.o)
__aeabi_fcmpge                                    /usr/lib/gcc/arm-none-eabi/11.2.0/libgcc.a(_arm_cmpsf2.o)
__aeabi_fcmpgt                                    /usr/lib/gcc/arm-none-eabi/11.2.0/libgcc.a(_arm_cmpsf2.o)
__aeabi_fcmple                                    /usr/lib/gcc/arm-none-eabi/11.2.0/libgcc.a(_arm_cmpsf2.o)
__aeabi_fcmplt                                    /usr/lib/gcc/arm-none-eabi/11.2.0/libgcc.a(_arm_cmpsf2.o)
                                                  build/obj/chprintf.o
__aeabi_i2d                                       /usr/lib/gcc/arm-none-eabi/11.2.0/libgcc.a(_arm_addsubdf3.o)
                                                  build/obj/chprintf.o
__aeabi_idiv0                                     /usr/lib/gcc/arm-none-eabi/11.2.0/libgcc.a(_dvmd_tls.o)
                                                  /usr/lib/gcc/arm-none-eabi/11.2.0/libgcc.a(_udivsi3.o)
__aeabi_l2d                                       /usr/lib/gcc/arm-none-eabi/11.2.0/libgcc.a(_arm_addsubdf3.o)
__aeabi_ldiv0                                     /usr/lib/gcc/arm-none-eabi/11.2.0/libgcc.a(_dvmd_tls.o)
__aeabi_ui2d                                      /usr/lib/gcc/arm-none-eabi/11.2.0/libgcc.a(_arm_addsubdf3.o)
__aeabi_uidiv                                     /usr/lib/gcc/arm-none-eabi/11.2.0/libgcc.a(_udivsi3.o)
                                                  build/obj/i2c_lld.o
                                                  build/obj/serial_lld.o
__aeabi_uidivmod                                  /usr/lib/gcc/arm-none-eabi/11.2.0/libgcc.a(_udivsi3.o)
                                                  build/obj/chprintf.o
__aeabi_ul2d                                      /usr/lib/gcc/arm-none-eabi/11.2.0/libgcc.a(_arm_addsubdf3.o)
__cmpsf2                                          /usr/lib/gcc/arm-none-eabi/11.2.0/libgcc.a(_arm_cmpsf2.o)
__early_init                                      build/obj/vectors.o
                                                  build/obj/crt0.o
__eqsf2                                           /usr/lib/gcc/arm-none-eabi/11.2.0/libgcc.a(_arm_cmpsf2.o)
__extendsfdf2                                     /usr/lib/gcc/arm-none-eabi/11.2.0/libgcc.a(_arm_addsubdf3.o)
__fiq_stack_size__                                build/obj/crt0.o
__fixdfsi                                         /usr/lib/gcc/arm-none-eabi/11.2.0/libgcc.a(_arm_fixdfsi.o)
__fixsfsi                                         /usr/lib/gcc/arm-none-eabi/11.2.0/libgcc.a(_arm_fixsfsi.o)
__floatdidf                                       /usr/lib/gcc/arm-none-eabi/11.2.0/libgcc.a(_arm_addsubdf3.o)
__floatsidf                                       /usr/lib/gcc/arm-none-eabi/11.2.0/libgcc.a(_arm_addsubdf3.o)
__floatundidf                                     /usr/lib/gcc/arm-none-eabi/11.2.0/libgcc.a(_arm_addsubdf3.o)
__floatunsidf                                     /usr/lib/gcc/arm-none-eabi/11.2.0/libgcc.a(_arm_addsubdf3.o)
__gesf2                                           /usr/lib/gcc/arm-none-eabi/11.2.0/libgcc.a(_arm_cmpsf2.o)
__gtsf2                                           /usr/lib/gcc/arm-none-eabi/11.2.0/libgcc.a(_arm_cmpsf2.o)
__heap_base__                                     build/obj/chmemcore.o
__heap_end__                                      build/obj/chmemcore.o
__irq_stack_size__                                build/obj/crt0.o
__lesf2                                           /usr/lib/gcc/arm-none-eabi/11.2.0/libgcc.a(_arm_cmpsf2.o)
__ltsf2                                           /usr/lib/gcc/arm-none-eabi/11.2.0/libgcc.a(_arm_cmpsf2.o)
__muldf3                                          /usr/lib/gcc/arm-none-eabi/11.2.0/libgcc.a(_arm_muldf3.o)
__nesf2                                           /usr/lib/gcc/arm-none-eabi/11.2.0/libgcc.a(_arm_cmpsf2.o)
__ram_end__                                       build/obj/crt0.o
__subdf3                                          /usr/lib/gcc/arm-none-eabi/11.2.0/libgcc.a(_arm_addsubdf3.o)
__svc_stack_size__                                build/obj/crt0.o
__truncdfsf2                                      /usr/lib/gcc/arm-none-eabi/11.2.0/libgcc.a(_arm_truncdfsf2.o)
__udivsi3                                         /usr/lib/gcc/arm-none-eabi/11.2.0/libgcc.a(_udivsi3.o)
__und_stack_size__                                build/obj/crt0.o
_bss_end                                          build/obj/crt0.o
_bss_start                                        build/obj/crt0.o
_core_init                                        build/obj/chmemcore.o
                                                  build/obj/chsys.o
_ctype_                                           /usr/lib/gcc/arm-none-eabi/11.2.0/../../../../arm-none-eabi/lib/libc.a(lib_a-ctype_.o)
                                                  /usr/lib/gcc/arm-none-eabi/11.2.0/../../../../arm-none-eabi/lib/libc.a(lib_a-strcasecmp.o)
_heap_init                                        build/obj/chheap.o
                                                  build/obj/chsys.o
_idle_thread                                      build/obj/chsys.o
_idle_thread_wa                                   build/obj/chsys.o
_main_exit_handler                                build/obj/crt0.o
_pal_lld_init                                     build/obj/pal_lld.o
                                                  build/obj/hal.o
_pal_lld_setgroupmode                             build/obj/pal_lld.o
                                                  build/obj/main.o
                                                  build/obj/pal.o
_pal_lld_writeport                                build/obj/pal_lld.o
                                                  build/obj/main.o
                                                  build/obj/pal.o
_port_irq_common                                  build/obj/chcoreasm.o
                                                  build/obj/hal_lld.o
_port_switch_arm                                  build/obj/chcoreasm.o
                                                  build/obj/chschd.o
_port_thread_start                                build/obj/chcoreasm.o
                                                  build/obj/chthreads.o
_scheduler_init                                   build/obj/chschd.o
                                                  build/obj/chsys.o
_test_assert                                      build/obj/test.o
                                                  build/obj/testqueues.o
                                                  build/obj/testdyn.o
                                                  build/obj/testheap.o
                                                  build/obj/testevt.o
                                                  build/obj/testmbox.o
                                                  build/obj/testmtx.o
                                                  build/obj/testsem.o
                                                  build/obj/testthd.o
_test_assert_sequence                             build/obj/test.o
                                                  build/obj/testqueues.o
                                                  build/obj/testdyn.o
                                                  build/obj/testevt.o
                                                  build/obj/testmbox.o
                                                  build/obj/testmsg.o
                                                  build/obj/testmtx.o
                                                  build/obj/testsem.o
                                                  build/obj/testthd.o
_test_assert_time_window                          build/obj/test.o
                                                  build/obj/testevt.o
                                                  build/obj/testmtx.o
                                                  build/obj/testsem.o
                                                  build/obj/testthd.o
_test_fail                                        build/obj/test.o
_thread_init                                      build/obj/chthreads.o
                                                  build/obj/chsys.o
_unhandled_exception                              build/obj/vectors.o
_vt_init                                          build/obj/chvt.o
                                                  build/obj/chsys.o
arm_enable_irq                                    build/obj/vectors.o
bcm2835_delay                                     build/obj/bcm2835.o
                                                  build/obj/serial_lld.o
                                                  build/obj/pal_lld.o
bcm2835_gpio_fnsel                                build/obj/bcm2835.o
                                                  build/obj/spi_lld.o
                                                  build/obj/i2c_lld.o
                                                  build/obj/serial_lld.o
                                                  build/obj/pal_lld.o
boardInit                                         build/obj/board.o
                                                  build/obj/hal.o
chCondBroadcast                                   build/obj/chcond.o
                                                  build/obj/testmtx.o
chCondBroadcastI                                  build/obj/chcond.o
chCondInit                                        build/obj/chcond.o
                                                  build/obj/testmtx.o
chCondSignal                                      build/obj/chcond.o
                                                  build/obj/testmtx.o
chCondSignalI                                     build/obj/chcond.o
                                                  build/obj/testmtx.o
chCondWait                                        build/obj/chcond.o
                                                  build/obj/testmtx.o
chCondWaitS                                       build/obj/chcond.o
chCondWaitTimeout                                 build/obj/chcond.o
                                                  build/obj/testmtx.o
chCondWaitTimeoutS                                build/obj/chcond.o
chCoreAlloc                                       build/obj/chmemcore.o
                                                  build/obj/chheap.o
chCoreAllocI                                      build/obj/chmemcore.o
chCoreStatus                                      build/obj/chmemcore.o
                                                  build/obj/testheap.o
chEvtAddEvents                                    build/obj/chevents.o
                                                  build/obj/testevt.o
chEvtBroadcastFlags                               build/obj/chevents.o
                                                  build/obj/testevt.o
chEvtBroadcastFlagsI                              build/obj/chevents.o
                                                  build/obj/shell.o
                                                  build/obj/serial.o
chEvtDispatch                                     build/obj/chevents.o
                                                  build/obj/testevt.o
chEvtGetAndClearEvents                            build/obj/chevents.o
                                                  build/obj/testevt.o
chEvtGetAndClearFlags                             build/obj/chevents.o
chEvtGetAndClearFlagsI                            build/obj/chevents.o
chEvtRegisterMask                                 build/obj/chevents.o
                                                  build/obj/testevt.o
chEvtSignal                                       build/obj/chevents.o
                                                  build/obj/testevt.o
chEvtSignalI                                      build/obj/chevents.o
chEvtUnregister                                   build/obj/chevents.o
                                                  build/obj/testevt.o
chEvtWaitAll                                      build/obj/chevents.o
                                                  build/obj/testevt.o
chEvtWaitAllTimeout                               build/obj/chevents.o
                                                  build/obj/testevt.o
chEvtWaitAny                                      build/obj/chevents.o
                                                  build/obj/testevt.o
chEvtWaitAnyTimeout                               build/obj/chevents.o
                                                  build/obj/testevt.o
chEvtWaitOne                                      build/obj/chevents.o
                                                  build/obj/testevt.o
chEvtWaitOneTimeout                               build/obj/chevents.o
                                                  build/obj/testevt.o
chHeapAlloc                                       build/obj/chheap.o
                                                  build/obj/testdyn.o
                                                  build/obj/testheap.o
                                                  build/obj/chdynamic.o
chHeapFree                                        build/obj/chheap.o
                                                  build/obj/testdyn.o
                                                  build/obj/testheap.o
                                                  build/obj/chdynamic.o
chHeapInit                                        build/obj/chheap.o
                                                  build/obj/testdyn.o
                                                  build/obj/testheap.o
chHeapStatus                                      build/obj/chheap.o
                                                  build/obj/testdyn.o
                                                  build/obj/testheap.o
chIQGetTimeout                                    build/obj/chqueues.o
                                                  build/obj/serial.o
                                                  build/obj/testbmk.o
                                                  build/obj/testqueues.o
chIQInit                                          build/obj/chqueues.o
                                                  build/obj/serial.o
                                                  build/obj/testbmk.o
                                                  build/obj/testqueues.o
chIQPutI                                          build/obj/chqueues.o
                                                  build/obj/serial.o
                                                  build/obj/testbmk.o
                                                  build/obj/testqueues.o
chIQReadTimeout                                   build/obj/chqueues.o
                                                  build/obj/serial.o
                                                  build/obj/testqueues.o
chIQResetI                                        build/obj/chqueues.o
                                                  build/obj/serial.o
                                                  build/obj/testqueues.o
chMBFetch                                         build/obj/chmboxes.o
                                                  build/obj/testmbox.o
chMBFetchI                                        build/obj/chmboxes.o
                                                  build/obj/testmbox.o
chMBFetchS                                        build/obj/chmboxes.o
chMBInit                                          build/obj/chmboxes.o
                                                  build/obj/testmbox.o
chMBPost                                          build/obj/chmboxes.o
                                                  build/obj/testmbox.o
chMBPostAhead                                     build/obj/chmboxes.o
                                                  build/obj/testmbox.o
chMBPostAheadI                                    build/obj/chmboxes.o
                                                  build/obj/testmbox.o
chMBPostAheadS                                    build/obj/chmboxes.o
chMBPostI                                         build/obj/chmboxes.o
                                                  build/obj/testmbox.o
chMBPostS                                         build/obj/chmboxes.o
chMBReset                                         build/obj/chmboxes.o
                                                  build/obj/testmbox.o
chMsgRelease                                      build/obj/chmsg.o
                                                  build/obj/testbmk.o
                                                  build/obj/testmsg.o
chMsgSend                                         build/obj/chmsg.o
                                                  build/obj/testbmk.o
                                                  build/obj/testmsg.o
chMsgWait                                         build/obj/chmsg.o
                                                  build/obj/testbmk.o
                                                  build/obj/testmsg.o
chMtxInit                                         build/obj/chmtx.o
                                                  build/obj/spi.o
                                                  build/obj/i2c.o
                                                  build/obj/testbmk.o
                                                  build/obj/testmtx.o
                                                  build/obj/chheap.o
chMtxLock                                         build/obj/chmtx.o
                                                  build/obj/spi.o
                                                  build/obj/i2c.o
                                                  build/obj/testbmk.o
                                                  build/obj/testmtx.o
                                                  build/obj/chheap.o
chMtxLockS                                        build/obj/chmtx.o
                                                  build/obj/chcond.o
chMtxTryLock                                      build/obj/chmtx.o
                                                  build/obj/testmtx.o
chMtxTryLockS                                     build/obj/chmtx.o
chMtxUnlock                                       build/obj/chmtx.o
                                                  build/obj/spi.o
                                                  build/obj/i2c.o
                                                  build/obj/testbmk.o
                                                  build/obj/testmtx.o
                                                  build/obj/chheap.o
chMtxUnlockAll                                    build/obj/chmtx.o
                                                  build/obj/testmtx.o
chMtxUnlockS                                      build/obj/chmtx.o
                                                  build/obj/testmtx.o
                                                  build/obj/chcond.o
chOQGetI                                          build/obj/chqueues.o
                                                  build/obj/serial.o
                                                  build/obj/testqueues.o
chOQInit                                          build/obj/chqueues.o
                                                  build/obj/serial.o
                                                  build/obj/testqueues.o
chOQPutTimeout                                    build/obj/chqueues.o
                                                  build/obj/serial.o
                                                  build/obj/testqueues.o
chOQResetI                                        build/obj/chqueues.o
                                                  build/obj/serial.o
                                                  build/obj/testqueues.o
chOQWriteTimeout                                  build/obj/chqueues.o
                                                  build/obj/serial.o
                                                  build/obj/testqueues.o
chRegFirstThread                                  build/obj/chregistry.o
                                                  build/obj/testdyn.o
chRegNextThread                                   build/obj/chregistry.o
                                                  build/obj/testdyn.o
chSchDoReschedule                                 build/obj/chschd.o
                                                  build/obj/chcoreasm.o
chSchDoRescheduleAhead                            build/obj/chschd.o
chSchDoRescheduleBehind                           build/obj/chschd.o
                                                  build/obj/chthreads.o
chSchGoSleepS                                     build/obj/chschd.o
                                                  build/obj/i2c_lld.o
                                                  build/obj/spi.o
                                                  build/obj/testbmk.o
                                                  build/obj/chmsg.o
                                                  build/obj/chevents.o
                                                  build/obj/chcond.o
                                                  build/obj/chmtx.o
                                                  build/obj/chsem.o
                                                  build/obj/chthreads.o
chSchGoSleepTimeoutS                              build/obj/chschd.o
                                                  build/obj/chqueues.o
                                                  build/obj/chevents.o
                                                  build/obj/chcond.o
                                                  build/obj/chsem.o
                                                  build/obj/chthreads.o
chSchIsPreemptionRequired                         build/obj/chschd.o
                                                  build/obj/chcoreasm.o
chSchReadyI                                       build/obj/chschd.o
                                                  build/obj/spi_lld.o
                                                  build/obj/i2c_lld.o
                                                  build/obj/chqueues.o
                                                  build/obj/chmsg.o
                                                  build/obj/chevents.o
                                                  build/obj/chcond.o
                                                  build/obj/chmtx.o
                                                  build/obj/chsem.o
                                                  build/obj/chthreads.o
chSchRescheduleS                                  build/obj/chschd.o
                                                  build/obj/serial.o
                                                  build/obj/testmtx.o
                                                  build/obj/testsem.o
                                                  build/obj/chmboxes.o
                                                  build/obj/chevents.o
                                                  build/obj/chcond.o
                                                  build/obj/chmtx.o
                                                  build/obj/chsem.o
                                                  build/obj/chthreads.o
chSchWakeupS                                      build/obj/chschd.o
                                                  build/obj/testbmk.o
                                                  build/obj/chmsg.o
                                                  build/obj/chcond.o
                                                  build/obj/chmtx.o
                                                  build/obj/chsem.o
                                                  build/obj/chdynamic.o
                                                  build/obj/chthreads.o
chSemAddCounterI                                  build/obj/chsem.o
                                                  build/obj/testsem.o
chSemInit                                         build/obj/chsem.o
                                                  build/obj/testbmk.o
                                                  build/obj/testsem.o
                                                  build/obj/chmboxes.o
chSemReset                                        build/obj/chsem.o
                                                  build/obj/testbmk.o
                                                  build/obj/testsem.o
chSemResetI                                       build/obj/chsem.o
                                                  build/obj/chmboxes.o
chSemSignal                                       build/obj/chsem.o
                                                  build/obj/testbmk.o
                                                  build/obj/testsem.o
chSemSignalI                                      build/obj/chsem.o
                                                  build/obj/testsem.o
                                                  build/obj/chmboxes.o
chSemSignalWait                                   build/obj/chsem.o
                                                  build/obj/testsem.o
chSemWait                                         build/obj/chsem.o
                                                  build/obj/testbmk.o
                                                  build/obj/testsem.o
chSemWaitS                                        build/obj/chsem.o
chSemWaitTimeout                                  build/obj/chsem.o
                                                  build/obj/testsem.o
chSemWaitTimeoutS                                 build/obj/chsem.o
                                                  build/obj/chmboxes.o
chSysInit                                         build/obj/chsys.o
                                                  build/obj/main.o
chSysTimerHandlerI                                build/obj/chsys.o
                                                  build/obj/hal_lld.o
chThdAddRef                                       build/obj/chdynamic.o
                                                  build/obj/testdyn.o
chThdCreateFromHeap                               build/obj/chdynamic.o
                                                  build/obj/shell.o
                                                  build/obj/testdyn.o
chThdCreateI                                      build/obj/chthreads.o
                                                  build/obj/testthd.o
                                                  build/obj/chdynamic.o
chThdCreateStatic                                 build/obj/chthreads.o
                                                  build/obj/main.o
                                                  build/obj/shell.o
                                                  build/obj/testbmk.o
                                                  build/obj/testqueues.o
                                                  build/obj/testevt.o
                                                  build/obj/testmsg.o
                                                  build/obj/testmtx.o
                                                  build/obj/testsem.o
                                                  build/obj/testthd.o
                                                  build/obj/chsys.o
chThdExit                                         build/obj/chthreads.o
                                                  build/obj/chcoreasm.o
chThdExitS                                        build/obj/chthreads.o
                                                  build/obj/shell.o
chThdRelease                                      build/obj/chdynamic.o
                                                  build/obj/testdyn.o
                                                  build/obj/chregistry.o
                                                  build/obj/chthreads.o
chThdResume                                       build/obj/chthreads.o
                                                  build/obj/testthd.o
chThdSetPriority                                  build/obj/chthreads.o
                                                  build/obj/testthd.o
chThdSleep                                        build/obj/chthreads.o
                                                  build/obj/main.o
                                                  build/obj/testbmk.o
                                                  build/obj/testdyn.o
                                                  build/obj/testevt.o
                                                  build/obj/testmtx.o
                                                  build/obj/testsem.o
                                                  build/obj/testthd.o
                                                  build/obj/test.o
chThdSleepUntil                                   build/obj/chthreads.o
                                                  build/obj/testthd.o
chThdTerminate                                    build/obj/chthreads.o
                                                  build/obj/test.o
chThdWait                                         build/obj/chthreads.o
                                                  build/obj/main.o
                                                  build/obj/testbmk.o
                                                  build/obj/test.o
chThdYield                                        build/obj/chthreads.o
                                                  build/obj/testbmk.o
chTimeIsWithin                                    build/obj/chvt.o
                                                  build/obj/test.o
chVTResetI                                        build/obj/chvt.o
                                                  build/obj/i2c_lld.o
                                                  build/obj/testbmk.o
                                                  build/obj/chschd.o
chVTSetI                                          build/obj/chvt.o
                                                  build/obj/i2c_lld.o
                                                  build/obj/testbmk.o
                                                  build/obj/test.o
                                                  build/obj/chschd.o
ch_debug                                          build/obj/chregistry.o
                                                  build/obj/chsys.o
chprintf                                          build/obj/chprintf.o
                                                  build/obj/main.o
                                                  build/obj/shell.o
delayMicroseconds                                 build/obj/hal_lld.o
get_cpsr                                          build/obj/vectors.o
halInit                                           build/obj/hal.o
                                                  build/obj/main.o
halIsCounterWithin                                build/obj/hal.o
halPolledDelay                                    build/obj/hal.o
hal_lld_init                                      build/obj/hal_lld.o
                                                  build/obj/hal.o
i2cAcquireBus                                     build/obj/i2c.o
i2cGetErrors                                      build/obj/i2c.o
i2cInit                                           build/obj/i2c.o
                                                  build/obj/hal.o
i2cMasterReceiveTimeout                           build/obj/i2c.o
i2cMasterTransmitTimeout                          build/obj/i2c.o
i2cObjectInit                                     build/obj/i2c.o
                                                  build/obj/i2c_lld.o
i2cReleaseBus                                     build/obj/i2c.o
i2cStart                                          build/obj/i2c.o
i2cStop                                           build/obj/i2c.o
i2c_lld_init                                      build/obj/i2c_lld.o
                                                  build/obj/i2c.o
i2c_lld_master_receive_timeout                    build/obj/i2c_lld.o
                                                  build/obj/i2c.o
i2c_lld_master_transmit_timeout                   build/obj/i2c_lld.o
                                                  build/obj/i2c.o
i2c_lld_serve_interrupt                           build/obj/i2c_lld.o
                                                  build/obj/hal_lld.o
i2c_lld_start                                     build/obj/i2c_lld.o
                                                  build/obj/i2c.o
i2c_lld_stop                                      build/obj/i2c_lld.o
                                                  build/obj/i2c.o
main                                              build/obj/main.o
                                                  build/obj/crt0.o
mini_uart_recv                                    build/obj/serial_lld.o
mini_uart_send                                    build/obj/serial_lld.o
mini_uart_sendhex                                 build/obj/serial_lld.o
mini_uart_sendstr                                 build/obj/serial_lld.o
palReadBus                                        build/obj/pal.o
palSetBusMode                                     build/obj/pal.o
palWriteBus                                       build/obj/pal.o
pal_default_config                                build/obj/board.o
                                                  build/obj/hal.o
patternbmk                                        build/obj/testbmk.o
                                                  build/obj/test.o
patterndyn                                        build/obj/testdyn.o
                                                  build/obj/test.o
patternevt                                        build/obj/testevt.o
                                                  build/obj/test.o
patternheap                                       build/obj/testheap.o
                                                  build/obj/test.o
patternmbox                                       build/obj/testmbox.o
                                                  build/obj/test.o
patternmsg                                        build/obj/testmsg.o
                                                  build/obj/test.o
patternmtx                                        build/obj/testmtx.o
                                                  build/obj/test.o
patternpools                                      build/obj/testpools.o
                                                  build/obj/test.o
patternqueues                                     build/obj/testqueues.o
                                                  build/obj/test.o
patternsem                                        build/obj/testsem.o
                                                  build/obj/test.o
patternthd                                        build/obj/testthd.o
                                                  build/obj/test.o
port_halt                                         build/obj/chcore.o
rlist                                             build/obj/chschd.o
                                                  build/obj/main.o
                                                  build/obj/shell.o
                                                  build/obj/i2c_lld.o
                                                  build/obj/spi.o
                                                  build/obj/testbmk.o
                                                  build/obj/testqueues.o
                                                  build/obj/testdyn.o
                                                  build/obj/testevt.o
                                                  build/obj/testmsg.o
                                                  build/obj/testmtx.o
                                                  build/obj/testsem.o
                                                  build/obj/testthd.o
                                                  build/obj/test.o
                                                  build/obj/chqueues.o
                                                  build/obj/chmsg.o
                                                  build/obj/chevents.o
                                                  build/obj/chcond.o
                                                  build/obj/chmtx.o
                                                  build/obj/chsem.o
                                                  build/obj/chregistry.o
                                                  build/obj/chthreads.o
                                                  build/obj/chsys.o
sdIncomingDataI                                   build/obj/serial.o
                                                  build/obj/serial_lld.o
sdInit                                            build/obj/serial.o
                                                  build/obj/hal.o
sdObjectInit                                      build/obj/serial.o